15.44.54 >>> Project ifc-hydro:
15.44.54 >>> New run started at 13/01/2026 15:44:54.
15.44.54 !!!
15.44.54 > Creating topology...
15.44.54 > Topology created with 3 paths...
15.44.54 !!!
15.44.54 > Getting available pressure at sanitary terminal with ID 6986...
15.44.54 > Tank height: 3.895 m
15.44.54 > Terminal height: 0.9 m
15.44.54 > Initial pressure from gravity potential: 2.995 m
15.44.54 !!!
15.44.54 > Getting local pressure drop for connection with ID 17772...
15.44.54 > Getting fitting properties for fitting with ID 17772...
15.44.54 > Fitting properties:
15.44.54 > {'dim': (0.025, 0.025), 'dir': {'incoming_unit_vector': (0.0, 1.0, 0.0), 'outgoing_unit_vector': (0.0, 0.0, -1.0), 'direction_change_angle': 90.0}, 'type': 'EXIT'}
15.44.54 > Local pressure drop: 0.005 m
15.44.54 > Pressure after component ID 17772: 2.99 m
15.44.54 !!!
15.44.54 > Getting pipe properties for pipe with ID 7037...
15.44.54 > Pipe properties:
15.44.54 > {'len': 0.419, 'dim': 0.0278}
15.44.54 > Getting linear pressure drop for pipe with ID 7037...
15.44.54 > Linear pressure drop: 0.002 m
15.44.54 > Pressure after component ID 7037: 2.988 m
15.44.54 !!!
15.44.54 > Getting local pressure drop for connection with ID 7020...
15.44.54 > Getting fitting properties for fitting with ID 7020...
15.44.54 > Fitting properties:
15.44.54 > {'dim': (0.025, 0.025), 'dir': {'incoming_unit_vector': (1.0, 0.0, 0.0), 'outgoing_unit_vector': (1.0, 0.0, 0.0), 'direction_change_angle': 0.0}, 'type': 'JUNCTION'}
15.44.54 > Local pressure drop: 0.035 m
15.44.54 > Pressure after component ID 7020: 2.953 m
15.44.54 !!!
15.44.54 > Getting pipe properties for pipe with ID 6962...
15.44.54 > Pipe properties:
15.44.54 > {'len': 0.118, 'dim': 0.0278}
15.44.54 > Getting linear pressure drop for pipe with ID 6962...
15.44.54 > Linear pressure drop: 0.002 m
15.44.54 > Pressure after component ID 6962: 2.952 m
15.44.54 !!!
15.44.54 > Getting local pressure drop for connection with ID 6943...
15.44.54 > Getting fitting properties for fitting with ID 6943...
15.44.54 > Fitting properties:
15.44.54 > {'dim': (0.025, 0.025), 'dir': {'incoming_unit_vector': (1.0, 0.0, 0.0), 'outgoing_unit_vector': (0.0, 0.0, 1.0), 'direction_change_angle': 90.0}, 'type': 'JUNCTION'}
15.44.54 > Local pressure drop: 0.085 m
15.44.54 > Pressure after component ID 6943: 2.867 m
15.44.54 !!!
15.44.54 > Getting pipe properties for pipe with ID 4574...
15.44.54 > Pipe properties:
15.44.54 > {'len': 0.87, 'dim': 0.0278}
15.44.54 > Getting linear pressure drop for pipe with ID 4574...
15.44.54 > Linear pressure drop: 0.031 m
15.44.54 > Pressure after component ID 4574: 2.836 m
15.44.54 !!!
15.44.54 > Getting local pressure drop for connection with ID 8087...
15.44.54 > Getting valve properties for valve with ID 8087...
15.44.54 > Valve properties:
15.44.54 > {'dim': (0.025, 0.025), 'dir': {'incoming_unit_vector': (-0.0, -0.0, 1.0), 'outgoing_unit_vector': (0.0, 0.0, 1.0), 'direction_change_angle': 0.0}, 'type': 'ISOLATING'}
15.44.54 > Local pressure drop: 0.007 m
15.44.54 > Pressure after component ID 8087: 2.829 m
15.44.54 !!!
15.44.54 > Getting pipe properties for pipe with ID 8107...
15.44.54 > Pipe properties:
15.44.54 > {'len': 1.664, 'dim': 0.0278}
15.44.54 > Getting linear pressure drop for pipe with ID 8107...
15.44.54 > Linear pressure drop: 0.059 m
15.44.54 > Pressure after component ID 8107: 2.77 m
15.44.54 !!!
15.44.54 > Getting local pressure drop for connection with ID 5357...
15.44.54 > Getting fitting properties for fitting with ID 5357...
15.44.54 > Fitting properties:
15.44.54 > {'dim': (0.025, 0.025), 'dir': {'incoming_unit_vector': (0.0, -0.0, 1.0), 'outgoing_unit_vector': (-0.0, -1.0, 0.0), 'direction_change_angle': 90.0}, 'type': 'BEND'}
15.44.54 > Local pressure drop: 0.042 m
15.44.54 > Pressure after component ID 5357: 2.728 m
15.44.54 !!!
15.44.54 > Getting pipe properties for pipe with ID 8398...
15.44.54 > Pipe properties:
15.44.54 > {'len': 0.549, 'dim': 0.0278}
15.44.54 > Getting linear pressure drop for pipe with ID 8398...
15.44.54 > Linear pressure drop: 0.019 m
15.44.54 > Pressure after component ID 8398: 2.709 m
15.44.54 !!!
15.44.54 > Available pressure at the sanitary terminal:
15.44.54 > 2.709 m
15.44.54 !!!
