12.41.20 >>> Project projeto-demonstracao:
12.41.20 >>> New run started at 13/01/2026 12:41:20.
12.41.20 !
12.41.20 > Creating topology...
12.41.20 > Topology created with 3 paths...
12.41.20 !
12.41.21 > Getting available pressure at sanitary terminal with ID 5423...
12.41.21 > Tank height: 3.895 m
12.41.21 > Terminal height: 2.092 m
12.41.21 > Initial pressure from gravity potential: 1.803 m
12.41.21 !
12.41.21 > Getting local pressure drop for connection with ID 6141...
12.41.21 > Getting fitting properties for fitting with ID 6141...
12.41.21 > Fitting properties:
12.41.21 > {'dim': [(0.025, 0.025), None, None], 'dir': [(0, 1, 0), None, None], 'type': 'EXIT'}
12.41.21 > Local pressure drop: 0.009 m
12.41.21 > Pressure after component ID 6141: 1.795 m
12.41.21 !
12.41.21 > Getting pipe properties for pipe with ID 5399...
12.41.21 > Pipe properties:
12.41.21 > {'len': 0.959, 'dim': 0.0278}
12.41.21 > Getting linear pressure drop for pipe with ID 5399...
12.41.21 > Linear pressure drop: 0.007 m
12.41.21 > Pressure after component ID 5399: 1.788 m
12.41.21 !
12.41.21 > Getting local pressure drop for connection with ID 8356...
12.41.21 > Getting valve properties for valve with ID 8356...
12.41.21 > Valve properties:
12.41.21 > {'dim': [(0.025, 0.025), None, None], 'type': 'REGULATING'}
12.41.21 > Local pressure drop: 0.081 m
12.41.21 > Pressure after component ID 8356: 1.707 m
12.41.21 !
12.41.21 > Getting pipe properties for pipe with ID 8375...
12.41.21 > Pipe properties:
12.41.21 > {'len': 0.168, 'dim': 0.0278}
12.41.21 > Getting linear pressure drop for pipe with ID 8375...
12.41.21 > Linear pressure drop: 0.001 m
12.41.21 > Pressure after component ID 8375: 1.706 m
12.41.21 !
12.41.21 > Getting local pressure drop for connection with ID 5434...
12.41.21 > Getting fitting properties for fitting with ID 5434...
12.41.21 > Fitting properties:
12.41.21 > {'dim': [(0.025, 0.025), None, None], 'dir': [(0, 0, 1), None, None], 'type': 'BEND'}
12.41.21 > Local pressure drop: 0.009 m
12.41.21 > Pressure after component ID 5434: 1.697 m
12.41.21 !
12.41.21 > Getting pipe properties for pipe with ID 5376...
12.41.21 > Pipe properties:
12.41.21 > {'len': 0.696, 'dim': 0.0278}
12.41.21 > Getting linear pressure drop for pipe with ID 5376...
12.41.21 > Linear pressure drop: 0.005 m
12.41.21 > Pressure after component ID 5376: 1.692 m
12.41.21 !
12.41.21 > Getting local pressure drop for connection with ID 6943...
12.41.21 > Getting fitting properties for fitting with ID 6943...
12.41.22 > Fitting properties:
12.41.22 > {'dim': [(0.025, 0.025), (0.025, 0.025), (0.025, 0.025)], 'dir': [(1, 0, 0), (1, 0, 0), (1, 0, 0)], 'type': 'JUNCTION'}
12.41.22 > Local pressure drop: 0.085 m
12.41.22 > Pressure after component ID 6943: 1.608 m
12.41.22 !
12.41.22 > Getting pipe properties for pipe with ID 4574...
12.41.22 > Pipe properties:
12.41.22 > {'len': 0.87, 'dim': 0.0278}
12.41.22 > Getting linear pressure drop for pipe with ID 4574...
12.41.22 > Linear pressure drop: 0.031 m
12.41.22 > Pressure after component ID 4574: 1.577 m
12.41.22 !
12.41.22 > Getting local pressure drop for connection with ID 8087...
12.41.22 > Getting valve properties for valve with ID 8087...
12.41.22 > Valve properties:
12.41.22 > {'dim': [(0.025, 0.025), (0.025, 0.025), (0.025, 0.025)], 'type': 'ISOLATING'}
12.41.22 > Local pressure drop: 0.007 m
12.41.22 > Pressure after component ID 8087: 1.57 m
12.41.22 !
12.41.22 > Getting pipe properties for pipe with ID 8107...
12.41.22 > Pipe properties:
12.41.22 > {'len': 1.664, 'dim': 0.0278}
12.41.22 > Getting linear pressure drop for pipe with ID 8107...
12.41.22 > Linear pressure drop: 0.059 m
12.41.22 > Pressure after component ID 8107: 1.511 m
12.41.22 !
12.41.22 > Getting local pressure drop for connection with ID 5357...
12.41.22 > Getting fitting properties for fitting with ID 5357...
12.41.22 > Fitting properties:
12.41.22 > {'dim': [(0.025, 0.025), (0.025, 0.025), (0.025, 0.025)], 'dir': [(0, 0, 1), (0, 0, 1), (0, 0, 1)], 'type': 'BEND'}
12.41.22 > Local pressure drop: 0.042 m
12.41.22 > Pressure after component ID 5357: 1.469 m
12.41.22 !
12.41.22 > Getting pipe properties for pipe with ID 8398...
12.41.22 > Pipe properties:
12.41.22 > {'len': 0.549, 'dim': 0.0278}
12.41.22 > Getting linear pressure drop for pipe with ID 8398...
12.41.22 > Linear pressure drop: 0.019 m
12.41.22 > Pressure after component ID 8398: 1.449 m
12.41.22 !
12.41.22 > Available pressure at the sanitary terminal:
12.41.22 > 1.449 m
12.41.22 !
12.41.37 >>> Project projeto-demonstracao:
12.41.37 >>> New run started at 13/01/2026 12:41:37.
12.41.37 !
12.41.37 > Creating topology...
12.41.37 > Topology created with 3 paths...
12.41.37 !
12.41.37 > Getting available pressure at sanitary terminal with ID 6986...
12.41.37 > Tank height: 3.895 m
12.41.37 > Terminal height: 0.9 m
12.41.37 > Initial pressure from gravity potential: 2.995 m
12.41.37 !
12.41.37 > Getting local pressure drop for connection with ID 17772...
12.41.37 > Getting fitting properties for fitting with ID 17772...
12.41.38 > Fitting properties:
12.41.38 > {'dim': [None, (0.025, 0.025), None], 'dir': [None, (0, 1, 0), None], 'type': 'EXIT'}
12.41.38 > Local pressure drop: 0.005 m
12.41.38 > Pressure after component ID 17772: 2.99 m
12.41.38 !
12.41.38 > Getting pipe properties for pipe with ID 7037...
12.41.38 > Pipe properties:
12.41.38 > {'len': 0.419, 'dim': 0.0278}
12.41.38 > Getting linear pressure drop for pipe with ID 7037...
12.41.38 > Linear pressure drop: 0.002 m
12.41.38 > Pressure after component ID 7037: 2.988 m
12.41.38 !
12.41.38 > Getting local pressure drop for connection with ID 7020...
12.41.38 > Getting fitting properties for fitting with ID 7020...
12.41.38 > Fitting properties:
12.41.38 > {'dim': [None, (0.025, 0.025), (0.025, 0.025)], 'dir': [None, (1, 0, 0), (0, 0, 1)], 'type': 'JUNCTION'}
12.41.38 > Local pressure drop: 0.035 m
12.41.38 > Pressure after component ID 7020: 2.953 m
12.41.38 !
12.41.38 > Getting pipe properties for pipe with ID 6962...
12.41.38 > Pipe properties:
12.41.38 > {'len': 0.118, 'dim': 0.0278}
12.41.38 > Getting linear pressure drop for pipe with ID 6962...
12.41.38 > Linear pressure drop: 0.002 m
12.41.38 > Pressure after component ID 6962: 2.952 m
12.41.38 !
12.41.38 > Getting local pressure drop for connection with ID 6943...
12.41.38 > Getting fitting properties for fitting with ID 6943...
12.41.38 > Fitting properties:
12.41.38 > {'dim': [(0.025, 0.025), (0.025, 0.025), (0.025, 0.025)], 'dir': [(1, 0, 0), (1, 0, 0), (1, 0, 0)], 'type': 'JUNCTION'}
12.41.38 > Local pressure drop: 0.085 m
12.41.38 > Pressure after component ID 6943: 2.867 m
12.41.38 !
12.41.38 > Getting pipe properties for pipe with ID 4574...
12.41.38 > Pipe properties:
12.41.38 > {'len': 0.87, 'dim': 0.0278}
12.41.38 > Getting linear pressure drop for pipe with ID 4574...
12.41.38 > Linear pressure drop: 0.031 m
12.41.38 > Pressure after component ID 4574: 2.836 m
12.41.38 !
12.41.38 > Getting local pressure drop for connection with ID 8087...
12.41.38 > Getting valve properties for valve with ID 8087...
12.41.38 > Valve properties:
12.41.38 > {'dim': [(0.025, 0.025), (0.025, 0.025), (0.025, 0.025)], 'type': 'ISOLATING'}
12.41.38 > Local pressure drop: 0.007 m
12.41.38 > Pressure after component ID 8087: 2.829 m
12.41.38 !
12.41.38 > Getting pipe properties for pipe with ID 8107...
12.41.38 > Pipe properties:
12.41.38 > {'len': 1.664, 'dim': 0.0278}
12.41.38 > Getting linear pressure drop for pipe with ID 8107...
12.41.38 > Linear pressure drop: 0.059 m
12.41.38 > Pressure after component ID 8107: 2.77 m
12.41.38 !
12.41.38 > Getting local pressure drop for connection with ID 5357...
12.41.38 > Getting fitting properties for fitting with ID 5357...
12.41.39 > Fitting properties:
12.41.39 > {'dim': [(0.025, 0.025), (0.025, 0.025), (0.025, 0.025)], 'dir': [(0, 0, 1), (0, 0, 1), (0, 0, 1)], 'type': 'BEND'}
12.41.39 > Local pressure drop: 0.042 m
12.41.39 > Pressure after component ID 5357: 2.728 m
12.41.39 !
12.41.39 > Getting pipe properties for pipe with ID 8398...
12.41.39 > Pipe properties:
12.41.39 > {'len': 0.549, 'dim': 0.0278}
12.41.39 > Getting linear pressure drop for pipe with ID 8398...
12.41.39 > Linear pressure drop: 0.019 m
12.41.39 > Pressure after component ID 8398: 2.709 m
12.41.39 !
12.41.39 > Available pressure at the sanitary terminal:
12.41.39 > 2.709 m
12.41.39 !
12.41.53 >>> Project projeto-demonstracao:
12.41.53 >>> New run started at 13/01/2026 12:41:53.
12.41.53 !
12.41.53 > Creating topology...
12.41.53 > Topology created with 3 paths...
12.41.53 !
12.41.53 > Getting available pressure at sanitary terminal with ID 7061...
12.41.53 > Tank height: 3.895 m
12.41.53 > Terminal height: 0.2 m
12.41.53 > Initial pressure from gravity potential: 3.695 m
12.41.53 !
12.41.53 > Getting local pressure drop for connection with ID 7848...
12.41.53 > Getting fitting properties for fitting with ID 7848...
12.41.53 > Fitting properties:
12.41.53 > {'dim': [None, None, (0.025, 0.025)], 'dir': [None, None, (0, 1, 0)], 'type': 'EXIT'}
12.41.53 > Local pressure drop: 0.005 m
12.41.53 > Pressure after component ID 7848: 3.69 m
12.41.53 !
12.41.53 > Getting pipe properties for pipe with ID 7003...
12.41.53 > Pipe properties:
12.41.53 > {'len': 0.67, 'dim': 0.0278}
12.41.53 > Getting linear pressure drop for pipe with ID 7003...
12.41.53 > Linear pressure drop: 0.003 m
12.41.53 > Pressure after component ID 7003: 3.687 m
12.41.53 !
12.41.53 > Getting local pressure drop for connection with ID 7020...
12.41.53 > Getting fitting properties for fitting with ID 7020...
12.41.54 > Fitting properties:
12.41.54 > {'dim': [None, (0.025, 0.025), (0.025, 0.025)], 'dir': [None, (1, 0, 0), (0, 0, 1)], 'type': 'JUNCTION'}
12.41.54 > Local pressure drop: 0.035 m
12.41.54 > Pressure after component ID 7020: 3.652 m
12.41.54 !
12.41.54 > Getting pipe properties for pipe with ID 6962...
12.41.54 > Pipe properties:
12.41.54 > {'len': 0.118, 'dim': 0.0278}
12.41.54 > Getting linear pressure drop for pipe with ID 6962...
12.41.54 > Linear pressure drop: 0.002 m
12.41.54 > Pressure after component ID 6962: 3.651 m
12.41.54 !
12.41.54 > Getting local pressure drop for connection with ID 6943...
12.41.54 > Getting fitting properties for fitting with ID 6943...
12.41.54 > Fitting properties:
12.41.54 > {'dim': [(0.025, 0.025), (0.025, 0.025), (0.025, 0.025)], 'dir': [(1, 0, 0), (1, 0, 0), (1, 0, 0)], 'type': 'JUNCTION'}
12.41.54 > Local pressure drop: 0.085 m
12.41.54 > Pressure after component ID 6943: 3.566 m
12.41.54 !
12.41.54 > Getting pipe properties for pipe with ID 4574...
12.41.54 > Pipe properties:
12.41.54 > {'len': 0.87, 'dim': 0.0278}
12.41.54 > Getting linear pressure drop for pipe with ID 4574...
12.41.54 > Linear pressure drop: 0.031 m
12.41.54 > Pressure after component ID 4574: 3.535 m
12.41.54 !
12.41.54 > Getting local pressure drop for connection with ID 8087...
12.41.54 > Getting valve properties for valve with ID 8087...
12.41.54 > Valve properties:
12.41.54 > {'dim': [(0.025, 0.025), (0.025, 0.025), (0.025, 0.025)], 'type': 'ISOLATING'}
12.41.54 > Local pressure drop: 0.007 m
12.41.54 > Pressure after component ID 8087: 3.528 m
12.41.54 !
12.41.54 > Getting pipe properties for pipe with ID 8107...
12.41.54 > Pipe properties:
12.41.54 > {'len': 1.664, 'dim': 0.0278}
12.41.54 > Getting linear pressure drop for pipe with ID 8107...
12.41.54 > Linear pressure drop: 0.059 m
12.41.54 > Pressure after component ID 8107: 3.469 m
12.41.54 !
12.41.54 > Getting local pressure drop for connection with ID 5357...
12.41.54 > Getting fitting properties for fitting with ID 5357...
12.41.54 > Fitting properties:
12.41.54 > {'dim': [(0.025, 0.025), (0.025, 0.025), (0.025, 0.025)], 'dir': [(0, 0, 1), (0, 0, 1), (0, 0, 1)], 'type': 'BEND'}
12.41.54 > Local pressure drop: 0.042 m
12.41.54 > Pressure after component ID 5357: 3.427 m
12.41.54 !
12.41.54 > Getting pipe properties for pipe with ID 8398...
12.41.54 > Pipe properties:
12.41.54 > {'len': 0.549, 'dim': 0.0278}
12.41.54 > Getting linear pressure drop for pipe with ID 8398...
12.41.54 > Linear pressure drop: 0.019 m
12.41.54 > Pressure after component ID 8398: 3.408 m
12.41.54 !
12.41.54 > Available pressure at the sanitary terminal:
12.41.54 > 3.408 m
12.41.54 !
