10.04.06 >>> Project my-analysis:
10.04.06 >>> New run started at 27/01/2026 10:04:06.
10.04.06 ----------------------------------------------------------------------------------------------------
10.04.36 >>> Project my-analysis:
10.04.36 >>> New run started at 27/01/2026 10:04:36.
10.04.36 ----------------------------------------------------------------------------------------------------
10.04.45 >>> Project my-analysis:
10.04.45 >>> New run started at 27/01/2026 10:04:45.
10.04.45 ----------------------------------------------------------------------------------------------------
10.04.46 Successfully loaded IFC model
10.04.46 > Creating topology...
10.04.46 > Found 3 sanitary terminal(s) and 1 tank(s)...
10.04.46 > Topology created with 3 paths...
10.04.46 ----------------------------------------------------------------------------------------------------
10.04.46 > Getting available pressure at sanitary terminal with ID 5423...
10.04.46 > Tank height: 3.895 m
10.04.46 > Terminal height: 2.092 m
10.04.46 > Initial pressure from gravity potential: 1.803 m
10.04.46 ----------------------------------------------------------------------------------------------------
10.04.46 > Getting local pressure drop for connection with ID 6141...
10.04.46 > Getting fitting properties for fitting with ID 6141...
10.04.46 > Fitting properties:
10.04.46 > {'dim': (0.025, 0.025), 'dir': {'incoming_unit_vector': (0.0, 1.0, 0.0), 'outgoing_unit_vector': (0.0, 0.0, -1.0), 'direction_change_angle': 90.0}, 'type': 'EXIT'}
10.04.46 > Local pressure drop: 0.009 m
10.04.46 ==> Pressure after component ID 6141: 1.795 m
10.04.46 > Getting pipe properties for pipe with ID 5399...
10.04.46 > Pipe properties:
10.04.46 > {'len': 0.959, 'dim': 0.0278}
10.04.46 > Getting linear pressure drop for pipe with ID 5399...
10.04.46 > Linear pressure drop: 0.007 m
10.04.46 ==> Pressure after component ID 5399: 1.788 m
10.04.46 > Getting local pressure drop for connection with ID 8356...
10.04.46 > Getting valve properties for valve with ID 8356...
10.04.46 > Valve properties:
10.04.46 > {'dim': (0.025, 0.025), 'dir': {'incoming_unit_vector': (0.0, 0.0, -1.0), 'outgoing_unit_vector': (0.0, 0.0, -1.0), 'direction_change_angle': 0.0}, 'type': 'REGULATING'}
10.04.46 > Local pressure drop: 0.081 m
10.04.46 ==> Pressure after component ID 8356: 1.707 m
10.04.46 > Getting pipe properties for pipe with ID 8375...
10.04.46 > Pipe properties:
10.04.46 > {'len': 0.168, 'dim': 0.0278}
10.04.46 > Getting linear pressure drop for pipe with ID 8375...
10.04.46 > Linear pressure drop: 0.001 m
10.04.46 ==> Pressure after component ID 8375: 1.706 m
10.04.46 > Getting local pressure drop for connection with ID 5434...
10.04.46 > Getting fitting properties for fitting with ID 5434...
10.04.46 > Fitting properties:
10.04.46 > {'dim': (0.025, 0.025), 'dir': {'incoming_unit_vector': (0.0, 0.0, -1.0), 'outgoing_unit_vector': (-1.0, 0.0, 0.0), 'direction_change_angle': 90.0}, 'type': 'BEND'}
10.04.46 > Local pressure drop: 0.009 m
10.04.46 ==> Pressure after component ID 5434: 1.697 m
10.04.46 > Getting pipe properties for pipe with ID 5376...
10.04.46 > Pipe properties:
10.04.46 > {'len': 0.696, 'dim': 0.0278}
10.04.46 > Getting linear pressure drop for pipe with ID 5376...
10.04.46 > Linear pressure drop: 0.005 m
10.04.46 ==> Pressure after component ID 5376: 1.692 m
10.04.46 > Getting local pressure drop for connection with ID 6943...
10.04.46 > Getting fitting properties for fitting with ID 6943...
10.04.46 > Fitting properties:
10.04.46 > {'dim': (0.025, 0.025), 'dir': {'incoming_unit_vector': (-1.0, 0.0, 0.0), 'outgoing_unit_vector': (0.0, 0.0, 1.0), 'direction_change_angle': 90.0}, 'type': 'JUNCTION'}
10.04.46 > Local pressure drop: 0.085 m
10.04.46 ==> Pressure after component ID 6943: 1.608 m
10.04.46 > Getting pipe properties for pipe with ID 4574...
10.04.46 > Pipe properties:
10.04.46 > {'len': 0.87, 'dim': 0.0278}
10.04.46 > Getting linear pressure drop for pipe with ID 4574...
10.04.46 > Linear pressure drop: 0.031 m
10.04.46 ==> Pressure after component ID 4574: 1.577 m
10.04.46 > Getting local pressure drop for connection with ID 8087...
10.04.46 > Getting valve properties for valve with ID 8087...
10.04.46 > Valve properties:
10.04.46 > {'dim': (0.025, 0.025), 'dir': {'incoming_unit_vector': (0.0, 0.0, 1.0), 'outgoing_unit_vector': (0.0, 0.0, 1.0), 'direction_change_angle': 0.0}, 'type': 'ISOLATING'}
10.04.46 > Local pressure drop: 0.007 m
10.04.46 ==> Pressure after component ID 8087: 1.57 m
10.04.46 > Getting pipe properties for pipe with ID 8107...
10.04.46 > Pipe properties:
10.04.46 > {'len': 1.664, 'dim': 0.0278}
10.04.46 > Getting linear pressure drop for pipe with ID 8107...
10.04.46 > Linear pressure drop: 0.059 m
10.04.46 ==> Pressure after component ID 8107: 1.511 m
10.04.46 > Getting local pressure drop for connection with ID 5357...
10.04.46 > Getting fitting properties for fitting with ID 5357...
10.04.46 > Fitting properties:
10.04.46 > {'dim': (0.025, 0.025), 'dir': {'incoming_unit_vector': (0.0, 0.0, 1.0), 'outgoing_unit_vector': (0.0, -1.0, 0.0), 'direction_change_angle': 90.0}, 'type': 'BEND'}
10.04.46 > Local pressure drop: 0.042 m
10.04.46 ==> Pressure after component ID 5357: 1.469 m
10.04.46 > Getting pipe properties for pipe with ID 8398...
10.04.46 > Pipe properties:
10.04.46 > {'len': 0.549, 'dim': 0.0278}
10.04.46 > Getting linear pressure drop for pipe with ID 8398...
10.04.46 > Linear pressure drop: 0.019 m
10.04.46 ==> Pressure after component ID 8398: 1.449 m
10.04.46 ====================================================================================================
10.04.46 > Available pressure at the sanitary terminal 5423 - Type: SHOWER:
10.04.46 > 1.449 m
10.04.46 ====================================================================================================
10.04.46 > Getting available pressure at sanitary terminal with ID 6986...
10.04.46 > Tank height: 3.895 m
10.04.46 > Terminal height: 0.9 m
10.04.46 > Initial pressure from gravity potential: 2.995 m
10.04.46 ----------------------------------------------------------------------------------------------------
10.04.46 > Getting local pressure drop for connection with ID 17772...
10.04.46 > Getting fitting properties for fitting with ID 17772...
10.04.46 > Fitting properties:
10.04.46 > {'dim': (0.025, 0.025), 'dir': {'incoming_unit_vector': (0.0, 1.0, 0.0), 'outgoing_unit_vector': (0.0, 0.0, -1.0), 'direction_change_angle': 90.0}, 'type': 'EXIT'}
10.04.46 > Local pressure drop: 0.005 m
10.04.46 ==> Pressure after component ID 17772: 2.99 m
10.04.46 > Getting pipe properties for pipe with ID 7037...
10.04.46 > Pipe properties:
10.04.46 > {'len': 0.419, 'dim': 0.0278}
10.04.46 > Getting linear pressure drop for pipe with ID 7037...
10.04.46 > Linear pressure drop: 0.002 m
10.04.46 ==> Pressure after component ID 7037: 2.988 m
10.04.46 > Getting local pressure drop for connection with ID 7020...
10.04.46 > Getting fitting properties for fitting with ID 7020...
10.04.46 > Fitting properties:
10.04.46 > {'dim': (0.025, 0.025), 'dir': {'incoming_unit_vector': (1.0, 0.0, 0.0), 'outgoing_unit_vector': (1.0, 0.0, 0.0), 'direction_change_angle': 0.0}, 'type': 'JUNCTION'}
10.04.46 > Local pressure drop: 0.013 m
10.04.46 ==> Pressure after component ID 7020: 2.975 m
10.04.46 > Getting pipe properties for pipe with ID 6962...
10.04.46 > Pipe properties:
10.04.46 > {'len': 0.118, 'dim': 0.0278}
10.04.46 > Getting linear pressure drop for pipe with ID 6962...
10.04.46 > Linear pressure drop: 0.002 m
10.04.46 ==> Pressure after component ID 6962: 2.973 m
10.04.46 > Getting local pressure drop for connection with ID 6943...
10.04.46 > Getting fitting properties for fitting with ID 6943...
10.04.46 > Fitting properties:
10.04.46 > {'dim': (0.025, 0.025), 'dir': {'incoming_unit_vector': (1.0, 0.0, 0.0), 'outgoing_unit_vector': (0.0, 0.0, 1.0), 'direction_change_angle': 90.0}, 'type': 'JUNCTION'}
10.04.46 > Local pressure drop: 0.085 m
10.04.46 ==> Pressure after component ID 6943: 2.889 m
10.04.46 > Getting pipe properties for pipe with ID 4574...
10.04.46 > Pipe properties:
10.04.46 > {'len': 0.87, 'dim': 0.0278}
10.04.46 > Getting linear pressure drop for pipe with ID 4574...
10.04.46 > Linear pressure drop: 0.031 m
10.04.46 ==> Pressure after component ID 4574: 2.858 m
10.04.46 > Getting local pressure drop for connection with ID 8087...
10.04.46 > Getting valve properties for valve with ID 8087...
10.04.46 > Valve properties:
10.04.46 > {'dim': (0.025, 0.025), 'dir': {'incoming_unit_vector': (0.0, 0.0, 1.0), 'outgoing_unit_vector': (0.0, 0.0, 1.0), 'direction_change_angle': 0.0}, 'type': 'ISOLATING'}
10.04.46 > Local pressure drop: 0.007 m
10.04.46 ==> Pressure after component ID 8087: 2.851 m
10.04.46 > Getting pipe properties for pipe with ID 8107...
10.04.46 > Pipe properties:
10.04.46 > {'len': 1.664, 'dim': 0.0278}
10.04.46 > Getting linear pressure drop for pipe with ID 8107...
10.04.46 > Linear pressure drop: 0.059 m
10.04.46 ==> Pressure after component ID 8107: 2.792 m
10.04.46 > Getting local pressure drop for connection with ID 5357...
10.04.46 > Getting fitting properties for fitting with ID 5357...
10.04.46 > Fitting properties:
10.04.46 > {'dim': (0.025, 0.025), 'dir': {'incoming_unit_vector': (0.0, 0.0, 1.0), 'outgoing_unit_vector': (0.0, -1.0, 0.0), 'direction_change_angle': 90.0}, 'type': 'BEND'}
10.04.46 > Local pressure drop: 0.042 m
10.04.46 ==> Pressure after component ID 5357: 2.75 m
10.04.46 > Getting pipe properties for pipe with ID 8398...
10.04.46 > Pipe properties:
10.04.46 > {'len': 0.549, 'dim': 0.0278}
10.04.46 > Getting linear pressure drop for pipe with ID 8398...
10.04.46 > Linear pressure drop: 0.019 m
10.04.46 ==> Pressure after component ID 8398: 2.73 m
10.04.46 ====================================================================================================
10.04.46 > Available pressure at the sanitary terminal 6986 - Type: WASHHANDBASIN:
10.04.46 > 2.73 m
10.04.46 ====================================================================================================
10.04.46 > Getting available pressure at sanitary terminal with ID 7061...
10.04.46 > Tank height: 3.895 m
10.04.46 > Terminal height: 0.2 m
10.04.46 > Initial pressure from gravity potential: 3.695 m
10.04.46 ----------------------------------------------------------------------------------------------------
10.04.46 > Getting local pressure drop for connection with ID 7848...
10.04.46 > Getting fitting properties for fitting with ID 7848...
10.04.46 > Fitting properties:
10.04.46 > {'dim': (0.025, 0.025), 'dir': {'incoming_unit_vector': (0.0, 1.0, 0.0), 'outgoing_unit_vector': (0.0, 0.0, -1.0), 'direction_change_angle': 90.0}, 'type': 'EXIT'}
10.04.46 > Local pressure drop: 0.005 m
10.04.46 ==> Pressure after component ID 7848: 3.69 m
10.04.46 > Getting pipe properties for pipe with ID 7003...
10.04.46 > Pipe properties:
10.04.46 > {'len': 0.67, 'dim': 0.0278}
10.04.46 > Getting linear pressure drop for pipe with ID 7003...
10.04.46 > Linear pressure drop: 0.003 m
10.04.46 ==> Pressure after component ID 7003: 3.687 m
10.04.46 > Getting local pressure drop for connection with ID 7020...
10.04.46 > Getting fitting properties for fitting with ID 7020...
10.04.46 > Fitting properties:
10.04.46 > {'dim': (0.025, 0.025), 'dir': {'incoming_unit_vector': (0.0, 0.0, 1.0), 'outgoing_unit_vector': (1.0, 0.0, 0.0), 'direction_change_angle': 90.0}, 'type': 'JUNCTION'}
10.04.46 > Local pressure drop: 0.035 m
10.04.46 ==> Pressure after component ID 7020: 3.652 m
10.04.46 > Getting pipe properties for pipe with ID 6962...
10.04.46 > Pipe properties:
10.04.46 > {'len': 0.118, 'dim': 0.0278}
10.04.46 > Getting linear pressure drop for pipe with ID 6962...
10.04.46 > Linear pressure drop: 0.002 m
10.04.46 ==> Pressure after component ID 6962: 3.651 m
10.04.46 > Getting local pressure drop for connection with ID 6943...
10.04.46 > Getting fitting properties for fitting with ID 6943...
10.04.46 > Fitting properties:
10.04.46 > {'dim': (0.025, 0.025), 'dir': {'incoming_unit_vector': (1.0, 0.0, 0.0), 'outgoing_unit_vector': (0.0, 0.0, 1.0), 'direction_change_angle': 90.0}, 'type': 'JUNCTION'}
10.04.46 > Local pressure drop: 0.085 m
10.04.46 ==> Pressure after component ID 6943: 3.566 m
10.04.46 > Getting pipe properties for pipe with ID 4574...
10.04.46 > Pipe properties:
10.04.46 > {'len': 0.87, 'dim': 0.0278}
10.04.46 > Getting linear pressure drop for pipe with ID 4574...
10.04.46 > Linear pressure drop: 0.031 m
10.04.46 ==> Pressure after component ID 4574: 3.535 m
10.04.46 > Getting local pressure drop for connection with ID 8087...
10.04.46 > Getting valve properties for valve with ID 8087...
10.04.46 > Valve properties:
10.04.46 > {'dim': (0.025, 0.025), 'dir': {'incoming_unit_vector': (0.0, 0.0, 1.0), 'outgoing_unit_vector': (0.0, 0.0, 1.0), 'direction_change_angle': 0.0}, 'type': 'ISOLATING'}
10.04.46 > Local pressure drop: 0.007 m
10.04.46 ==> Pressure after component ID 8087: 3.528 m
10.04.46 > Getting pipe properties for pipe with ID 8107...
10.04.46 > Pipe properties:
10.04.46 > {'len': 1.664, 'dim': 0.0278}
10.04.46 > Getting linear pressure drop for pipe with ID 8107...
10.04.46 > Linear pressure drop: 0.059 m
10.04.46 ==> Pressure after component ID 8107: 3.469 m
10.04.46 > Getting local pressure drop for connection with ID 5357...
10.04.46 > Getting fitting properties for fitting with ID 5357...
10.04.46 > Fitting properties:
10.04.46 > {'dim': (0.025, 0.025), 'dir': {'incoming_unit_vector': (0.0, 0.0, 1.0), 'outgoing_unit_vector': (0.0, -1.0, 0.0), 'direction_change_angle': 90.0}, 'type': 'BEND'}
10.04.46 > Local pressure drop: 0.042 m
10.04.46 ==> Pressure after component ID 5357: 3.427 m
10.04.46 > Getting pipe properties for pipe with ID 8398...
10.04.46 > Pipe properties:
10.04.46 > {'len': 0.549, 'dim': 0.0278}
10.04.46 > Getting linear pressure drop for pipe with ID 8398...
10.04.46 > Linear pressure drop: 0.019 m
10.04.46 ==> Pressure after component ID 8398: 3.408 m
10.04.46 ====================================================================================================
10.04.46 > Available pressure at the sanitary terminal 7061 - Type: WCSEAT:
10.04.46 > 3.408 m
10.04.46 ====================================================================================================
10.10.57 >>> Project my-analysis:
10.10.57 >>> New run started at 27/01/2026 10:10:57.
10.10.57 ----------------------------------------------------------------------------------------------------
10.10.57 Successfully loaded IFC model
10.10.57 > Creating topology...
10.10.57 > Found 3 sanitary terminal(s) and 1 tank(s)...
10.10.57 > Topology created with 3 paths...
10.10.57 ----------------------------------------------------------------------------------------------------
10.10.57 > Getting available pressure at sanitary terminal with ID 5423...
10.10.57 > Tank height: 3.895 m
10.10.57 > Terminal height: 2.092 m
10.10.57 > Initial pressure from gravity potential: 1.803 m
10.10.57 ----------------------------------------------------------------------------------------------------
10.10.57 > Getting local pressure drop for connection with ID 6141...
10.10.57 > Getting fitting properties for fitting with ID 6141...
10.10.57 > Fitting properties:
10.10.57 > {'dim': (0.025, 0.025), 'dir': {'incoming_unit_vector': (0.0, 1.0, 0.0), 'outgoing_unit_vector': (0.0, 0.0, -1.0), 'direction_change_angle': 90.0}, 'type': 'EXIT'}
10.10.57 > Local pressure drop: 0.009 m
10.10.57 ==> Pressure after component ID 6141: 1.795 m
10.10.57 > Getting pipe properties for pipe with ID 5399...
10.10.57 > Pipe properties:
10.10.57 > {'len': 0.959, 'dim': 0.0278}
10.10.57 > Getting linear pressure drop for pipe with ID 5399...
10.10.57 > Linear pressure drop: 0.007 m
10.10.57 ==> Pressure after component ID 5399: 1.788 m
10.10.57 > Getting local pressure drop for connection with ID 8356...
10.10.57 > Getting valve properties for valve with ID 8356...
10.10.57 > Valve properties:
10.10.57 > {'dim': (0.025, 0.025), 'dir': {'incoming_unit_vector': (0.0, 0.0, -1.0), 'outgoing_unit_vector': (0.0, 0.0, -1.0), 'direction_change_angle': 0.0}, 'type': 'REGULATING'}
10.10.57 > Local pressure drop: 0.081 m
10.10.57 ==> Pressure after component ID 8356: 1.707 m
10.10.57 > Getting pipe properties for pipe with ID 8375...
10.10.57 > Pipe properties:
10.10.57 > {'len': 0.168, 'dim': 0.0278}
10.10.57 > Getting linear pressure drop for pipe with ID 8375...
10.10.57 > Linear pressure drop: 0.001 m
10.10.57 ==> Pressure after component ID 8375: 1.706 m
10.10.57 > Getting local pressure drop for connection with ID 5434...
10.10.57 > Getting fitting properties for fitting with ID 5434...
10.10.57 > Fitting properties:
10.10.57 > {'dim': (0.025, 0.025), 'dir': {'incoming_unit_vector': (0.0, 0.0, -1.0), 'outgoing_unit_vector': (-1.0, 0.0, 0.0), 'direction_change_angle': 90.0}, 'type': 'BEND'}
10.10.57 > Local pressure drop: 0.009 m
10.10.57 ==> Pressure after component ID 5434: 1.697 m
10.10.57 > Getting pipe properties for pipe with ID 5376...
10.10.57 > Pipe properties:
10.10.57 > {'len': 0.696, 'dim': 0.0278}
10.10.57 > Getting linear pressure drop for pipe with ID 5376...
10.10.57 > Linear pressure drop: 0.005 m
10.10.57 ==> Pressure after component ID 5376: 1.692 m
10.10.57 > Getting local pressure drop for connection with ID 6943...
10.10.57 > Getting fitting properties for fitting with ID 6943...
10.10.57 > Fitting properties:
10.10.57 > {'dim': (0.025, 0.025), 'dir': {'incoming_unit_vector': (-1.0, 0.0, 0.0), 'outgoing_unit_vector': (0.0, 0.0, 1.0), 'direction_change_angle': 90.0}, 'type': 'JUNCTION'}
10.10.57 > Local pressure drop: 0.085 m
10.10.57 ==> Pressure after component ID 6943: 1.608 m
10.10.57 > Getting pipe properties for pipe with ID 4574...
10.10.57 > Pipe properties:
10.10.57 > {'len': 0.87, 'dim': 0.0278}
10.10.57 > Getting linear pressure drop for pipe with ID 4574...
10.10.57 > Linear pressure drop: 0.031 m
10.10.57 ==> Pressure after component ID 4574: 1.577 m
10.10.57 > Getting local pressure drop for connection with ID 8087...
10.10.57 > Getting valve properties for valve with ID 8087...
10.10.57 > Valve properties:
10.10.57 > {'dim': (0.025, 0.025), 'dir': {'incoming_unit_vector': (0.0, 0.0, 1.0), 'outgoing_unit_vector': (0.0, 0.0, 1.0), 'direction_change_angle': 0.0}, 'type': 'ISOLATING'}
10.10.57 > Local pressure drop: 0.007 m
10.10.57 ==> Pressure after component ID 8087: 1.57 m
10.10.57 > Getting pipe properties for pipe with ID 8107...
10.10.57 > Pipe properties:
10.10.57 > {'len': 1.664, 'dim': 0.0278}
10.10.57 > Getting linear pressure drop for pipe with ID 8107...
10.10.57 > Linear pressure drop: 0.059 m
10.10.57 ==> Pressure after component ID 8107: 1.511 m
10.10.57 > Getting local pressure drop for connection with ID 5357...
10.10.57 > Getting fitting properties for fitting with ID 5357...
10.10.57 > Fitting properties:
10.10.57 > {'dim': (0.025, 0.025), 'dir': {'incoming_unit_vector': (0.0, 0.0, 1.0), 'outgoing_unit_vector': (0.0, -1.0, 0.0), 'direction_change_angle': 90.0}, 'type': 'BEND'}
10.10.57 > Local pressure drop: 0.042 m
10.10.57 ==> Pressure after component ID 5357: 1.469 m
10.10.57 > Getting pipe properties for pipe with ID 8398...
10.10.57 > Pipe properties:
10.10.57 > {'len': 0.549, 'dim': 0.0278}
10.10.57 > Getting linear pressure drop for pipe with ID 8398...
10.10.57 > Linear pressure drop: 0.019 m
10.10.57 ==> Pressure after component ID 8398: 1.449 m
10.10.57 ====================================================================================================
10.10.57 > Available pressure at the sanitary terminal 5423 - Type: SHOWER:
10.10.57 > 1.449 m
10.10.57 ====================================================================================================
10.10.57 > Getting available pressure at sanitary terminal with ID 6986...
10.10.57 > Tank height: 3.895 m
10.10.57 > Terminal height: 0.9 m
10.10.57 > Initial pressure from gravity potential: 2.995 m
10.10.57 ----------------------------------------------------------------------------------------------------
10.10.57 > Getting local pressure drop for connection with ID 17772...
10.10.57 > Getting fitting properties for fitting with ID 17772...
10.10.57 > Fitting properties:
10.10.57 > {'dim': (0.025, 0.025), 'dir': {'incoming_unit_vector': (0.0, 1.0, 0.0), 'outgoing_unit_vector': (0.0, 0.0, -1.0), 'direction_change_angle': 90.0}, 'type': 'EXIT'}
10.10.57 > Local pressure drop: 0.005 m
10.10.57 ==> Pressure after component ID 17772: 2.99 m
10.10.57 > Getting pipe properties for pipe with ID 7037...
10.10.57 > Pipe properties:
10.10.57 > {'len': 0.419, 'dim': 0.0278}
10.10.57 > Getting linear pressure drop for pipe with ID 7037...
10.10.57 > Linear pressure drop: 0.002 m
10.10.57 ==> Pressure after component ID 7037: 2.988 m
10.10.57 > Getting local pressure drop for connection with ID 7020...
10.10.57 > Getting fitting properties for fitting with ID 7020...
10.10.57 > Fitting properties:
10.10.57 > {'dim': (0.025, 0.025), 'dir': {'incoming_unit_vector': (1.0, 0.0, 0.0), 'outgoing_unit_vector': (1.0, 0.0, 0.0), 'direction_change_angle': 0.0}, 'type': 'JUNCTION'}
10.10.57 > Local pressure drop: 0.013 m
10.10.57 ==> Pressure after component ID 7020: 2.975 m
10.10.57 > Getting pipe properties for pipe with ID 6962...
10.10.57 > Pipe properties:
10.10.57 > {'len': 0.118, 'dim': 0.0278}
10.10.57 > Getting linear pressure drop for pipe with ID 6962...
10.10.57 > Linear pressure drop: 0.002 m
10.10.57 ==> Pressure after component ID 6962: 2.973 m
10.10.57 > Getting local pressure drop for connection with ID 6943...
10.10.57 > Getting fitting properties for fitting with ID 6943...
10.10.57 > Fitting properties:
10.10.57 > {'dim': (0.025, 0.025), 'dir': {'incoming_unit_vector': (1.0, 0.0, 0.0), 'outgoing_unit_vector': (0.0, 0.0, 1.0), 'direction_change_angle': 90.0}, 'type': 'JUNCTION'}
10.10.57 > Local pressure drop: 0.085 m
10.10.57 ==> Pressure after component ID 6943: 2.889 m
10.10.57 > Getting pipe properties for pipe with ID 4574...
10.10.57 > Pipe properties:
10.10.57 > {'len': 0.87, 'dim': 0.0278}
10.10.57 > Getting linear pressure drop for pipe with ID 4574...
10.10.57 > Linear pressure drop: 0.031 m
10.10.57 ==> Pressure after component ID 4574: 2.858 m
10.10.57 > Getting local pressure drop for connection with ID 8087...
10.10.57 > Getting valve properties for valve with ID 8087...
10.10.57 > Valve properties:
10.10.57 > {'dim': (0.025, 0.025), 'dir': {'incoming_unit_vector': (0.0, 0.0, 1.0), 'outgoing_unit_vector': (0.0, 0.0, 1.0), 'direction_change_angle': 0.0}, 'type': 'ISOLATING'}
10.10.57 > Local pressure drop: 0.007 m
10.10.57 ==> Pressure after component ID 8087: 2.851 m
10.10.57 > Getting pipe properties for pipe with ID 8107...
10.10.57 > Pipe properties:
10.10.57 > {'len': 1.664, 'dim': 0.0278}
10.10.57 > Getting linear pressure drop for pipe with ID 8107...
10.10.57 > Linear pressure drop: 0.059 m
10.10.57 ==> Pressure after component ID 8107: 2.792 m
10.10.57 > Getting local pressure drop for connection with ID 5357...
10.10.57 > Getting fitting properties for fitting with ID 5357...
10.10.57 > Fitting properties:
10.10.57 > {'dim': (0.025, 0.025), 'dir': {'incoming_unit_vector': (0.0, 0.0, 1.0), 'outgoing_unit_vector': (0.0, -1.0, 0.0), 'direction_change_angle': 90.0}, 'type': 'BEND'}
10.10.57 > Local pressure drop: 0.042 m
10.10.57 ==> Pressure after component ID 5357: 2.75 m
10.10.57 > Getting pipe properties for pipe with ID 8398...
10.10.57 > Pipe properties:
10.10.57 > {'len': 0.549, 'dim': 0.0278}
10.10.57 > Getting linear pressure drop for pipe with ID 8398...
10.10.57 > Linear pressure drop: 0.019 m
10.10.57 ==> Pressure after component ID 8398: 2.73 m
10.10.57 ====================================================================================================
10.10.57 > Available pressure at the sanitary terminal 6986 - Type: WASHHANDBASIN:
10.10.57 > 2.73 m
10.10.57 ====================================================================================================
10.10.57 > Getting available pressure at sanitary terminal with ID 7061...
10.10.57 > Tank height: 3.895 m
10.10.57 > Terminal height: 0.2 m
10.10.57 > Initial pressure from gravity potential: 3.695 m
10.10.57 ----------------------------------------------------------------------------------------------------
10.10.57 > Getting local pressure drop for connection with ID 7848...
10.10.57 > Getting fitting properties for fitting with ID 7848...
10.10.57 > Fitting properties:
10.10.57 > {'dim': (0.025, 0.025), 'dir': {'incoming_unit_vector': (0.0, 1.0, 0.0), 'outgoing_unit_vector': (0.0, 0.0, -1.0), 'direction_change_angle': 90.0}, 'type': 'EXIT'}
10.10.57 > Local pressure drop: 0.005 m
10.10.57 ==> Pressure after component ID 7848: 3.69 m
10.10.57 > Getting pipe properties for pipe with ID 7003...
10.10.57 > Pipe properties:
10.10.57 > {'len': 0.67, 'dim': 0.0278}
10.10.57 > Getting linear pressure drop for pipe with ID 7003...
10.10.57 > Linear pressure drop: 0.003 m
10.10.57 ==> Pressure after component ID 7003: 3.687 m
10.10.57 > Getting local pressure drop for connection with ID 7020...
10.10.57 > Getting fitting properties for fitting with ID 7020...
10.10.57 > Fitting properties:
10.10.57 > {'dim': (0.025, 0.025), 'dir': {'incoming_unit_vector': (0.0, 0.0, 1.0), 'outgoing_unit_vector': (1.0, 0.0, 0.0), 'direction_change_angle': 90.0}, 'type': 'JUNCTION'}
10.10.57 > Local pressure drop: 0.035 m
10.10.57 ==> Pressure after component ID 7020: 3.652 m
10.10.57 > Getting pipe properties for pipe with ID 6962...
10.10.57 > Pipe properties:
10.10.57 > {'len': 0.118, 'dim': 0.0278}
10.10.57 > Getting linear pressure drop for pipe with ID 6962...
10.10.57 > Linear pressure drop: 0.002 m
10.10.57 ==> Pressure after component ID 6962: 3.651 m
10.10.57 > Getting local pressure drop for connection with ID 6943...
10.10.57 > Getting fitting properties for fitting with ID 6943...
10.10.57 > Fitting properties:
10.10.57 > {'dim': (0.025, 0.025), 'dir': {'incoming_unit_vector': (1.0, 0.0, 0.0), 'outgoing_unit_vector': (0.0, 0.0, 1.0), 'direction_change_angle': 90.0}, 'type': 'JUNCTION'}
10.10.57 > Local pressure drop: 0.085 m
10.10.57 ==> Pressure after component ID 6943: 3.566 m
10.10.57 > Getting pipe properties for pipe with ID 4574...
10.10.57 > Pipe properties:
10.10.57 > {'len': 0.87, 'dim': 0.0278}
10.10.57 > Getting linear pressure drop for pipe with ID 4574...
10.10.57 > Linear pressure drop: 0.031 m
10.10.57 ==> Pressure after component ID 4574: 3.535 m
10.10.57 > Getting local pressure drop for connection with ID 8087...
10.10.57 > Getting valve properties for valve with ID 8087...
10.10.57 > Valve properties:
10.10.57 > {'dim': (0.025, 0.025), 'dir': {'incoming_unit_vector': (0.0, 0.0, 1.0), 'outgoing_unit_vector': (0.0, 0.0, 1.0), 'direction_change_angle': 0.0}, 'type': 'ISOLATING'}
10.10.57 > Local pressure drop: 0.007 m
10.10.57 ==> Pressure after component ID 8087: 3.528 m
10.10.57 > Getting pipe properties for pipe with ID 8107...
10.10.57 > Pipe properties:
10.10.57 > {'len': 1.664, 'dim': 0.0278}
10.10.57 > Getting linear pressure drop for pipe with ID 8107...
10.10.57 > Linear pressure drop: 0.059 m
10.10.57 ==> Pressure after component ID 8107: 3.469 m
10.10.57 > Getting local pressure drop for connection with ID 5357...
10.10.57 > Getting fitting properties for fitting with ID 5357...
10.10.57 > Fitting properties:
10.10.57 > {'dim': (0.025, 0.025), 'dir': {'incoming_unit_vector': (0.0, 0.0, 1.0), 'outgoing_unit_vector': (0.0, -1.0, 0.0), 'direction_change_angle': 90.0}, 'type': 'BEND'}
10.10.57 > Local pressure drop: 0.042 m
10.10.57 ==> Pressure after component ID 5357: 3.427 m
10.10.57 > Getting pipe properties for pipe with ID 8398...
10.10.57 > Pipe properties:
10.10.57 > {'len': 0.549, 'dim': 0.0278}
10.10.57 > Getting linear pressure drop for pipe with ID 8398...
10.10.57 > Linear pressure drop: 0.019 m
10.10.57 ==> Pressure after component ID 8398: 3.408 m
10.10.57 ====================================================================================================
10.10.57 > Available pressure at the sanitary terminal 7061 - Type: WCSEAT:
10.10.57 > 3.408 m
10.10.57 ====================================================================================================
10.11.45 >>> Project my-analysis:
10.11.45 >>> New run started at 27/01/2026 10:11:45.
10.11.45 ----------------------------------------------------------------------------------------------------
10.11.45 Successfully loaded IFC model
10.11.45 > Creating topology...
10.11.45 > Found 3 sanitary terminal(s) and 1 tank(s)...
10.11.45 > Topology created with 3 paths...
10.11.45 ----------------------------------------------------------------------------------------------------
10.11.45 > Getting available pressure at sanitary terminal with ID 5423...
10.11.45 > Tank height: 3.895 m
10.11.45 > Terminal height: 2.092 m
10.11.45 > Initial pressure from gravity potential: 1.803 m
10.11.45 ----------------------------------------------------------------------------------------------------
10.11.45 > Getting local pressure drop for connection with ID 6141...
10.11.45 > Getting fitting properties for fitting with ID 6141...
10.11.45 > Fitting properties:
10.11.45 > {'dim': (0.025, 0.025), 'dir': {'incoming_unit_vector': (0.0, 1.0, 0.0), 'outgoing_unit_vector': (0.0, 0.0, -1.0), 'direction_change_angle': 90.0}, 'type': 'EXIT'}
10.11.45 > Local pressure drop: 0.009 m
10.11.45 ==> Pressure after component ID 6141: 1.795 m
10.11.45 > Getting pipe properties for pipe with ID 5399...
10.11.45 > Pipe properties:
10.11.45 > {'len': 0.959, 'dim': 0.0278}
10.11.45 > Getting linear pressure drop for pipe with ID 5399...
10.11.45 > Linear pressure drop: 0.007 m
10.11.45 ==> Pressure after component ID 5399: 1.788 m
10.11.45 > Getting local pressure drop for connection with ID 8356...
10.11.45 > Getting valve properties for valve with ID 8356...
10.11.45 > Valve properties:
10.11.45 > {'dim': (0.025, 0.025), 'dir': {'incoming_unit_vector': (0.0, 0.0, -1.0), 'outgoing_unit_vector': (0.0, 0.0, -1.0), 'direction_change_angle': 0.0}, 'type': 'REGULATING'}
10.11.45 > Local pressure drop: 0.081 m
10.11.45 ==> Pressure after component ID 8356: 1.707 m
10.11.45 > Getting pipe properties for pipe with ID 8375...
10.11.45 > Pipe properties:
10.11.45 > {'len': 0.168, 'dim': 0.0278}
10.11.45 > Getting linear pressure drop for pipe with ID 8375...
10.11.45 > Linear pressure drop: 0.001 m
10.11.45 ==> Pressure after component ID 8375: 1.706 m
10.11.45 > Getting local pressure drop for connection with ID 5434...
10.11.45 > Getting fitting properties for fitting with ID 5434...
10.11.45 > Fitting properties:
10.11.45 > {'dim': (0.025, 0.025), 'dir': {'incoming_unit_vector': (0.0, 0.0, -1.0), 'outgoing_unit_vector': (-1.0, 0.0, 0.0), 'direction_change_angle': 90.0}, 'type': 'BEND'}
10.11.45 > Local pressure drop: 0.009 m
10.11.45 ==> Pressure after component ID 5434: 1.697 m
10.11.45 > Getting pipe properties for pipe with ID 5376...
10.11.45 > Pipe properties:
10.11.45 > {'len': 0.696, 'dim': 0.0278}
10.11.45 > Getting linear pressure drop for pipe with ID 5376...
10.11.45 > Linear pressure drop: 0.005 m
10.11.45 ==> Pressure after component ID 5376: 1.692 m
10.11.45 > Getting local pressure drop for connection with ID 6943...
10.11.45 > Getting fitting properties for fitting with ID 6943...
10.11.45 > Fitting properties:
10.11.45 > {'dim': (0.025, 0.025), 'dir': {'incoming_unit_vector': (-1.0, 0.0, 0.0), 'outgoing_unit_vector': (0.0, 0.0, 1.0), 'direction_change_angle': 90.0}, 'type': 'JUNCTION'}
10.11.45 > Local pressure drop: 0.085 m
10.11.45 ==> Pressure after component ID 6943: 1.608 m
10.11.45 > Getting pipe properties for pipe with ID 4574...
10.11.45 > Pipe properties:
10.11.45 > {'len': 0.87, 'dim': 0.0278}
10.11.45 > Getting linear pressure drop for pipe with ID 4574...
10.11.45 > Linear pressure drop: 0.031 m
10.11.45 ==> Pressure after component ID 4574: 1.577 m
10.11.45 > Getting local pressure drop for connection with ID 8087...
10.11.45 > Getting valve properties for valve with ID 8087...
10.11.45 > Valve properties:
10.11.45 > {'dim': (0.025, 0.025), 'dir': {'incoming_unit_vector': (0.0, 0.0, 1.0), 'outgoing_unit_vector': (0.0, 0.0, 1.0), 'direction_change_angle': 0.0}, 'type': 'ISOLATING'}
10.11.45 > Local pressure drop: 0.007 m
10.11.45 ==> Pressure after component ID 8087: 1.57 m
10.11.45 > Getting pipe properties for pipe with ID 8107...
10.11.45 > Pipe properties:
10.11.45 > {'len': 1.664, 'dim': 0.0278}
10.11.45 > Getting linear pressure drop for pipe with ID 8107...
10.11.45 > Linear pressure drop: 0.059 m
10.11.45 ==> Pressure after component ID 8107: 1.511 m
10.11.45 > Getting local pressure drop for connection with ID 5357...
10.11.45 > Getting fitting properties for fitting with ID 5357...
10.11.45 > Fitting properties:
10.11.45 > {'dim': (0.025, 0.025), 'dir': {'incoming_unit_vector': (0.0, 0.0, 1.0), 'outgoing_unit_vector': (0.0, -1.0, 0.0), 'direction_change_angle': 90.0}, 'type': 'BEND'}
10.11.45 > Local pressure drop: 0.042 m
10.11.45 ==> Pressure after component ID 5357: 1.469 m
10.11.45 > Getting pipe properties for pipe with ID 8398...
10.11.45 > Pipe properties:
10.11.45 > {'len': 0.549, 'dim': 0.0278}
10.11.45 > Getting linear pressure drop for pipe with ID 8398...
10.11.45 > Linear pressure drop: 0.019 m
10.11.45 ==> Pressure after component ID 8398: 1.449 m
10.11.45 ====================================================================================================
10.11.45 > Available pressure at the sanitary terminal 5423 - Type: SHOWER:
10.11.45 > 1.449 m
10.11.45 ====================================================================================================
10.11.45 > Getting available pressure at sanitary terminal with ID 6986...
10.11.45 > Tank height: 3.895 m
10.11.45 > Terminal height: 0.9 m
10.11.45 > Initial pressure from gravity potential: 2.995 m
10.11.45 ----------------------------------------------------------------------------------------------------
10.11.45 > Getting local pressure drop for connection with ID 17772...
10.11.45 > Getting fitting properties for fitting with ID 17772...
10.11.45 > Fitting properties:
10.11.45 > {'dim': (0.025, 0.025), 'dir': {'incoming_unit_vector': (0.0, 1.0, 0.0), 'outgoing_unit_vector': (0.0, 0.0, -1.0), 'direction_change_angle': 90.0}, 'type': 'EXIT'}
10.11.45 > Local pressure drop: 0.005 m
10.11.45 ==> Pressure after component ID 17772: 2.99 m
10.11.45 > Getting pipe properties for pipe with ID 7037...
10.11.45 > Pipe properties:
10.11.45 > {'len': 0.419, 'dim': 0.0278}
10.11.45 > Getting linear pressure drop for pipe with ID 7037...
10.11.45 > Linear pressure drop: 0.002 m
10.11.45 ==> Pressure after component ID 7037: 2.988 m
10.11.45 > Getting local pressure drop for connection with ID 7020...
10.11.45 > Getting fitting properties for fitting with ID 7020...
10.11.45 > Fitting properties:
10.11.45 > {'dim': (0.025, 0.025), 'dir': {'incoming_unit_vector': (1.0, 0.0, 0.0), 'outgoing_unit_vector': (1.0, 0.0, 0.0), 'direction_change_angle': 0.0}, 'type': 'JUNCTION'}
10.11.45 > Local pressure drop: 0.013 m
10.11.45 ==> Pressure after component ID 7020: 2.975 m
10.11.45 > Getting pipe properties for pipe with ID 6962...
10.11.45 > Pipe properties:
10.11.45 > {'len': 0.118, 'dim': 0.0278}
10.11.45 > Getting linear pressure drop for pipe with ID 6962...
10.11.45 > Linear pressure drop: 0.002 m
10.11.45 ==> Pressure after component ID 6962: 2.973 m
10.11.45 > Getting local pressure drop for connection with ID 6943...
10.11.45 > Getting fitting properties for fitting with ID 6943...
10.11.45 > Fitting properties:
10.11.45 > {'dim': (0.025, 0.025), 'dir': {'incoming_unit_vector': (1.0, 0.0, 0.0), 'outgoing_unit_vector': (0.0, 0.0, 1.0), 'direction_change_angle': 90.0}, 'type': 'JUNCTION'}
10.11.45 > Local pressure drop: 0.085 m
10.11.45 ==> Pressure after component ID 6943: 2.889 m
10.11.45 > Getting pipe properties for pipe with ID 4574...
10.11.45 > Pipe properties:
10.11.45 > {'len': 0.87, 'dim': 0.0278}
10.11.45 > Getting linear pressure drop for pipe with ID 4574...
10.11.45 > Linear pressure drop: 0.031 m
10.11.45 ==> Pressure after component ID 4574: 2.858 m
10.11.45 > Getting local pressure drop for connection with ID 8087...
10.11.45 > Getting valve properties for valve with ID 8087...
10.11.45 > Valve properties:
10.11.45 > {'dim': (0.025, 0.025), 'dir': {'incoming_unit_vector': (0.0, 0.0, 1.0), 'outgoing_unit_vector': (0.0, 0.0, 1.0), 'direction_change_angle': 0.0}, 'type': 'ISOLATING'}
10.11.45 > Local pressure drop: 0.007 m
10.11.45 ==> Pressure after component ID 8087: 2.851 m
10.11.45 > Getting pipe properties for pipe with ID 8107...
10.11.45 > Pipe properties:
10.11.45 > {'len': 1.664, 'dim': 0.0278}
10.11.45 > Getting linear pressure drop for pipe with ID 8107...
10.11.45 > Linear pressure drop: 0.059 m
10.11.45 ==> Pressure after component ID 8107: 2.792 m
10.11.45 > Getting local pressure drop for connection with ID 5357...
10.11.45 > Getting fitting properties for fitting with ID 5357...
10.11.45 > Fitting properties:
10.11.45 > {'dim': (0.025, 0.025), 'dir': {'incoming_unit_vector': (0.0, 0.0, 1.0), 'outgoing_unit_vector': (0.0, -1.0, 0.0), 'direction_change_angle': 90.0}, 'type': 'BEND'}
10.11.45 > Local pressure drop: 0.042 m
10.11.45 ==> Pressure after component ID 5357: 2.75 m
10.11.45 > Getting pipe properties for pipe with ID 8398...
10.11.45 > Pipe properties:
10.11.45 > {'len': 0.549, 'dim': 0.0278}
10.11.45 > Getting linear pressure drop for pipe with ID 8398...
10.11.45 > Linear pressure drop: 0.019 m
10.11.45 ==> Pressure after component ID 8398: 2.73 m
10.11.45 ====================================================================================================
10.11.45 > Available pressure at the sanitary terminal 6986 - Type: WASHHANDBASIN:
10.11.45 > 2.73 m
10.11.45 ====================================================================================================
10.11.45 > Getting available pressure at sanitary terminal with ID 7061...
10.11.45 > Tank height: 3.895 m
10.11.45 > Terminal height: 0.2 m
10.11.45 > Initial pressure from gravity potential: 3.695 m
10.11.45 ----------------------------------------------------------------------------------------------------
10.11.45 > Getting local pressure drop for connection with ID 7848...
10.11.45 > Getting fitting properties for fitting with ID 7848...
10.11.45 > Fitting properties:
10.11.45 > {'dim': (0.025, 0.025), 'dir': {'incoming_unit_vector': (0.0, 1.0, 0.0), 'outgoing_unit_vector': (0.0, 0.0, -1.0), 'direction_change_angle': 90.0}, 'type': 'EXIT'}
10.11.45 > Local pressure drop: 0.005 m
10.11.45 ==> Pressure after component ID 7848: 3.69 m
10.11.45 > Getting pipe properties for pipe with ID 7003...
10.11.45 > Pipe properties:
10.11.45 > {'len': 0.67, 'dim': 0.0278}
10.11.45 > Getting linear pressure drop for pipe with ID 7003...
10.11.45 > Linear pressure drop: 0.003 m
10.11.45 ==> Pressure after component ID 7003: 3.687 m
10.11.45 > Getting local pressure drop for connection with ID 7020...
10.11.45 > Getting fitting properties for fitting with ID 7020...
10.11.45 > Fitting properties:
10.11.45 > {'dim': (0.025, 0.025), 'dir': {'incoming_unit_vector': (0.0, 0.0, 1.0), 'outgoing_unit_vector': (1.0, 0.0, 0.0), 'direction_change_angle': 90.0}, 'type': 'JUNCTION'}
10.11.45 > Local pressure drop: 0.035 m
10.11.45 ==> Pressure after component ID 7020: 3.652 m
10.11.45 > Getting pipe properties for pipe with ID 6962...
10.11.45 > Pipe properties:
10.11.45 > {'len': 0.118, 'dim': 0.0278}
10.11.45 > Getting linear pressure drop for pipe with ID 6962...
10.11.45 > Linear pressure drop: 0.002 m
10.11.45 ==> Pressure after component ID 6962: 3.651 m
10.11.45 > Getting local pressure drop for connection with ID 6943...
10.11.45 > Getting fitting properties for fitting with ID 6943...
10.11.45 > Fitting properties:
10.11.45 > {'dim': (0.025, 0.025), 'dir': {'incoming_unit_vector': (1.0, 0.0, 0.0), 'outgoing_unit_vector': (0.0, 0.0, 1.0), 'direction_change_angle': 90.0}, 'type': 'JUNCTION'}
10.11.45 > Local pressure drop: 0.085 m
10.11.45 ==> Pressure after component ID 6943: 3.566 m
10.11.45 > Getting pipe properties for pipe with ID 4574...
10.11.45 > Pipe properties:
10.11.45 > {'len': 0.87, 'dim': 0.0278}
10.11.45 > Getting linear pressure drop for pipe with ID 4574...
10.11.45 > Linear pressure drop: 0.031 m
10.11.45 ==> Pressure after component ID 4574: 3.535 m
10.11.45 > Getting local pressure drop for connection with ID 8087...
10.11.45 > Getting valve properties for valve with ID 8087...
10.11.45 > Valve properties:
10.11.45 > {'dim': (0.025, 0.025), 'dir': {'incoming_unit_vector': (0.0, 0.0, 1.0), 'outgoing_unit_vector': (0.0, 0.0, 1.0), 'direction_change_angle': 0.0}, 'type': 'ISOLATING'}
10.11.45 > Local pressure drop: 0.007 m
10.11.45 ==> Pressure after component ID 8087: 3.528 m
10.11.45 > Getting pipe properties for pipe with ID 8107...
10.11.45 > Pipe properties:
10.11.45 > {'len': 1.664, 'dim': 0.0278}
10.11.45 > Getting linear pressure drop for pipe with ID 8107...
10.11.45 > Linear pressure drop: 0.059 m
10.11.45 ==> Pressure after component ID 8107: 3.469 m
10.11.45 > Getting local pressure drop for connection with ID 5357...
10.11.45 > Getting fitting properties for fitting with ID 5357...
10.11.45 > Fitting properties:
10.11.45 > {'dim': (0.025, 0.025), 'dir': {'incoming_unit_vector': (0.0, 0.0, 1.0), 'outgoing_unit_vector': (0.0, -1.0, 0.0), 'direction_change_angle': 90.0}, 'type': 'BEND'}
10.11.45 > Local pressure drop: 0.042 m
10.11.45 ==> Pressure after component ID 5357: 3.427 m
10.11.45 > Getting pipe properties for pipe with ID 8398...
10.11.45 > Pipe properties:
10.11.45 > {'len': 0.549, 'dim': 0.0278}
10.11.45 > Getting linear pressure drop for pipe with ID 8398...
10.11.45 > Linear pressure drop: 0.019 m
10.11.45 ==> Pressure after component ID 8398: 3.408 m
10.11.45 ====================================================================================================
10.11.45 > Available pressure at the sanitary terminal 7061 - Type: WCSEAT:
10.11.45 > 3.408 m
10.11.45 ====================================================================================================
10.12.01 >>> Project my-analysis:
10.12.01 >>> New run started at 27/01/2026 10:12:01.
10.12.01 ----------------------------------------------------------------------------------------------------
10.12.01 Successfully loaded IFC model
10.12.01 > Creating topology...
10.12.01 > Found 3 sanitary terminal(s) and 1 tank(s)...
10.12.01 > Topology created with 3 paths...
10.12.01 ----------------------------------------------------------------------------------------------------
10.12.01 > Getting available pressure at sanitary terminal with ID 5423...
10.12.01 > Tank height: 3.895 m
10.12.01 > Terminal height: 2.092 m
10.12.01 > Initial pressure from gravity potential: 1.803 m
10.12.01 ----------------------------------------------------------------------------------------------------
10.12.01 > Getting local pressure drop for connection with ID 6141...
10.12.01 > Getting fitting properties for fitting with ID 6141...
10.12.01 > Fitting properties:
10.12.01 > {'dim': (0.025, 0.025), 'dir': {'incoming_unit_vector': (0.0, 1.0, 0.0), 'outgoing_unit_vector': (0.0, 0.0, -1.0), 'direction_change_angle': 90.0}, 'type': 'EXIT'}
10.12.01 > Local pressure drop: 0.009 m
10.12.01 ==> Pressure after component ID 6141: 1.795 m
10.12.01 > Getting pipe properties for pipe with ID 5399...
10.12.01 > Pipe properties:
10.12.01 > {'len': 0.959, 'dim': 0.0278}
10.12.01 > Getting linear pressure drop for pipe with ID 5399...
10.12.01 > Linear pressure drop: 0.007 m
10.12.01 ==> Pressure after component ID 5399: 1.788 m
10.12.01 > Getting local pressure drop for connection with ID 8356...
10.12.01 > Getting valve properties for valve with ID 8356...
10.12.01 > Valve properties:
10.12.01 > {'dim': (0.025, 0.025), 'dir': {'incoming_unit_vector': (0.0, 0.0, -1.0), 'outgoing_unit_vector': (0.0, 0.0, -1.0), 'direction_change_angle': 0.0}, 'type': 'REGULATING'}
10.12.01 > Local pressure drop: 0.081 m
10.12.01 ==> Pressure after component ID 8356: 1.707 m
10.12.01 > Getting pipe properties for pipe with ID 8375...
10.12.01 > Pipe properties:
10.12.01 > {'len': 0.168, 'dim': 0.0278}
10.12.01 > Getting linear pressure drop for pipe with ID 8375...
10.12.01 > Linear pressure drop: 0.001 m
10.12.01 ==> Pressure after component ID 8375: 1.706 m
10.12.01 > Getting local pressure drop for connection with ID 5434...
10.12.01 > Getting fitting properties for fitting with ID 5434...
10.12.01 > Fitting properties:
10.12.01 > {'dim': (0.025, 0.025), 'dir': {'incoming_unit_vector': (0.0, 0.0, -1.0), 'outgoing_unit_vector': (-1.0, 0.0, 0.0), 'direction_change_angle': 90.0}, 'type': 'BEND'}
10.12.01 > Local pressure drop: 0.009 m
10.12.01 ==> Pressure after component ID 5434: 1.697 m
10.12.01 > Getting pipe properties for pipe with ID 5376...
10.12.01 > Pipe properties:
10.12.01 > {'len': 0.696, 'dim': 0.0278}
10.12.01 > Getting linear pressure drop for pipe with ID 5376...
10.12.01 > Linear pressure drop: 0.005 m
10.12.01 ==> Pressure after component ID 5376: 1.692 m
10.12.01 > Getting local pressure drop for connection with ID 6943...
10.12.01 > Getting fitting properties for fitting with ID 6943...
10.12.01 > Fitting properties:
10.12.01 > {'dim': (0.025, 0.025), 'dir': {'incoming_unit_vector': (-1.0, 0.0, 0.0), 'outgoing_unit_vector': (0.0, 0.0, 1.0), 'direction_change_angle': 90.0}, 'type': 'JUNCTION'}
10.12.01 > Local pressure drop: 0.085 m
10.12.01 ==> Pressure after component ID 6943: 1.608 m
10.12.01 > Getting pipe properties for pipe with ID 4574...
10.12.01 > Pipe properties:
10.12.01 > {'len': 0.87, 'dim': 0.0278}
10.12.01 > Getting linear pressure drop for pipe with ID 4574...
10.12.01 > Linear pressure drop: 0.031 m
10.12.01 ==> Pressure after component ID 4574: 1.577 m
10.12.01 > Getting local pressure drop for connection with ID 8087...
10.12.01 > Getting valve properties for valve with ID 8087...
10.12.01 > Valve properties:
10.12.01 > {'dim': (0.025, 0.025), 'dir': {'incoming_unit_vector': (0.0, 0.0, 1.0), 'outgoing_unit_vector': (0.0, 0.0, 1.0), 'direction_change_angle': 0.0}, 'type': 'ISOLATING'}
10.12.01 > Local pressure drop: 0.007 m
10.12.01 ==> Pressure after component ID 8087: 1.57 m
10.12.01 > Getting pipe properties for pipe with ID 8107...
10.12.01 > Pipe properties:
10.12.01 > {'len': 1.664, 'dim': 0.0278}
10.12.01 > Getting linear pressure drop for pipe with ID 8107...
10.12.01 > Linear pressure drop: 0.059 m
10.12.01 ==> Pressure after component ID 8107: 1.511 m
10.12.01 > Getting local pressure drop for connection with ID 5357...
10.12.01 > Getting fitting properties for fitting with ID 5357...
10.12.01 > Fitting properties:
10.12.01 > {'dim': (0.025, 0.025), 'dir': {'incoming_unit_vector': (0.0, 0.0, 1.0), 'outgoing_unit_vector': (0.0, -1.0, 0.0), 'direction_change_angle': 90.0}, 'type': 'BEND'}
10.12.01 > Local pressure drop: 0.042 m
10.12.01 ==> Pressure after component ID 5357: 1.469 m
10.12.01 > Getting pipe properties for pipe with ID 8398...
10.12.01 > Pipe properties:
10.12.01 > {'len': 0.549, 'dim': 0.0278}
10.12.01 > Getting linear pressure drop for pipe with ID 8398...
10.12.01 > Linear pressure drop: 0.019 m
10.12.01 ==> Pressure after component ID 8398: 1.449 m
10.12.01 ====================================================================================================
10.12.01 > Available pressure at the sanitary terminal 5423 - Type: SHOWER:
10.12.01 > 1.449 m
10.12.01 ====================================================================================================
10.12.01 > Getting available pressure at sanitary terminal with ID 6986...
10.12.01 > Tank height: 3.895 m
10.12.01 > Terminal height: 0.9 m
10.12.01 > Initial pressure from gravity potential: 2.995 m
10.12.01 ----------------------------------------------------------------------------------------------------
10.12.01 > Getting local pressure drop for connection with ID 17772...
10.12.01 > Getting fitting properties for fitting with ID 17772...
10.12.01 > Fitting properties:
10.12.01 > {'dim': (0.025, 0.025), 'dir': {'incoming_unit_vector': (0.0, 1.0, 0.0), 'outgoing_unit_vector': (0.0, 0.0, -1.0), 'direction_change_angle': 90.0}, 'type': 'EXIT'}
10.12.01 > Local pressure drop: 0.005 m
10.12.01 ==> Pressure after component ID 17772: 2.99 m
10.12.01 > Getting pipe properties for pipe with ID 7037...
10.12.01 > Pipe properties:
10.12.01 > {'len': 0.419, 'dim': 0.0278}
10.12.01 > Getting linear pressure drop for pipe with ID 7037...
10.12.01 > Linear pressure drop: 0.002 m
10.12.01 ==> Pressure after component ID 7037: 2.988 m
10.12.01 > Getting local pressure drop for connection with ID 7020...
10.12.01 > Getting fitting properties for fitting with ID 7020...
10.12.01 > Fitting properties:
10.12.01 > {'dim': (0.025, 0.025), 'dir': {'incoming_unit_vector': (1.0, 0.0, 0.0), 'outgoing_unit_vector': (1.0, 0.0, 0.0), 'direction_change_angle': 0.0}, 'type': 'JUNCTION'}
10.12.01 > Local pressure drop: 0.013 m
10.12.01 ==> Pressure after component ID 7020: 2.975 m
10.12.01 > Getting pipe properties for pipe with ID 6962...
10.12.01 > Pipe properties:
10.12.01 > {'len': 0.118, 'dim': 0.0278}
10.12.01 > Getting linear pressure drop for pipe with ID 6962...
10.12.01 > Linear pressure drop: 0.002 m
10.12.01 ==> Pressure after component ID 6962: 2.973 m
10.12.01 > Getting local pressure drop for connection with ID 6943...
10.12.01 > Getting fitting properties for fitting with ID 6943...
10.12.01 > Fitting properties:
10.12.01 > {'dim': (0.025, 0.025), 'dir': {'incoming_unit_vector': (1.0, 0.0, 0.0), 'outgoing_unit_vector': (0.0, 0.0, 1.0), 'direction_change_angle': 90.0}, 'type': 'JUNCTION'}
10.12.01 > Local pressure drop: 0.085 m
10.12.01 ==> Pressure after component ID 6943: 2.889 m
10.12.01 > Getting pipe properties for pipe with ID 4574...
10.12.01 > Pipe properties:
10.12.01 > {'len': 0.87, 'dim': 0.0278}
10.12.01 > Getting linear pressure drop for pipe with ID 4574...
10.12.01 > Linear pressure drop: 0.031 m
10.12.01 ==> Pressure after component ID 4574: 2.858 m
10.12.01 > Getting local pressure drop for connection with ID 8087...
10.12.01 > Getting valve properties for valve with ID 8087...
10.12.01 > Valve properties:
10.12.01 > {'dim': (0.025, 0.025), 'dir': {'incoming_unit_vector': (0.0, 0.0, 1.0), 'outgoing_unit_vector': (0.0, 0.0, 1.0), 'direction_change_angle': 0.0}, 'type': 'ISOLATING'}
10.12.01 > Local pressure drop: 0.007 m
10.12.01 ==> Pressure after component ID 8087: 2.851 m
10.12.01 > Getting pipe properties for pipe with ID 8107...
10.12.01 > Pipe properties:
10.12.01 > {'len': 1.664, 'dim': 0.0278}
10.12.01 > Getting linear pressure drop for pipe with ID 8107...
10.12.01 > Linear pressure drop: 0.059 m
10.12.01 ==> Pressure after component ID 8107: 2.792 m
10.12.01 > Getting local pressure drop for connection with ID 5357...
10.12.01 > Getting fitting properties for fitting with ID 5357...
10.12.01 > Fitting properties:
10.12.01 > {'dim': (0.025, 0.025), 'dir': {'incoming_unit_vector': (0.0, 0.0, 1.0), 'outgoing_unit_vector': (0.0, -1.0, 0.0), 'direction_change_angle': 90.0}, 'type': 'BEND'}
10.12.01 > Local pressure drop: 0.042 m
10.12.01 ==> Pressure after component ID 5357: 2.75 m
10.12.01 > Getting pipe properties for pipe with ID 8398...
10.12.01 > Pipe properties:
10.12.01 > {'len': 0.549, 'dim': 0.0278}
10.12.01 > Getting linear pressure drop for pipe with ID 8398...
10.12.01 > Linear pressure drop: 0.019 m
10.12.01 ==> Pressure after component ID 8398: 2.73 m
10.12.01 ====================================================================================================
10.12.01 > Available pressure at the sanitary terminal 6986 - Type: WASHHANDBASIN:
10.12.01 > 2.73 m
10.12.01 ====================================================================================================
10.12.01 > Getting available pressure at sanitary terminal with ID 7061...
10.12.01 > Tank height: 3.895 m
10.12.01 > Terminal height: 0.2 m
10.12.01 > Initial pressure from gravity potential: 3.695 m
10.12.01 ----------------------------------------------------------------------------------------------------
10.12.01 > Getting local pressure drop for connection with ID 7848...
10.12.01 > Getting fitting properties for fitting with ID 7848...
10.12.01 > Fitting properties:
10.12.01 > {'dim': (0.025, 0.025), 'dir': {'incoming_unit_vector': (0.0, 1.0, 0.0), 'outgoing_unit_vector': (0.0, 0.0, -1.0), 'direction_change_angle': 90.0}, 'type': 'EXIT'}
10.12.01 > Local pressure drop: 0.005 m
10.12.01 ==> Pressure after component ID 7848: 3.69 m
10.12.01 > Getting pipe properties for pipe with ID 7003...
10.12.01 > Pipe properties:
10.12.01 > {'len': 0.67, 'dim': 0.0278}
10.12.01 > Getting linear pressure drop for pipe with ID 7003...
10.12.01 > Linear pressure drop: 0.003 m
10.12.01 ==> Pressure after component ID 7003: 3.687 m
10.12.01 > Getting local pressure drop for connection with ID 7020...
10.12.01 > Getting fitting properties for fitting with ID 7020...
10.12.01 > Fitting properties:
10.12.01 > {'dim': (0.025, 0.025), 'dir': {'incoming_unit_vector': (0.0, 0.0, 1.0), 'outgoing_unit_vector': (1.0, 0.0, 0.0), 'direction_change_angle': 90.0}, 'type': 'JUNCTION'}
10.12.01 > Local pressure drop: 0.035 m
10.12.01 ==> Pressure after component ID 7020: 3.652 m
10.12.01 > Getting pipe properties for pipe with ID 6962...
10.12.01 > Pipe properties:
10.12.01 > {'len': 0.118, 'dim': 0.0278}
10.12.01 > Getting linear pressure drop for pipe with ID 6962...
10.12.01 > Linear pressure drop: 0.002 m
10.12.01 ==> Pressure after component ID 6962: 3.651 m
10.12.01 > Getting local pressure drop for connection with ID 6943...
10.12.01 > Getting fitting properties for fitting with ID 6943...
10.12.01 > Fitting properties:
10.12.01 > {'dim': (0.025, 0.025), 'dir': {'incoming_unit_vector': (1.0, 0.0, 0.0), 'outgoing_unit_vector': (0.0, 0.0, 1.0), 'direction_change_angle': 90.0}, 'type': 'JUNCTION'}
10.12.01 > Local pressure drop: 0.085 m
10.12.01 ==> Pressure after component ID 6943: 3.566 m
10.12.01 > Getting pipe properties for pipe with ID 4574...
10.12.01 > Pipe properties:
10.12.01 > {'len': 0.87, 'dim': 0.0278}
10.12.01 > Getting linear pressure drop for pipe with ID 4574...
10.12.01 > Linear pressure drop: 0.031 m
10.12.01 ==> Pressure after component ID 4574: 3.535 m
10.12.01 > Getting local pressure drop for connection with ID 8087...
10.12.01 > Getting valve properties for valve with ID 8087...
10.12.01 > Valve properties:
10.12.01 > {'dim': (0.025, 0.025), 'dir': {'incoming_unit_vector': (0.0, 0.0, 1.0), 'outgoing_unit_vector': (0.0, 0.0, 1.0), 'direction_change_angle': 0.0}, 'type': 'ISOLATING'}
10.12.01 > Local pressure drop: 0.007 m
10.12.01 ==> Pressure after component ID 8087: 3.528 m
10.12.01 > Getting pipe properties for pipe with ID 8107...
10.12.01 > Pipe properties:
10.12.01 > {'len': 1.664, 'dim': 0.0278}
10.12.01 > Getting linear pressure drop for pipe with ID 8107...
10.12.01 > Linear pressure drop: 0.059 m
10.12.01 ==> Pressure after component ID 8107: 3.469 m
10.12.01 > Getting local pressure drop for connection with ID 5357...
10.12.01 > Getting fitting properties for fitting with ID 5357...
10.12.01 > Fitting properties:
10.12.01 > {'dim': (0.025, 0.025), 'dir': {'incoming_unit_vector': (0.0, 0.0, 1.0), 'outgoing_unit_vector': (0.0, -1.0, 0.0), 'direction_change_angle': 90.0}, 'type': 'BEND'}
10.12.01 > Local pressure drop: 0.042 m
10.12.01 ==> Pressure after component ID 5357: 3.427 m
10.12.01 > Getting pipe properties for pipe with ID 8398...
10.12.01 > Pipe properties:
10.12.01 > {'len': 0.549, 'dim': 0.0278}
10.12.01 > Getting linear pressure drop for pipe with ID 8398...
10.12.01 > Linear pressure drop: 0.019 m
10.12.01 ==> Pressure after component ID 8398: 3.408 m
10.12.01 ====================================================================================================
10.12.01 > Available pressure at the sanitary terminal 7061 - Type: WCSEAT:
10.12.01 > 3.408 m
10.12.01 ====================================================================================================
10.12.01 > Getting pipe properties for pipe with ID 5399...
10.12.01 > Pipe properties:
10.12.01 > {'len': 0.959, 'dim': 0.0278}
10.12.01 > Getting fitting properties for fitting with ID 7020...
10.12.01 > Fitting properties:
10.12.01 > {'dim': (0.025, 0.025), 'dir': {'incoming_unit_vector': (1.0, 0.0, 0.0), 'outgoing_unit_vector': (1.0, 0.0, 0.0), 'direction_change_angle': 0.0}, 'type': 'JUNCTION'}
10.13.04 >>> Project my-analysis:
10.13.04 >>> New run started at 27/01/2026 10:13:04.
10.13.04 ----------------------------------------------------------------------------------------------------
10.13.04 Successfully loaded IFC model
10.13.04 > Creating topology...
10.13.04 > Found 3 sanitary terminal(s) and 1 tank(s)...
10.13.04 > Topology created with 3 paths...
10.13.04 ----------------------------------------------------------------------------------------------------
10.13.04 > Getting available pressure at sanitary terminal with ID 5423...
10.13.04 > Tank height: 3.895 m
10.13.04 > Terminal height: 2.092 m
10.13.04 > Initial pressure from gravity potential: 1.803 m
10.13.04 ----------------------------------------------------------------------------------------------------
10.13.04 > Getting local pressure drop for connection with ID 6141...
10.13.04 > Getting fitting properties for fitting with ID 6141...
10.13.04 > Fitting properties:
10.13.04 > {'dim': (0.025, 0.025), 'dir': {'incoming_unit_vector': (0.0, 1.0, 0.0), 'outgoing_unit_vector': (0.0, 0.0, -1.0), 'direction_change_angle': 90.0}, 'type': 'EXIT'}
10.13.04 > Local pressure drop: 0.009 m
10.13.04 ==> Pressure after component ID 6141: 1.795 m
10.13.04 > Getting pipe properties for pipe with ID 5399...
10.13.04 > Pipe properties:
10.13.04 > {'len': 0.959, 'dim': 0.0278}
10.13.04 > Getting linear pressure drop for pipe with ID 5399...
10.13.04 > Linear pressure drop: 0.007 m
10.13.04 ==> Pressure after component ID 5399: 1.788 m
10.13.04 > Getting local pressure drop for connection with ID 8356...
10.13.04 > Getting valve properties for valve with ID 8356...
10.13.04 > Valve properties:
10.13.04 > {'dim': (0.025, 0.025), 'dir': {'incoming_unit_vector': (0.0, 0.0, -1.0), 'outgoing_unit_vector': (0.0, 0.0, -1.0), 'direction_change_angle': 0.0}, 'type': 'REGULATING'}
10.13.04 > Local pressure drop: 0.081 m
10.13.04 ==> Pressure after component ID 8356: 1.707 m
10.13.04 > Getting pipe properties for pipe with ID 8375...
10.13.04 > Pipe properties:
10.13.04 > {'len': 0.168, 'dim': 0.0278}
10.13.04 > Getting linear pressure drop for pipe with ID 8375...
10.13.04 > Linear pressure drop: 0.001 m
10.13.04 ==> Pressure after component ID 8375: 1.706 m
10.13.04 > Getting local pressure drop for connection with ID 5434...
10.13.04 > Getting fitting properties for fitting with ID 5434...
10.13.04 > Fitting properties:
10.13.04 > {'dim': (0.025, 0.025), 'dir': {'incoming_unit_vector': (0.0, 0.0, -1.0), 'outgoing_unit_vector': (-1.0, 0.0, 0.0), 'direction_change_angle': 90.0}, 'type': 'BEND'}
10.13.04 > Local pressure drop: 0.009 m
10.13.04 ==> Pressure after component ID 5434: 1.697 m
10.13.04 > Getting pipe properties for pipe with ID 5376...
10.13.04 > Pipe properties:
10.13.04 > {'len': 0.696, 'dim': 0.0278}
10.13.04 > Getting linear pressure drop for pipe with ID 5376...
10.13.04 > Linear pressure drop: 0.005 m
10.13.04 ==> Pressure after component ID 5376: 1.692 m
10.13.04 > Getting local pressure drop for connection with ID 6943...
10.13.04 > Getting fitting properties for fitting with ID 6943...
10.13.04 > Fitting properties:
10.13.04 > {'dim': (0.025, 0.025), 'dir': {'incoming_unit_vector': (-1.0, 0.0, 0.0), 'outgoing_unit_vector': (0.0, 0.0, 1.0), 'direction_change_angle': 90.0}, 'type': 'JUNCTION'}
10.13.04 > Local pressure drop: 0.085 m
10.13.04 ==> Pressure after component ID 6943: 1.608 m
10.13.04 > Getting pipe properties for pipe with ID 4574...
10.13.04 > Pipe properties:
10.13.04 > {'len': 0.87, 'dim': 0.0278}
10.13.04 > Getting linear pressure drop for pipe with ID 4574...
10.13.04 > Linear pressure drop: 0.031 m
10.13.04 ==> Pressure after component ID 4574: 1.577 m
10.13.04 > Getting local pressure drop for connection with ID 8087...
10.13.04 > Getting valve properties for valve with ID 8087...
10.13.04 > Valve properties:
10.13.04 > {'dim': (0.025, 0.025), 'dir': {'incoming_unit_vector': (0.0, 0.0, 1.0), 'outgoing_unit_vector': (0.0, 0.0, 1.0), 'direction_change_angle': 0.0}, 'type': 'ISOLATING'}
10.13.04 > Local pressure drop: 0.007 m
10.13.04 ==> Pressure after component ID 8087: 1.57 m
10.13.04 > Getting pipe properties for pipe with ID 8107...
10.13.04 > Pipe properties:
10.13.04 > {'len': 1.664, 'dim': 0.0278}
10.13.04 > Getting linear pressure drop for pipe with ID 8107...
10.13.04 > Linear pressure drop: 0.059 m
10.13.04 ==> Pressure after component ID 8107: 1.511 m
10.13.04 > Getting local pressure drop for connection with ID 5357...
10.13.04 > Getting fitting properties for fitting with ID 5357...
10.13.04 > Fitting properties:
10.13.04 > {'dim': (0.025, 0.025), 'dir': {'incoming_unit_vector': (0.0, 0.0, 1.0), 'outgoing_unit_vector': (0.0, -1.0, 0.0), 'direction_change_angle': 90.0}, 'type': 'BEND'}
10.13.04 > Local pressure drop: 0.042 m
10.13.04 ==> Pressure after component ID 5357: 1.469 m
10.13.04 > Getting pipe properties for pipe with ID 8398...
10.13.04 > Pipe properties:
10.13.04 > {'len': 0.549, 'dim': 0.0278}
10.13.04 > Getting linear pressure drop for pipe with ID 8398...
10.13.04 > Linear pressure drop: 0.019 m
10.13.04 ==> Pressure after component ID 8398: 1.449 m
10.13.04 ====================================================================================================
10.13.04 > Available pressure at the sanitary terminal 5423 - Type: SHOWER:
10.13.04 > 1.449 m
10.13.04 ====================================================================================================
10.13.04 > Getting available pressure at sanitary terminal with ID 6986...
10.13.04 > Tank height: 3.895 m
10.13.04 > Terminal height: 0.9 m
10.13.04 > Initial pressure from gravity potential: 2.995 m
10.13.04 ----------------------------------------------------------------------------------------------------
10.13.04 > Getting local pressure drop for connection with ID 17772...
10.13.04 > Getting fitting properties for fitting with ID 17772...
10.13.04 > Fitting properties:
10.13.04 > {'dim': (0.025, 0.025), 'dir': {'incoming_unit_vector': (0.0, 1.0, 0.0), 'outgoing_unit_vector': (0.0, 0.0, -1.0), 'direction_change_angle': 90.0}, 'type': 'EXIT'}
10.13.04 > Local pressure drop: 0.005 m
10.13.04 ==> Pressure after component ID 17772: 2.99 m
10.13.04 > Getting pipe properties for pipe with ID 7037...
10.13.04 > Pipe properties:
10.13.04 > {'len': 0.419, 'dim': 0.0278}
10.13.04 > Getting linear pressure drop for pipe with ID 7037...
10.13.04 > Linear pressure drop: 0.002 m
10.13.04 ==> Pressure after component ID 7037: 2.988 m
10.13.04 > Getting local pressure drop for connection with ID 7020...
10.13.04 > Getting fitting properties for fitting with ID 7020...
10.13.04 > Fitting properties:
10.13.04 > {'dim': (0.025, 0.025), 'dir': {'incoming_unit_vector': (1.0, 0.0, 0.0), 'outgoing_unit_vector': (1.0, 0.0, 0.0), 'direction_change_angle': 0.0}, 'type': 'JUNCTION'}
10.13.04 > Local pressure drop: 0.013 m
10.13.04 ==> Pressure after component ID 7020: 2.975 m
10.13.04 > Getting pipe properties for pipe with ID 6962...
10.13.04 > Pipe properties:
10.13.04 > {'len': 0.118, 'dim': 0.0278}
10.13.04 > Getting linear pressure drop for pipe with ID 6962...
10.13.04 > Linear pressure drop: 0.002 m
10.13.04 ==> Pressure after component ID 6962: 2.973 m
10.13.04 > Getting local pressure drop for connection with ID 6943...
10.13.04 > Getting fitting properties for fitting with ID 6943...
10.13.04 > Fitting properties:
10.13.04 > {'dim': (0.025, 0.025), 'dir': {'incoming_unit_vector': (1.0, 0.0, 0.0), 'outgoing_unit_vector': (0.0, 0.0, 1.0), 'direction_change_angle': 90.0}, 'type': 'JUNCTION'}
10.13.04 > Local pressure drop: 0.085 m
10.13.04 ==> Pressure after component ID 6943: 2.889 m
10.13.04 > Getting pipe properties for pipe with ID 4574...
10.13.04 > Pipe properties:
10.13.04 > {'len': 0.87, 'dim': 0.0278}
10.13.04 > Getting linear pressure drop for pipe with ID 4574...
10.13.04 > Linear pressure drop: 0.031 m
10.13.04 ==> Pressure after component ID 4574: 2.858 m
10.13.04 > Getting local pressure drop for connection with ID 8087...
10.13.04 > Getting valve properties for valve with ID 8087...
10.13.04 > Valve properties:
10.13.04 > {'dim': (0.025, 0.025), 'dir': {'incoming_unit_vector': (0.0, 0.0, 1.0), 'outgoing_unit_vector': (0.0, 0.0, 1.0), 'direction_change_angle': 0.0}, 'type': 'ISOLATING'}
10.13.04 > Local pressure drop: 0.007 m
10.13.04 ==> Pressure after component ID 8087: 2.851 m
10.13.04 > Getting pipe properties for pipe with ID 8107...
10.13.04 > Pipe properties:
10.13.04 > {'len': 1.664, 'dim': 0.0278}
10.13.04 > Getting linear pressure drop for pipe with ID 8107...
10.13.04 > Linear pressure drop: 0.059 m
10.13.04 ==> Pressure after component ID 8107: 2.792 m
10.13.04 > Getting local pressure drop for connection with ID 5357...
10.13.04 > Getting fitting properties for fitting with ID 5357...
10.13.04 > Fitting properties:
10.13.04 > {'dim': (0.025, 0.025), 'dir': {'incoming_unit_vector': (0.0, 0.0, 1.0), 'outgoing_unit_vector': (0.0, -1.0, 0.0), 'direction_change_angle': 90.0}, 'type': 'BEND'}
10.13.04 > Local pressure drop: 0.042 m
10.13.04 ==> Pressure after component ID 5357: 2.75 m
10.13.04 > Getting pipe properties for pipe with ID 8398...
10.13.04 > Pipe properties:
10.13.04 > {'len': 0.549, 'dim': 0.0278}
10.13.04 > Getting linear pressure drop for pipe with ID 8398...
10.13.04 > Linear pressure drop: 0.019 m
10.13.04 ==> Pressure after component ID 8398: 2.73 m
10.13.04 ====================================================================================================
10.13.04 > Available pressure at the sanitary terminal 6986 - Type: WASHHANDBASIN:
10.13.04 > 2.73 m
10.13.04 ====================================================================================================
10.13.04 > Getting available pressure at sanitary terminal with ID 7061...
10.13.04 > Tank height: 3.895 m
10.13.04 > Terminal height: 0.2 m
10.13.04 > Initial pressure from gravity potential: 3.695 m
10.13.04 ----------------------------------------------------------------------------------------------------
10.13.04 > Getting local pressure drop for connection with ID 7848...
10.13.04 > Getting fitting properties for fitting with ID 7848...
10.13.04 > Fitting properties:
10.13.04 > {'dim': (0.025, 0.025), 'dir': {'incoming_unit_vector': (0.0, 1.0, 0.0), 'outgoing_unit_vector': (0.0, 0.0, -1.0), 'direction_change_angle': 90.0}, 'type': 'EXIT'}
10.13.04 > Local pressure drop: 0.005 m
10.13.04 ==> Pressure after component ID 7848: 3.69 m
10.13.04 > Getting pipe properties for pipe with ID 7003...
10.13.04 > Pipe properties:
10.13.04 > {'len': 0.67, 'dim': 0.0278}
10.13.04 > Getting linear pressure drop for pipe with ID 7003...
10.13.04 > Linear pressure drop: 0.003 m
10.13.04 ==> Pressure after component ID 7003: 3.687 m
10.13.04 > Getting local pressure drop for connection with ID 7020...
10.13.04 > Getting fitting properties for fitting with ID 7020...
10.13.04 > Fitting properties:
10.13.04 > {'dim': (0.025, 0.025), 'dir': {'incoming_unit_vector': (0.0, 0.0, 1.0), 'outgoing_unit_vector': (1.0, 0.0, 0.0), 'direction_change_angle': 90.0}, 'type': 'JUNCTION'}
10.13.04 > Local pressure drop: 0.035 m
10.13.04 ==> Pressure after component ID 7020: 3.652 m
10.13.04 > Getting pipe properties for pipe with ID 6962...
10.13.04 > Pipe properties:
10.13.04 > {'len': 0.118, 'dim': 0.0278}
10.13.04 > Getting linear pressure drop for pipe with ID 6962...
10.13.04 > Linear pressure drop: 0.002 m
10.13.04 ==> Pressure after component ID 6962: 3.651 m
10.13.04 > Getting local pressure drop for connection with ID 6943...
10.13.04 > Getting fitting properties for fitting with ID 6943...
10.13.04 > Fitting properties:
10.13.04 > {'dim': (0.025, 0.025), 'dir': {'incoming_unit_vector': (1.0, 0.0, 0.0), 'outgoing_unit_vector': (0.0, 0.0, 1.0), 'direction_change_angle': 90.0}, 'type': 'JUNCTION'}
10.13.04 > Local pressure drop: 0.085 m
10.13.04 ==> Pressure after component ID 6943: 3.566 m
10.13.04 > Getting pipe properties for pipe with ID 4574...
10.13.04 > Pipe properties:
10.13.04 > {'len': 0.87, 'dim': 0.0278}
10.13.04 > Getting linear pressure drop for pipe with ID 4574...
10.13.04 > Linear pressure drop: 0.031 m
10.13.04 ==> Pressure after component ID 4574: 3.535 m
10.13.04 > Getting local pressure drop for connection with ID 8087...
10.13.04 > Getting valve properties for valve with ID 8087...
10.13.04 > Valve properties:
10.13.04 > {'dim': (0.025, 0.025), 'dir': {'incoming_unit_vector': (0.0, 0.0, 1.0), 'outgoing_unit_vector': (0.0, 0.0, 1.0), 'direction_change_angle': 0.0}, 'type': 'ISOLATING'}
10.13.04 > Local pressure drop: 0.007 m
10.13.04 ==> Pressure after component ID 8087: 3.528 m
10.13.04 > Getting pipe properties for pipe with ID 8107...
10.13.04 > Pipe properties:
10.13.04 > {'len': 1.664, 'dim': 0.0278}
10.13.04 > Getting linear pressure drop for pipe with ID 8107...
10.13.04 > Linear pressure drop: 0.059 m
10.13.04 ==> Pressure after component ID 8107: 3.469 m
10.13.04 > Getting local pressure drop for connection with ID 5357...
10.13.04 > Getting fitting properties for fitting with ID 5357...
10.13.04 > Fitting properties:
10.13.04 > {'dim': (0.025, 0.025), 'dir': {'incoming_unit_vector': (0.0, 0.0, 1.0), 'outgoing_unit_vector': (0.0, -1.0, 0.0), 'direction_change_angle': 90.0}, 'type': 'BEND'}
10.13.04 > Local pressure drop: 0.042 m
10.13.04 ==> Pressure after component ID 5357: 3.427 m
10.13.04 > Getting pipe properties for pipe with ID 8398...
10.13.04 > Pipe properties:
10.13.04 > {'len': 0.549, 'dim': 0.0278}
10.13.04 > Getting linear pressure drop for pipe with ID 8398...
10.13.04 > Linear pressure drop: 0.019 m
10.13.04 ==> Pressure after component ID 8398: 3.408 m
10.13.04 ====================================================================================================
10.13.04 > Available pressure at the sanitary terminal 7061 - Type: WCSEAT:
10.13.04 > 3.408 m
10.13.04 ====================================================================================================
10.13.04 > Getting pipe properties for pipe with ID 5399...
10.13.04 > Pipe properties:
10.13.04 > {'len': 0.959, 'dim': 0.0278}
10.13.04 > Getting fitting properties for fitting with ID 7020...
10.13.04 > Fitting properties:
10.13.04 > {'dim': (0.025, 0.025), 'dir': {'incoming_unit_vector': (1.0, 0.0, 0.0), 'outgoing_unit_vector': (1.0, 0.0, 0.0), 'direction_change_angle': 0.0}, 'type': 'JUNCTION'}
10.13.47 >>> Project my-analysis:
10.13.47 >>> New run started at 27/01/2026 10:13:47.
10.13.47 ----------------------------------------------------------------------------------------------------
10.13.47 Successfully loaded IFC model
10.13.47 > Creating topology...
10.13.47 > Found 3 sanitary terminal(s) and 1 tank(s)...
10.13.47 > Topology created with 3 paths...
10.13.47 ----------------------------------------------------------------------------------------------------
10.13.47 > Getting available pressure at sanitary terminal with ID 5423...
10.13.47 > Tank height: 3.895 m
10.13.47 > Terminal height: 2.092 m
10.13.47 > Initial pressure from gravity potential: 1.803 m
10.13.47 ----------------------------------------------------------------------------------------------------
10.13.47 > Getting local pressure drop for connection with ID 6141...
10.13.47 > Getting fitting properties for fitting with ID 6141...
10.13.47 > Fitting properties:
10.13.47 > {'dim': (0.025, 0.025), 'dir': {'incoming_unit_vector': (0.0, 1.0, 0.0), 'outgoing_unit_vector': (0.0, 0.0, -1.0), 'direction_change_angle': 90.0}, 'type': 'EXIT'}
10.13.47 > Local pressure drop: 0.009 m
10.13.47 ==> Pressure after component ID 6141: 1.795 m
10.13.47 > Getting pipe properties for pipe with ID 5399...
10.13.47 > Pipe properties:
10.13.47 > {'len': 0.959, 'dim': 0.0278}
10.13.47 > Getting linear pressure drop for pipe with ID 5399...
10.13.47 > Linear pressure drop: 0.007 m
10.13.47 ==> Pressure after component ID 5399: 1.788 m
10.13.47 > Getting local pressure drop for connection with ID 8356...
10.13.47 > Getting valve properties for valve with ID 8356...
10.13.47 > Valve properties:
10.13.47 > {'dim': (0.025, 0.025), 'dir': {'incoming_unit_vector': (0.0, 0.0, -1.0), 'outgoing_unit_vector': (0.0, 0.0, -1.0), 'direction_change_angle': 0.0}, 'type': 'REGULATING'}
10.13.47 > Local pressure drop: 0.081 m
10.13.47 ==> Pressure after component ID 8356: 1.707 m
10.13.47 > Getting pipe properties for pipe with ID 8375...
10.13.47 > Pipe properties:
10.13.47 > {'len': 0.168, 'dim': 0.0278}
10.13.47 > Getting linear pressure drop for pipe with ID 8375...
10.13.47 > Linear pressure drop: 0.001 m
10.13.47 ==> Pressure after component ID 8375: 1.706 m
10.13.47 > Getting local pressure drop for connection with ID 5434...
10.13.47 > Getting fitting properties for fitting with ID 5434...
10.13.47 > Fitting properties:
10.13.47 > {'dim': (0.025, 0.025), 'dir': {'incoming_unit_vector': (0.0, 0.0, -1.0), 'outgoing_unit_vector': (-1.0, 0.0, 0.0), 'direction_change_angle': 90.0}, 'type': 'BEND'}
10.13.47 > Local pressure drop: 0.009 m
10.13.47 ==> Pressure after component ID 5434: 1.697 m
10.13.47 > Getting pipe properties for pipe with ID 5376...
10.13.47 > Pipe properties:
10.13.47 > {'len': 0.696, 'dim': 0.0278}
10.13.47 > Getting linear pressure drop for pipe with ID 5376...
10.13.47 > Linear pressure drop: 0.005 m
10.13.47 ==> Pressure after component ID 5376: 1.692 m
10.13.47 > Getting local pressure drop for connection with ID 6943...
10.13.47 > Getting fitting properties for fitting with ID 6943...
10.13.47 > Fitting properties:
10.13.47 > {'dim': (0.025, 0.025), 'dir': {'incoming_unit_vector': (-1.0, 0.0, 0.0), 'outgoing_unit_vector': (0.0, 0.0, 1.0), 'direction_change_angle': 90.0}, 'type': 'JUNCTION'}
10.13.47 > Local pressure drop: 0.085 m
10.13.47 ==> Pressure after component ID 6943: 1.608 m
10.13.47 > Getting pipe properties for pipe with ID 4574...
10.13.47 > Pipe properties:
10.13.47 > {'len': 0.87, 'dim': 0.0278}
10.13.47 > Getting linear pressure drop for pipe with ID 4574...
10.13.47 > Linear pressure drop: 0.031 m
10.13.47 ==> Pressure after component ID 4574: 1.577 m
10.13.47 > Getting local pressure drop for connection with ID 8087...
10.13.47 > Getting valve properties for valve with ID 8087...
10.13.47 > Valve properties:
10.13.47 > {'dim': (0.025, 0.025), 'dir': {'incoming_unit_vector': (0.0, 0.0, 1.0), 'outgoing_unit_vector': (0.0, 0.0, 1.0), 'direction_change_angle': 0.0}, 'type': 'ISOLATING'}
10.13.47 > Local pressure drop: 0.007 m
10.13.47 ==> Pressure after component ID 8087: 1.57 m
10.13.47 > Getting pipe properties for pipe with ID 8107...
10.13.47 > Pipe properties:
10.13.47 > {'len': 1.664, 'dim': 0.0278}
10.13.47 > Getting linear pressure drop for pipe with ID 8107...
10.13.47 > Linear pressure drop: 0.059 m
10.13.47 ==> Pressure after component ID 8107: 1.511 m
10.13.47 > Getting local pressure drop for connection with ID 5357...
10.13.47 > Getting fitting properties for fitting with ID 5357...
10.13.47 > Fitting properties:
10.13.47 > {'dim': (0.025, 0.025), 'dir': {'incoming_unit_vector': (0.0, 0.0, 1.0), 'outgoing_unit_vector': (0.0, -1.0, 0.0), 'direction_change_angle': 90.0}, 'type': 'BEND'}
10.13.47 > Local pressure drop: 0.042 m
10.13.47 ==> Pressure after component ID 5357: 1.469 m
10.13.47 > Getting pipe properties for pipe with ID 8398...
10.13.47 > Pipe properties:
10.13.47 > {'len': 0.549, 'dim': 0.0278}
10.13.47 > Getting linear pressure drop for pipe with ID 8398...
10.13.47 > Linear pressure drop: 0.019 m
10.13.47 ==> Pressure after component ID 8398: 1.449 m
10.13.47 ====================================================================================================
10.13.47 > Available pressure at the sanitary terminal 5423 - Type: SHOWER:
10.13.47 > 1.449 m
10.13.47 ====================================================================================================
10.13.47 > Getting available pressure at sanitary terminal with ID 6986...
10.13.47 > Tank height: 3.895 m
10.13.47 > Terminal height: 0.9 m
10.13.47 > Initial pressure from gravity potential: 2.995 m
10.13.47 ----------------------------------------------------------------------------------------------------
10.13.47 > Getting local pressure drop for connection with ID 17772...
10.13.47 > Getting fitting properties for fitting with ID 17772...
10.13.47 > Fitting properties:
10.13.47 > {'dim': (0.025, 0.025), 'dir': {'incoming_unit_vector': (0.0, 1.0, 0.0), 'outgoing_unit_vector': (0.0, 0.0, -1.0), 'direction_change_angle': 90.0}, 'type': 'EXIT'}
10.13.47 > Local pressure drop: 0.005 m
10.13.47 ==> Pressure after component ID 17772: 2.99 m
10.13.47 > Getting pipe properties for pipe with ID 7037...
10.13.47 > Pipe properties:
10.13.47 > {'len': 0.419, 'dim': 0.0278}
10.13.47 > Getting linear pressure drop for pipe with ID 7037...
10.13.47 > Linear pressure drop: 0.002 m
10.13.47 ==> Pressure after component ID 7037: 2.988 m
10.13.47 > Getting local pressure drop for connection with ID 7020...
10.13.47 > Getting fitting properties for fitting with ID 7020...
10.13.47 > Fitting properties:
10.13.47 > {'dim': (0.025, 0.025), 'dir': {'incoming_unit_vector': (1.0, 0.0, 0.0), 'outgoing_unit_vector': (1.0, 0.0, 0.0), 'direction_change_angle': 0.0}, 'type': 'JUNCTION'}
10.13.47 > Local pressure drop: 0.013 m
10.13.47 ==> Pressure after component ID 7020: 2.975 m
10.13.47 > Getting pipe properties for pipe with ID 6962...
10.13.47 > Pipe properties:
10.13.47 > {'len': 0.118, 'dim': 0.0278}
10.13.47 > Getting linear pressure drop for pipe with ID 6962...
10.13.47 > Linear pressure drop: 0.002 m
10.13.47 ==> Pressure after component ID 6962: 2.973 m
10.13.47 > Getting local pressure drop for connection with ID 6943...
10.13.47 > Getting fitting properties for fitting with ID 6943...
10.13.47 > Fitting properties:
10.13.47 > {'dim': (0.025, 0.025), 'dir': {'incoming_unit_vector': (1.0, 0.0, 0.0), 'outgoing_unit_vector': (0.0, 0.0, 1.0), 'direction_change_angle': 90.0}, 'type': 'JUNCTION'}
10.13.47 > Local pressure drop: 0.085 m
10.13.47 ==> Pressure after component ID 6943: 2.889 m
10.13.47 > Getting pipe properties for pipe with ID 4574...
10.13.47 > Pipe properties:
10.13.47 > {'len': 0.87, 'dim': 0.0278}
10.13.47 > Getting linear pressure drop for pipe with ID 4574...
10.13.47 > Linear pressure drop: 0.031 m
10.13.47 ==> Pressure after component ID 4574: 2.858 m
10.13.47 > Getting local pressure drop for connection with ID 8087...
10.13.47 > Getting valve properties for valve with ID 8087...
10.13.47 > Valve properties:
10.13.47 > {'dim': (0.025, 0.025), 'dir': {'incoming_unit_vector': (0.0, 0.0, 1.0), 'outgoing_unit_vector': (0.0, 0.0, 1.0), 'direction_change_angle': 0.0}, 'type': 'ISOLATING'}
10.13.47 > Local pressure drop: 0.007 m
10.13.47 ==> Pressure after component ID 8087: 2.851 m
10.13.47 > Getting pipe properties for pipe with ID 8107...
10.13.47 > Pipe properties:
10.13.47 > {'len': 1.664, 'dim': 0.0278}
10.13.47 > Getting linear pressure drop for pipe with ID 8107...
10.13.47 > Linear pressure drop: 0.059 m
10.13.47 ==> Pressure after component ID 8107: 2.792 m
10.13.47 > Getting local pressure drop for connection with ID 5357...
10.13.47 > Getting fitting properties for fitting with ID 5357...
10.13.47 > Fitting properties:
10.13.47 > {'dim': (0.025, 0.025), 'dir': {'incoming_unit_vector': (0.0, 0.0, 1.0), 'outgoing_unit_vector': (0.0, -1.0, 0.0), 'direction_change_angle': 90.0}, 'type': 'BEND'}
10.13.47 > Local pressure drop: 0.042 m
10.13.47 ==> Pressure after component ID 5357: 2.75 m
10.13.47 > Getting pipe properties for pipe with ID 8398...
10.13.47 > Pipe properties:
10.13.47 > {'len': 0.549, 'dim': 0.0278}
10.13.47 > Getting linear pressure drop for pipe with ID 8398...
10.13.47 > Linear pressure drop: 0.019 m
10.13.47 ==> Pressure after component ID 8398: 2.73 m
10.13.47 ====================================================================================================
10.13.47 > Available pressure at the sanitary terminal 6986 - Type: WASHHANDBASIN:
10.13.47 > 2.73 m
10.13.47 ====================================================================================================
10.13.47 > Getting available pressure at sanitary terminal with ID 7061...
10.13.47 > Tank height: 3.895 m
10.13.47 > Terminal height: 0.2 m
10.13.47 > Initial pressure from gravity potential: 3.695 m
10.13.47 ----------------------------------------------------------------------------------------------------
10.13.47 > Getting local pressure drop for connection with ID 7848...
10.13.47 > Getting fitting properties for fitting with ID 7848...
10.13.47 > Fitting properties:
10.13.47 > {'dim': (0.025, 0.025), 'dir': {'incoming_unit_vector': (0.0, 1.0, 0.0), 'outgoing_unit_vector': (0.0, 0.0, -1.0), 'direction_change_angle': 90.0}, 'type': 'EXIT'}
10.13.47 > Local pressure drop: 0.005 m
10.13.47 ==> Pressure after component ID 7848: 3.69 m
10.13.47 > Getting pipe properties for pipe with ID 7003...
10.13.47 > Pipe properties:
10.13.47 > {'len': 0.67, 'dim': 0.0278}
10.13.47 > Getting linear pressure drop for pipe with ID 7003...
10.13.47 > Linear pressure drop: 0.003 m
10.13.47 ==> Pressure after component ID 7003: 3.687 m
10.13.47 > Getting local pressure drop for connection with ID 7020...
10.13.47 > Getting fitting properties for fitting with ID 7020...
10.13.47 > Fitting properties:
10.13.47 > {'dim': (0.025, 0.025), 'dir': {'incoming_unit_vector': (0.0, 0.0, 1.0), 'outgoing_unit_vector': (1.0, 0.0, 0.0), 'direction_change_angle': 90.0}, 'type': 'JUNCTION'}
10.13.47 > Local pressure drop: 0.035 m
10.13.47 ==> Pressure after component ID 7020: 3.652 m
10.13.47 > Getting pipe properties for pipe with ID 6962...
10.13.47 > Pipe properties:
10.13.47 > {'len': 0.118, 'dim': 0.0278}
10.13.47 > Getting linear pressure drop for pipe with ID 6962...
10.13.47 > Linear pressure drop: 0.002 m
10.13.47 ==> Pressure after component ID 6962: 3.651 m
10.13.47 > Getting local pressure drop for connection with ID 6943...
10.13.47 > Getting fitting properties for fitting with ID 6943...
10.13.47 > Fitting properties:
10.13.47 > {'dim': (0.025, 0.025), 'dir': {'incoming_unit_vector': (1.0, 0.0, 0.0), 'outgoing_unit_vector': (0.0, 0.0, 1.0), 'direction_change_angle': 90.0}, 'type': 'JUNCTION'}
10.13.47 > Local pressure drop: 0.085 m
10.13.47 ==> Pressure after component ID 6943: 3.566 m
10.13.47 > Getting pipe properties for pipe with ID 4574...
10.13.47 > Pipe properties:
10.13.47 > {'len': 0.87, 'dim': 0.0278}
10.13.47 > Getting linear pressure drop for pipe with ID 4574...
10.13.47 > Linear pressure drop: 0.031 m
10.13.47 ==> Pressure after component ID 4574: 3.535 m
10.13.47 > Getting local pressure drop for connection with ID 8087...
10.13.47 > Getting valve properties for valve with ID 8087...
10.13.47 > Valve properties:
10.13.47 > {'dim': (0.025, 0.025), 'dir': {'incoming_unit_vector': (0.0, 0.0, 1.0), 'outgoing_unit_vector': (0.0, 0.0, 1.0), 'direction_change_angle': 0.0}, 'type': 'ISOLATING'}
10.13.47 > Local pressure drop: 0.007 m
10.13.47 ==> Pressure after component ID 8087: 3.528 m
10.13.47 > Getting pipe properties for pipe with ID 8107...
10.13.47 > Pipe properties:
10.13.47 > {'len': 1.664, 'dim': 0.0278}
10.13.47 > Getting linear pressure drop for pipe with ID 8107...
10.13.47 > Linear pressure drop: 0.059 m
10.13.47 ==> Pressure after component ID 8107: 3.469 m
10.13.47 > Getting local pressure drop for connection with ID 5357...
10.13.47 > Getting fitting properties for fitting with ID 5357...
10.13.47 > Fitting properties:
10.13.47 > {'dim': (0.025, 0.025), 'dir': {'incoming_unit_vector': (0.0, 0.0, 1.0), 'outgoing_unit_vector': (0.0, -1.0, 0.0), 'direction_change_angle': 90.0}, 'type': 'BEND'}
10.13.47 > Local pressure drop: 0.042 m
10.13.47 ==> Pressure after component ID 5357: 3.427 m
10.13.47 > Getting pipe properties for pipe with ID 8398...
10.13.47 > Pipe properties:
10.13.47 > {'len': 0.549, 'dim': 0.0278}
10.13.47 > Getting linear pressure drop for pipe with ID 8398...
10.13.47 > Linear pressure drop: 0.019 m
10.13.47 ==> Pressure after component ID 8398: 3.408 m
10.13.47 ====================================================================================================
10.13.47 > Available pressure at the sanitary terminal 7061 - Type: WCSEAT:
10.13.47 > 3.408 m
10.13.47 ====================================================================================================
10.13.47 > Getting pipe properties for pipe with ID 5399...
10.13.47 > Pipe properties:
10.13.47 > {'len': 0.959, 'dim': 0.0278}
10.13.47 > Getting fitting properties for fitting with ID 7020...
10.13.47 > Fitting properties:
10.13.47 > {'dim': (0.025, 0.025), 'dir': {'incoming_unit_vector': (1.0, 0.0, 0.0), 'outgoing_unit_vector': (1.0, 0.0, 0.0), 'direction_change_angle': 0.0}, 'type': 'JUNCTION'}
10.13.47 > Getting pipe properties for pipe with ID 5399...
10.13.47 > Pipe properties:
10.13.47 > {'len': 0.959, 'dim': 0.0278}
10.13.47 > Getting linear pressure drop for pipe with ID 5399...
10.13.47 > Linear pressure drop: 0.007 m
10.13.47 > Getting local pressure drop for connection with ID 7020...
10.13.47 > Getting fitting properties for fitting with ID 7020...
10.13.47 > Fitting properties:
10.13.47 > {'dim': (0.025, 0.025), 'dir': {'incoming_unit_vector': (1.0, 0.0, 0.0), 'outgoing_unit_vector': (1.0, 0.0, 0.0), 'direction_change_angle': 0.0}, 'type': 'JUNCTION'}
10.13.47 > Local pressure drop: 0.013 m
10.13.47 > Getting available pressure at sanitary terminal with ID 5423...
10.13.47 > Tank height: 3.895 m
10.13.47 > Terminal height: 2.092 m
10.13.47 > Initial pressure from gravity potential: 1.803 m
10.13.47 ----------------------------------------------------------------------------------------------------
10.13.47 > Getting local pressure drop for connection with ID 6141...
10.13.47 > Getting fitting properties for fitting with ID 6141...
10.13.47 > Fitting properties:
10.13.47 > {'dim': (0.025, 0.025), 'dir': {'incoming_unit_vector': (0.0, 1.0, 0.0), 'outgoing_unit_vector': (0.0, 0.0, -1.0), 'direction_change_angle': 90.0}, 'type': 'EXIT'}
10.13.47 > Local pressure drop: 0.009 m
10.13.47 ==> Pressure after component ID 6141: 1.795 m
10.13.47 > Getting pipe properties for pipe with ID 5399...
10.13.47 > Pipe properties:
10.13.47 > {'len': 0.959, 'dim': 0.0278}
10.13.47 > Getting linear pressure drop for pipe with ID 5399...
10.13.47 > Linear pressure drop: 0.007 m
10.13.47 ==> Pressure after component ID 5399: 1.788 m
10.13.47 > Getting local pressure drop for connection with ID 8356...
10.13.47 > Getting valve properties for valve with ID 8356...
10.13.47 > Valve properties:
10.13.47 > {'dim': (0.025, 0.025), 'dir': {'incoming_unit_vector': (0.0, 0.0, -1.0), 'outgoing_unit_vector': (0.0, 0.0, -1.0), 'direction_change_angle': 0.0}, 'type': 'REGULATING'}
10.13.47 > Local pressure drop: 0.081 m
10.13.47 ==> Pressure after component ID 8356: 1.707 m
10.13.47 > Getting pipe properties for pipe with ID 8375...
10.13.47 > Pipe properties:
10.13.47 > {'len': 0.168, 'dim': 0.0278}
10.13.47 > Getting linear pressure drop for pipe with ID 8375...
10.13.47 > Linear pressure drop: 0.001 m
10.13.47 ==> Pressure after component ID 8375: 1.706 m
10.13.47 > Getting local pressure drop for connection with ID 5434...
10.13.47 > Getting fitting properties for fitting with ID 5434...
10.13.47 > Fitting properties:
10.13.47 > {'dim': (0.025, 0.025), 'dir': {'incoming_unit_vector': (0.0, 0.0, -1.0), 'outgoing_unit_vector': (-1.0, 0.0, 0.0), 'direction_change_angle': 90.0}, 'type': 'BEND'}
10.13.47 > Local pressure drop: 0.009 m
10.13.47 ==> Pressure after component ID 5434: 1.697 m
10.13.47 > Getting pipe properties for pipe with ID 5376...
10.13.47 > Pipe properties:
10.13.47 > {'len': 0.696, 'dim': 0.0278}
10.13.47 > Getting linear pressure drop for pipe with ID 5376...
10.13.47 > Linear pressure drop: 0.005 m
10.13.47 ==> Pressure after component ID 5376: 1.692 m
10.13.47 > Getting local pressure drop for connection with ID 6943...
10.13.47 > Getting fitting properties for fitting with ID 6943...
10.13.47 > Fitting properties:
10.13.47 > {'dim': (0.025, 0.025), 'dir': {'incoming_unit_vector': (-1.0, 0.0, 0.0), 'outgoing_unit_vector': (0.0, 0.0, 1.0), 'direction_change_angle': 90.0}, 'type': 'JUNCTION'}
10.13.47 > Local pressure drop: 0.085 m
10.13.47 ==> Pressure after component ID 6943: 1.608 m
10.13.47 > Getting pipe properties for pipe with ID 4574...
10.13.47 > Pipe properties:
10.13.47 > {'len': 0.87, 'dim': 0.0278}
10.13.47 > Getting linear pressure drop for pipe with ID 4574...
10.13.47 > Linear pressure drop: 0.031 m
10.13.47 ==> Pressure after component ID 4574: 1.577 m
10.13.47 > Getting local pressure drop for connection with ID 8087...
10.13.47 > Getting valve properties for valve with ID 8087...
10.13.47 > Valve properties:
10.13.47 > {'dim': (0.025, 0.025), 'dir': {'incoming_unit_vector': (0.0, 0.0, 1.0), 'outgoing_unit_vector': (0.0, 0.0, 1.0), 'direction_change_angle': 0.0}, 'type': 'ISOLATING'}
10.13.47 > Local pressure drop: 0.007 m
10.13.47 ==> Pressure after component ID 8087: 1.57 m
10.13.47 > Getting pipe properties for pipe with ID 8107...
10.13.47 > Pipe properties:
10.13.47 > {'len': 1.664, 'dim': 0.0278}
10.13.47 > Getting linear pressure drop for pipe with ID 8107...
10.13.47 > Linear pressure drop: 0.059 m
10.13.47 ==> Pressure after component ID 8107: 1.511 m
10.13.47 > Getting local pressure drop for connection with ID 5357...
10.13.47 > Getting fitting properties for fitting with ID 5357...
10.13.47 > Fitting properties:
10.13.47 > {'dim': (0.025, 0.025), 'dir': {'incoming_unit_vector': (0.0, 0.0, 1.0), 'outgoing_unit_vector': (0.0, -1.0, 0.0), 'direction_change_angle': 90.0}, 'type': 'BEND'}
10.13.47 > Local pressure drop: 0.042 m
10.13.47 ==> Pressure after component ID 5357: 1.469 m
10.13.47 > Getting pipe properties for pipe with ID 8398...
10.13.47 > Pipe properties:
10.13.47 > {'len': 0.549, 'dim': 0.0278}
10.13.47 > Getting linear pressure drop for pipe with ID 8398...
10.13.47 > Linear pressure drop: 0.019 m
10.13.47 ==> Pressure after component ID 8398: 1.449 m
10.13.47 ====================================================================================================
10.13.47 > Available pressure at the sanitary terminal 5423 - Type: SHOWER:
10.13.47 > 1.449 m
10.13.47 ====================================================================================================
