11.35.15 >>> Project demo:
11.35.15 >>> New run started at 29/01/2026 11:35:15.
11.35.15 ----------------------------------------------------------------------------------------------------
11.35.16 > Successfully loaded IFC model from: .\ifc_hydro\examples\demo\demo-project.ifc
11.35.16 > Creating topology...
11.35.16 > Found 3 sanitary terminal(s) and 1 tank(s)...
11.35.16 > Topology created with 3 paths...
11.35.16 ----------------------------------------------------------------------------------------------------
11.35.17 > Getting available pressure at sanitary terminal with ID 5423...
11.35.17 > Tank height: 4.32 m
11.35.17 > Terminal height: 2.504 m
11.35.17 > Initial pressure from gravity potential: 1.816 m
11.35.17 ----------------------------------------------------------------------------------------------------
11.35.17 > Getting local pressure drop for connection with ID 6141...
11.35.17 > Getting fitting properties for fitting with ID 6141...
11.35.17 > Fitting properties:
11.35.17 > {'dim': (0.025, 0.025), 'dir': {'incoming_unit_vector': (0.0, 1.0, 0.0), 'outgoing_unit_vector': (0.0, 0.0, -1.0), 'direction_change_angle': 90.0}, 'type': 'EXIT'}
11.35.17 > Local pressure drop: 0.009 m
11.35.17 ==> Pressure after component ID 6141: 1.807 m
11.35.17 > Getting pipe properties for pipe with ID 5399...
11.35.17 > Pipe properties:
11.35.17 > {'len': 0.959, 'dim': 0.0278}
11.35.17 > Getting linear pressure drop for pipe with ID 5399...
11.35.17 > Linear pressure drop: 0.007 m
11.35.17 ==> Pressure after component ID 5399: 1.801 m
11.35.17 > Getting local pressure drop for connection with ID 8356...
11.35.17 > Getting valve properties for valve with ID 8356...
11.35.17 > Valve properties:
11.35.17 > {'dim': (0.025, 0.025), 'dir': {'incoming_unit_vector': (0.0, 0.0, -1.0), 'outgoing_unit_vector': (0.0, 0.0, -1.0), 'direction_change_angle': 0.0}, 'type': 'REGULATING'}
11.35.17 > Local pressure drop: 0.081 m
11.35.17 ==> Pressure after component ID 8356: 1.72 m
11.35.17 > Getting pipe properties for pipe with ID 8375...
11.35.17 > Pipe properties:
11.35.17 > {'len': 0.168, 'dim': 0.0278}
11.35.17 > Getting linear pressure drop for pipe with ID 8375...
11.35.17 > Linear pressure drop: 0.001 m
11.35.17 ==> Pressure after component ID 8375: 1.718 m
11.35.17 > Getting local pressure drop for connection with ID 5434...
11.35.17 > Getting fitting properties for fitting with ID 5434...
11.35.17 > Fitting properties:
11.35.17 > {'dim': (0.025, 0.025), 'dir': {'incoming_unit_vector': (0.0, 0.0, -1.0), 'outgoing_unit_vector': (-1.0, 0.0, 0.0), 'direction_change_angle': 90.0}, 'type': 'BEND'}
11.35.17 > Local pressure drop: 0.009 m
11.35.17 ==> Pressure after component ID 5434: 1.71 m
11.35.17 > Getting pipe properties for pipe with ID 5376...
11.35.17 > Pipe properties:
11.35.17 > {'len': 0.696, 'dim': 0.0278}
11.35.17 > Getting linear pressure drop for pipe with ID 5376...
11.35.17 > Linear pressure drop: 0.005 m
11.35.17 ==> Pressure after component ID 5376: 1.705 m
11.35.17 > Getting local pressure drop for connection with ID 6943...
11.35.17 > Getting fitting properties for fitting with ID 6943...
11.35.17 > Fitting properties:
11.35.17 > {'dim': (0.025, 0.025), 'dir': {'incoming_unit_vector': (-1.0, 0.0, 0.0), 'outgoing_unit_vector': (0.0, 0.0, 1.0), 'direction_change_angle': 90.0}, 'type': 'JUNCTION'}
11.35.17 > Local pressure drop: 0.085 m
11.35.17 ==> Pressure after component ID 6943: 1.62 m
11.35.17 > Getting pipe properties for pipe with ID 4574...
11.35.17 > Pipe properties:
11.35.17 > {'len': 0.87, 'dim': 0.0278}
11.35.17 > Getting linear pressure drop for pipe with ID 4574...
11.35.17 > Linear pressure drop: 0.031 m
11.35.17 ==> Pressure after component ID 4574: 1.59 m
11.35.17 > Getting local pressure drop for connection with ID 8087...
11.35.17 > Getting valve properties for valve with ID 8087...
11.35.17 > Valve properties:
11.35.17 > {'dim': (0.025, 0.025), 'dir': {'incoming_unit_vector': (0.0, 0.0, 1.0), 'outgoing_unit_vector': (0.0, 0.0, 1.0), 'direction_change_angle': 0.0}, 'type': 'ISOLATING'}
11.35.17 > Local pressure drop: 0.007 m
11.35.17 ==> Pressure after component ID 8087: 1.582 m
11.35.17 > Getting pipe properties for pipe with ID 8107...
11.35.17 > Pipe properties:
11.35.17 > {'len': 1.664, 'dim': 0.0278}
11.35.17 > Getting linear pressure drop for pipe with ID 8107...
11.35.17 > Linear pressure drop: 0.059 m
11.35.17 ==> Pressure after component ID 8107: 1.524 m
11.35.17 > Getting local pressure drop for connection with ID 5357...
11.35.17 > Getting fitting properties for fitting with ID 5357...
11.35.17 > Fitting properties:
11.35.17 > {'dim': (0.025, 0.025), 'dir': {'incoming_unit_vector': (0.0, 0.0, 1.0), 'outgoing_unit_vector': (0.0, -1.0, 0.0), 'direction_change_angle': 90.0}, 'type': 'BEND'}
11.35.17 > Local pressure drop: 0.042 m
11.35.17 ==> Pressure after component ID 5357: 1.481 m
11.35.17 > Getting pipe properties for pipe with ID 8398...
11.35.17 > Pipe properties:
11.35.17 > {'len': 0.549, 'dim': 0.0278}
11.35.17 > Getting linear pressure drop for pipe with ID 8398...
11.35.17 > Linear pressure drop: 0.019 m
11.35.17 ==> Pressure after component ID 8398: 1.462 m
11.35.17 ====================================================================================================
11.35.17 > Available pressure at the sanitary terminal 5423 - Type: SHOWER:
11.35.17 > 1.46 m
11.35.17 ====================================================================================================
11.35.18 > Getting available pressure at sanitary terminal with ID 6986...
11.35.18 > Tank height: 4.32 m
11.35.18 > Terminal height: 1.313 m
11.35.18 > Initial pressure from gravity potential: 3.007 m
11.35.18 ----------------------------------------------------------------------------------------------------
11.35.18 > Getting local pressure drop for connection with ID 17772...
11.35.18 > Getting fitting properties for fitting with ID 17772...
11.35.18 > Fitting properties:
11.35.18 > {'dim': (0.025, 0.025), 'dir': {'incoming_unit_vector': (0.0, 1.0, 0.0), 'outgoing_unit_vector': (0.0, 0.0, -1.0), 'direction_change_angle': 90.0}, 'type': 'EXIT'}
11.35.18 > Local pressure drop: 0.005 m
11.35.18 ==> Pressure after component ID 17772: 3.002 m
11.35.18 > Getting pipe properties for pipe with ID 7037...
11.35.18 > Pipe properties:
11.35.18 > {'len': 0.419, 'dim': 0.0278}
11.35.18 > Getting linear pressure drop for pipe with ID 7037...
11.35.18 > Linear pressure drop: 0.002 m
11.35.18 ==> Pressure after component ID 7037: 3.0 m
11.35.18 > Getting local pressure drop for connection with ID 7020...
11.35.18 > Getting fitting properties for fitting with ID 7020...
11.35.18 > Fitting properties:
11.35.18 > {'dim': (0.025, 0.025), 'dir': {'incoming_unit_vector': (1.0, 0.0, 0.0), 'outgoing_unit_vector': (1.0, 0.0, 0.0), 'direction_change_angle': 0.0}, 'type': 'JUNCTION'}
11.35.18 > Local pressure drop: 0.013 m
11.35.18 ==> Pressure after component ID 7020: 2.987 m
11.35.18 > Getting pipe properties for pipe with ID 6962...
11.35.18 > Pipe properties:
11.35.18 > {'len': 0.118, 'dim': 0.0278}
11.35.18 > Getting linear pressure drop for pipe with ID 6962...
11.35.18 > Linear pressure drop: 0.002 m
11.35.18 ==> Pressure after component ID 6962: 2.985 m
11.35.18 > Getting local pressure drop for connection with ID 6943...
11.35.18 > Getting fitting properties for fitting with ID 6943...
11.35.18 > Fitting properties:
11.35.18 > {'dim': (0.025, 0.025), 'dir': {'incoming_unit_vector': (1.0, 0.0, 0.0), 'outgoing_unit_vector': (0.0, 0.0, 1.0), 'direction_change_angle': 90.0}, 'type': 'JUNCTION'}
11.35.18 > Local pressure drop: 0.085 m
11.35.18 ==> Pressure after component ID 6943: 2.901 m
11.35.18 > Getting pipe properties for pipe with ID 4574...
11.35.18 > Pipe properties:
11.35.18 > {'len': 0.87, 'dim': 0.0278}
11.35.18 > Getting linear pressure drop for pipe with ID 4574...
11.35.18 > Linear pressure drop: 0.031 m
11.35.18 ==> Pressure after component ID 4574: 2.87 m
11.35.18 > Getting local pressure drop for connection with ID 8087...
11.35.18 > Getting valve properties for valve with ID 8087...
11.35.18 > Valve properties:
11.35.18 > {'dim': (0.025, 0.025), 'dir': {'incoming_unit_vector': (0.0, 0.0, 1.0), 'outgoing_unit_vector': (0.0, 0.0, 1.0), 'direction_change_angle': 0.0}, 'type': 'ISOLATING'}
11.35.18 > Local pressure drop: 0.007 m
11.35.18 ==> Pressure after component ID 8087: 2.863 m
11.35.18 > Getting pipe properties for pipe with ID 8107...
11.35.18 > Pipe properties:
11.35.18 > {'len': 1.664, 'dim': 0.0278}
11.35.18 > Getting linear pressure drop for pipe with ID 8107...
11.35.18 > Linear pressure drop: 0.059 m
11.35.18 ==> Pressure after component ID 8107: 2.804 m
11.35.18 > Getting local pressure drop for connection with ID 5357...
11.35.18 > Getting fitting properties for fitting with ID 5357...
11.35.18 > Fitting properties:
11.35.18 > {'dim': (0.025, 0.025), 'dir': {'incoming_unit_vector': (0.0, 0.0, 1.0), 'outgoing_unit_vector': (0.0, -1.0, 0.0), 'direction_change_angle': 90.0}, 'type': 'BEND'}
11.35.18 > Local pressure drop: 0.042 m
11.35.18 ==> Pressure after component ID 5357: 2.762 m
11.35.18 > Getting pipe properties for pipe with ID 8398...
11.35.18 > Pipe properties:
11.35.18 > {'len': 0.549, 'dim': 0.0278}
11.35.18 > Getting linear pressure drop for pipe with ID 8398...
11.35.18 > Linear pressure drop: 0.019 m
11.35.18 ==> Pressure after component ID 8398: 2.742 m
11.35.18 ====================================================================================================
11.35.18 > Available pressure at the sanitary terminal 6986 - Type: WASHHANDBASIN:
11.35.18 > 2.74 m
11.35.18 ====================================================================================================
11.35.19 > Getting available pressure at sanitary terminal with ID 7061...
11.35.19 > Tank height: 4.32 m
11.35.19 > Terminal height: 0.613 m
11.35.19 > Initial pressure from gravity potential: 3.707 m
11.35.19 ----------------------------------------------------------------------------------------------------
11.35.19 > Getting local pressure drop for connection with ID 7848...
11.35.19 > Getting fitting properties for fitting with ID 7848...
11.35.19 > Fitting properties:
11.35.19 > {'dim': (0.025, 0.025), 'dir': {'incoming_unit_vector': (0.0, 1.0, 0.0), 'outgoing_unit_vector': (0.0, 0.0, -1.0), 'direction_change_angle': 90.0}, 'type': 'EXIT'}
11.35.19 > Local pressure drop: 0.005 m
11.35.19 ==> Pressure after component ID 7848: 3.702 m
11.35.19 > Getting pipe properties for pipe with ID 7003...
11.35.19 > Pipe properties:
11.35.19 > {'len': 0.67, 'dim': 0.0278}
11.35.19 > Getting linear pressure drop for pipe with ID 7003...
11.35.19 > Linear pressure drop: 0.003 m
11.35.19 ==> Pressure after component ID 7003: 3.699 m
11.35.19 > Getting local pressure drop for connection with ID 7020...
11.35.19 > Getting fitting properties for fitting with ID 7020...
11.35.19 > Fitting properties:
11.35.19 > {'dim': (0.025, 0.025), 'dir': {'incoming_unit_vector': (0.0, 0.0, 1.0), 'outgoing_unit_vector': (1.0, 0.0, 0.0), 'direction_change_angle': 90.0}, 'type': 'JUNCTION'}
11.35.19 > Local pressure drop: 0.035 m
11.35.19 ==> Pressure after component ID 7020: 3.664 m
11.35.19 > Getting pipe properties for pipe with ID 6962...
11.35.19 > Pipe properties:
11.35.19 > {'len': 0.118, 'dim': 0.0278}
11.35.19 > Getting linear pressure drop for pipe with ID 6962...
11.35.19 > Linear pressure drop: 0.002 m
11.35.19 ==> Pressure after component ID 6962: 3.663 m
11.35.19 > Getting local pressure drop for connection with ID 6943...
11.35.19 > Getting fitting properties for fitting with ID 6943...
11.35.19 > Fitting properties:
11.35.19 > {'dim': (0.025, 0.025), 'dir': {'incoming_unit_vector': (1.0, 0.0, 0.0), 'outgoing_unit_vector': (0.0, 0.0, 1.0), 'direction_change_angle': 90.0}, 'type': 'JUNCTION'}
11.35.19 > Local pressure drop: 0.085 m
11.35.19 ==> Pressure after component ID 6943: 3.578 m
11.35.19 > Getting pipe properties for pipe with ID 4574...
11.35.19 > Pipe properties:
11.35.19 > {'len': 0.87, 'dim': 0.0278}
11.35.19 > Getting linear pressure drop for pipe with ID 4574...
11.35.19 > Linear pressure drop: 0.031 m
11.35.19 ==> Pressure after component ID 4574: 3.547 m
11.35.19 > Getting local pressure drop for connection with ID 8087...
11.35.19 > Getting valve properties for valve with ID 8087...
11.35.19 > Valve properties:
11.35.19 > {'dim': (0.025, 0.025), 'dir': {'incoming_unit_vector': (0.0, 0.0, 1.0), 'outgoing_unit_vector': (0.0, 0.0, 1.0), 'direction_change_angle': 0.0}, 'type': 'ISOLATING'}
11.35.19 > Local pressure drop: 0.007 m
11.35.19 ==> Pressure after component ID 8087: 3.54 m
11.35.19 > Getting pipe properties for pipe with ID 8107...
11.35.19 > Pipe properties:
11.35.19 > {'len': 1.664, 'dim': 0.0278}
11.35.19 > Getting linear pressure drop for pipe with ID 8107...
11.35.19 > Linear pressure drop: 0.059 m
11.35.19 ==> Pressure after component ID 8107: 3.481 m
11.35.19 > Getting local pressure drop for connection with ID 5357...
11.35.19 > Getting fitting properties for fitting with ID 5357...
11.35.19 > Fitting properties:
11.35.19 > {'dim': (0.025, 0.025), 'dir': {'incoming_unit_vector': (0.0, 0.0, 1.0), 'outgoing_unit_vector': (0.0, -1.0, 0.0), 'direction_change_angle': 90.0}, 'type': 'BEND'}
11.35.19 > Local pressure drop: 0.042 m
11.35.19 ==> Pressure after component ID 5357: 3.439 m
11.35.19 > Getting pipe properties for pipe with ID 8398...
11.35.19 > Pipe properties:
11.35.19 > {'len': 0.549, 'dim': 0.0278}
11.35.19 > Getting linear pressure drop for pipe with ID 8398...
11.35.19 > Linear pressure drop: 0.019 m
11.35.19 ==> Pressure after component ID 8398: 3.42 m
11.35.19 ====================================================================================================
11.35.19 > Available pressure at the sanitary terminal 7061 - Type: WCSEAT:
11.35.19 > 3.42 m
11.35.19 ====================================================================================================
