09.01.54 >>> Project ifc-hydro:
09.01.54 >>> New run started at 05/02/2026 09:01:54.
09.01.54 ----------------------------------------------------------------------------------------------------
09.01.55 > Successfully loaded IFC model from: .\ifc_hydro\examples\demo\demo-project.ifc
09.01.55 > Creating topology...
09.01.55 > Found 3 sanitary terminal(s) and 1 tank(s)...
09.01.55 > Topology created with 3 paths...
09.01.55 ----------------------------------------------------------------------------------------------------
09.01.57 > Getting available pressure at sanitary terminal with ID 5423...
09.01.57 > Tank height: 4.32 m
09.01.57 > Terminal height: 2.504 m
09.01.57 > Initial pressure from gravity potential: 1.816 m
09.01.57 ----------------------------------------------------------------------------------------------------
09.01.57 > Getting local pressure drop for connection with ID 6141...
09.01.57 > Getting fitting properties for fitting with ID 6141...
09.01.57 > WARNING: Failed to calculate pressure loss for fitting component ID 6141: entity instance of type 'IFC4.IfcPipeFitting' has no attribute 'by_guid'
09.01.57 > Getting pipe properties for pipe with ID 5399...
09.01.57 > Pipe properties:
09.01.57 > {'len': 0.959, 'dim': 0.0278}
09.01.57 > Getting linear pressure drop for pipe with ID 5399...
09.01.57 > Linear pressure drop: 0.007 m
09.01.57 ==> Pressure after component ID 5399: 1.809 m
09.01.57 > Getting local pressure drop for connection with ID 8356...
09.01.57 > Getting valve properties for valve with ID 8356...
09.01.57 > Valve properties:
09.01.57 > {'dim': (0.025, 0.025), 'dir': {'incoming_unit_vector': (0.0, 0.0, -1.0), 'outgoing_unit_vector': (0.0, 0.0, -1.0), 'direction_change_angle': 0.0}, 'type': 'REGULATING'}
09.01.57 > Local pressure drop: 0.081 m
09.01.57 ==> Pressure after component ID 8356: 1.728 m
09.01.57 > Getting pipe properties for pipe with ID 8375...
09.01.57 > Pipe properties:
09.01.57 > {'len': 0.168, 'dim': 0.0278}
09.01.57 > Getting linear pressure drop for pipe with ID 8375...
09.01.57 > Linear pressure drop: 0.001 m
09.01.57 ==> Pressure after component ID 8375: 1.727 m
09.01.57 > Getting local pressure drop for connection with ID 5434...
09.01.57 > Getting fitting properties for fitting with ID 5434...
09.01.57 > WARNING: Failed to calculate pressure loss for fitting component ID 5434: entity instance of type 'IFC4.IfcPipeFitting' has no attribute 'by_guid'
09.01.57 > Getting pipe properties for pipe with ID 5376...
09.01.57 > Pipe properties:
09.01.57 > {'len': 0.696, 'dim': 0.0278}
09.01.57 > Getting linear pressure drop for pipe with ID 5376...
09.01.57 > Linear pressure drop: 0.005 m
09.01.57 ==> Pressure after component ID 5376: 1.722 m
09.01.57 > Getting local pressure drop for connection with ID 6943...
09.01.57 > Getting fitting properties for fitting with ID 6943...
09.01.57 > WARNING: Failed to calculate pressure loss for fitting component ID 6943: entity instance of type 'IFC4.IfcPipeFitting' has no attribute 'by_guid'
09.01.57 > Getting pipe properties for pipe with ID 4574...
09.01.57 > Pipe properties:
09.01.57 > {'len': 0.87, 'dim': 0.0278}
09.01.57 > Getting linear pressure drop for pipe with ID 4574...
09.01.57 > Linear pressure drop: 0.031 m
09.01.57 ==> Pressure after component ID 4574: 1.691 m
09.01.57 > Getting local pressure drop for connection with ID 8087...
09.01.57 > Getting valve properties for valve with ID 8087...
09.01.57 > Valve properties:
09.01.57 > {'dim': (0.025, 0.025), 'dir': {'incoming_unit_vector': (0.0, 0.0, 1.0), 'outgoing_unit_vector': (0.0, 0.0, 1.0), 'direction_change_angle': 0.0}, 'type': 'ISOLATING'}
09.01.57 > Local pressure drop: 0.007 m
09.01.57 ==> Pressure after component ID 8087: 1.684 m
09.01.57 > Getting pipe properties for pipe with ID 8107...
09.01.57 > Pipe properties:
09.01.57 > {'len': 1.664, 'dim': 0.0278}
09.01.57 > Getting linear pressure drop for pipe with ID 8107...
09.01.57 > Linear pressure drop: 0.059 m
09.01.57 ==> Pressure after component ID 8107: 1.625 m
09.01.57 > Getting local pressure drop for connection with ID 5357...
09.01.57 > Getting fitting properties for fitting with ID 5357...
09.01.57 > WARNING: Failed to calculate pressure loss for fitting component ID 5357: entity instance of type 'IFC4.IfcPipeFitting' has no attribute 'by_guid'
09.01.57 > Getting pipe properties for pipe with ID 8398...
09.01.57 > Pipe properties:
09.01.57 > {'len': 0.549, 'dim': 0.0278}
09.01.57 > Getting linear pressure drop for pipe with ID 8398...
09.01.57 > Linear pressure drop: 0.019 m
09.01.57 ==> Pressure after component ID 8398: 1.606 m
09.01.57 ====================================================================================================
09.01.57 > Available pressure at the sanitary terminal 5423 - Type: SHOWER:
09.01.57 > 1.61 m
09.01.57 ====================================================================================================
09.01.57 > Getting available pressure at sanitary terminal with ID 6986...
09.01.57 > Tank height: 4.32 m
09.01.57 > Terminal height: 1.313 m
09.01.57 > Initial pressure from gravity potential: 3.007 m
09.01.57 ----------------------------------------------------------------------------------------------------
09.01.57 > Getting local pressure drop for connection with ID 17772...
09.01.57 > Getting fitting properties for fitting with ID 17772...
09.01.57 > WARNING: Failed to calculate pressure loss for fitting component ID 17772: entity instance of type 'IFC4.IfcPipeFitting' has no attribute 'by_guid'
09.01.57 > Getting pipe properties for pipe with ID 7037...
09.01.57 > Pipe properties:
09.01.57 > {'len': 0.419, 'dim': 0.0278}
09.01.57 > Getting linear pressure drop for pipe with ID 7037...
09.01.57 > Linear pressure drop: 0.002 m
09.01.57 ==> Pressure after component ID 7037: 3.005 m
09.01.57 > Getting local pressure drop for connection with ID 7020...
09.01.57 > Getting fitting properties for fitting with ID 7020...
09.01.57 > WARNING: Failed to calculate pressure loss for fitting component ID 7020: entity instance of type 'IFC4.IfcPipeFitting' has no attribute 'by_guid'
09.01.57 > Getting pipe properties for pipe with ID 6962...
09.01.57 > Pipe properties:
09.01.57 > {'len': 0.118, 'dim': 0.0278}
09.01.57 > Getting linear pressure drop for pipe with ID 6962...
09.01.57 > Linear pressure drop: 0.002 m
09.01.57 ==> Pressure after component ID 6962: 3.003 m
09.01.57 > Getting local pressure drop for connection with ID 6943...
09.01.57 > Getting fitting properties for fitting with ID 6943...
09.01.57 > WARNING: Failed to calculate pressure loss for fitting component ID 6943: entity instance of type 'IFC4.IfcPipeFitting' has no attribute 'by_guid'
09.01.57 > Getting pipe properties for pipe with ID 4574...
09.01.57 > Pipe properties:
09.01.57 > {'len': 0.87, 'dim': 0.0278}
09.01.57 > Getting linear pressure drop for pipe with ID 4574...
09.01.57 > Linear pressure drop: 0.031 m
09.01.57 ==> Pressure after component ID 4574: 2.973 m
09.01.57 > Getting local pressure drop for connection with ID 8087...
09.01.57 > Getting valve properties for valve with ID 8087...
09.01.57 > Valve properties:
09.01.57 > {'dim': (0.025, 0.025), 'dir': {'incoming_unit_vector': (0.0, 0.0, 1.0), 'outgoing_unit_vector': (0.0, 0.0, 1.0), 'direction_change_angle': 0.0}, 'type': 'ISOLATING'}
09.01.57 > Local pressure drop: 0.007 m
09.01.57 ==> Pressure after component ID 8087: 2.966 m
09.01.57 > Getting pipe properties for pipe with ID 8107...
09.01.57 > Pipe properties:
09.01.57 > {'len': 1.664, 'dim': 0.0278}
09.01.57 > Getting linear pressure drop for pipe with ID 8107...
09.01.57 > Linear pressure drop: 0.059 m
09.01.57 ==> Pressure after component ID 8107: 2.907 m
09.01.57 > Getting local pressure drop for connection with ID 5357...
09.01.57 > Getting fitting properties for fitting with ID 5357...
09.01.57 > WARNING: Failed to calculate pressure loss for fitting component ID 5357: entity instance of type 'IFC4.IfcPipeFitting' has no attribute 'by_guid'
09.01.57 > Getting pipe properties for pipe with ID 8398...
09.01.57 > Pipe properties:
09.01.57 > {'len': 0.549, 'dim': 0.0278}
09.01.57 > Getting linear pressure drop for pipe with ID 8398...
09.01.57 > Linear pressure drop: 0.019 m
09.01.57 ==> Pressure after component ID 8398: 2.888 m
09.01.57 ====================================================================================================
09.01.57 > Available pressure at the sanitary terminal 6986 - Type: WASHHANDBASIN:
09.01.57 > 2.89 m
09.01.57 ====================================================================================================
09.01.58 > Getting available pressure at sanitary terminal with ID 7061...
09.01.58 > Tank height: 4.32 m
09.01.58 > Terminal height: 0.613 m
09.01.58 > Initial pressure from gravity potential: 3.707 m
09.01.58 ----------------------------------------------------------------------------------------------------
09.01.58 > Getting local pressure drop for connection with ID 7848...
09.01.58 > Getting fitting properties for fitting with ID 7848...
09.01.58 > WARNING: Failed to calculate pressure loss for fitting component ID 7848: entity instance of type 'IFC4.IfcPipeFitting' has no attribute 'by_guid'
09.01.58 > Getting pipe properties for pipe with ID 7003...
09.01.58 > Pipe properties:
09.01.58 > {'len': 0.67, 'dim': 0.0278}
09.01.58 > Getting linear pressure drop for pipe with ID 7003...
09.01.58 > Linear pressure drop: 0.003 m
09.01.58 ==> Pressure after component ID 7003: 3.704 m
09.01.58 > Getting local pressure drop for connection with ID 7020...
09.01.58 > Getting fitting properties for fitting with ID 7020...
09.01.58 > WARNING: Failed to calculate pressure loss for fitting component ID 7020: entity instance of type 'IFC4.IfcPipeFitting' has no attribute 'by_guid'
09.01.58 > Getting pipe properties for pipe with ID 6962...
09.01.58 > Pipe properties:
09.01.58 > {'len': 0.118, 'dim': 0.0278}
09.01.58 > Getting linear pressure drop for pipe with ID 6962...
09.01.58 > Linear pressure drop: 0.002 m
09.01.58 ==> Pressure after component ID 6962: 3.702 m
09.01.58 > Getting local pressure drop for connection with ID 6943...
09.01.58 > Getting fitting properties for fitting with ID 6943...
09.01.58 > WARNING: Failed to calculate pressure loss for fitting component ID 6943: entity instance of type 'IFC4.IfcPipeFitting' has no attribute 'by_guid'
09.01.58 > Getting pipe properties for pipe with ID 4574...
09.01.58 > Pipe properties:
09.01.58 > {'len': 0.87, 'dim': 0.0278}
09.01.58 > Getting linear pressure drop for pipe with ID 4574...
09.01.58 > Linear pressure drop: 0.031 m
09.01.58 ==> Pressure after component ID 4574: 3.672 m
09.01.58 > Getting local pressure drop for connection with ID 8087...
09.01.58 > Getting valve properties for valve with ID 8087...
09.01.58 > Valve properties:
09.01.58 > {'dim': (0.025, 0.025), 'dir': {'incoming_unit_vector': (0.0, 0.0, 1.0), 'outgoing_unit_vector': (0.0, 0.0, 1.0), 'direction_change_angle': 0.0}, 'type': 'ISOLATING'}
09.01.58 > Local pressure drop: 0.007 m
09.01.58 ==> Pressure after component ID 8087: 3.665 m
09.01.58 > Getting pipe properties for pipe with ID 8107...
09.01.58 > Pipe properties:
09.01.58 > {'len': 1.664, 'dim': 0.0278}
09.01.58 > Getting linear pressure drop for pipe with ID 8107...
09.01.58 > Linear pressure drop: 0.059 m
09.01.58 ==> Pressure after component ID 8107: 3.606 m
09.01.58 > Getting local pressure drop for connection with ID 5357...
09.01.58 > Getting fitting properties for fitting with ID 5357...
09.01.58 > WARNING: Failed to calculate pressure loss for fitting component ID 5357: entity instance of type 'IFC4.IfcPipeFitting' has no attribute 'by_guid'
09.01.58 > Getting pipe properties for pipe with ID 8398...
09.01.58 > Pipe properties:
09.01.58 > {'len': 0.549, 'dim': 0.0278}
09.01.58 > Getting linear pressure drop for pipe with ID 8398...
09.01.58 > Linear pressure drop: 0.019 m
09.01.58 ==> Pressure after component ID 8398: 3.586 m
09.01.58 ====================================================================================================
09.01.58 > Available pressure at the sanitary terminal 7061 - Type: WCSEAT:
09.01.58 > 3.59 m
09.01.58 ====================================================================================================
09.03.26 >>> Project ifc-hydro:
09.03.26 >>> New run started at 05/02/2026 09:03:26.
09.03.26 ----------------------------------------------------------------------------------------------------
09.03.27 > Successfully loaded IFC model from: .\ifc_hydro\examples\demo\demo-project.ifc
09.03.27 > Creating topology...
09.03.27 > Found 3 sanitary terminal(s) and 1 tank(s)...
09.03.27 > Topology created with 3 paths...
09.03.27 ----------------------------------------------------------------------------------------------------
09.03.28 > Getting available pressure at sanitary terminal with ID 5423...
09.03.28 > Tank height: 4.32 m
09.03.28 > Terminal height: 2.504 m
09.03.28 > Initial pressure from gravity potential: 1.816 m
09.03.28 ----------------------------------------------------------------------------------------------------
09.03.28 > Getting local pressure drop for connection with ID 6141...
09.03.28 > Getting fitting properties for fitting with ID 6141...
09.03.28 > ERROR: Failed to extract center points for fitting ID 6141. IFC geometry structure may be invalid. Details: 'entity_instance' object is not callable
09.03.28 > WARNING: Failed to calculate pressure loss for fitting component ID 6141: > ERROR: Failed to extract center points for fitting ID 6141. IFC geometry structure may be invalid. Details: 'entity_instance' object is not callable
09.03.28 > Getting pipe properties for pipe with ID 5399...
09.03.28 > Pipe properties:
09.03.28 > {'len': 0.959, 'dim': 0.0278}
09.03.28 > Getting linear pressure drop for pipe with ID 5399...
09.03.28 > Linear pressure drop: 0.007 m
09.03.28 ==> Pressure after component ID 5399: 1.809 m
09.03.28 > Getting local pressure drop for connection with ID 8356...
09.03.28 > Getting valve properties for valve with ID 8356...
09.03.28 > Valve properties:
09.03.28 > {'dim': (0.025, 0.025), 'dir': {'incoming_unit_vector': (0.0, 0.0, -1.0), 'outgoing_unit_vector': (0.0, 0.0, -1.0), 'direction_change_angle': 0.0}, 'type': 'REGULATING'}
09.03.28 > Local pressure drop: 0.081 m
09.03.28 ==> Pressure after component ID 8356: 1.728 m
09.03.28 > Getting pipe properties for pipe with ID 8375...
09.03.28 > Pipe properties:
09.03.28 > {'len': 0.168, 'dim': 0.0278}
09.03.28 > Getting linear pressure drop for pipe with ID 8375...
09.03.28 > Linear pressure drop: 0.001 m
09.03.28 ==> Pressure after component ID 8375: 1.727 m
09.03.28 > Getting local pressure drop for connection with ID 5434...
09.03.28 > Getting fitting properties for fitting with ID 5434...
09.03.28 > ERROR: Failed to extract center points for fitting ID 5434. IFC geometry structure may be invalid. Details: 'entity_instance' object is not callable
09.03.28 > WARNING: Failed to calculate pressure loss for fitting component ID 5434: > ERROR: Failed to extract center points for fitting ID 5434. IFC geometry structure may be invalid. Details: 'entity_instance' object is not callable
09.03.28 > Getting pipe properties for pipe with ID 5376...
09.03.28 > Pipe properties:
09.03.28 > {'len': 0.696, 'dim': 0.0278}
09.03.28 > Getting linear pressure drop for pipe with ID 5376...
09.03.28 > Linear pressure drop: 0.005 m
09.03.28 ==> Pressure after component ID 5376: 1.722 m
09.03.28 > Getting local pressure drop for connection with ID 6943...
09.03.28 > Getting fitting properties for fitting with ID 6943...
09.03.28 > ERROR: Failed to extract center points for fitting ID 6943. IFC geometry structure may be invalid. Details: 'entity_instance' object is not callable
09.03.28 > WARNING: Failed to calculate pressure loss for fitting component ID 6943: > ERROR: Failed to extract center points for fitting ID 6943. IFC geometry structure may be invalid. Details: 'entity_instance' object is not callable
09.03.28 > Getting pipe properties for pipe with ID 4574...
09.03.28 > Pipe properties:
09.03.28 > {'len': 0.87, 'dim': 0.0278}
09.03.28 > Getting linear pressure drop for pipe with ID 4574...
09.03.28 > Linear pressure drop: 0.031 m
09.03.28 ==> Pressure after component ID 4574: 1.691 m
09.03.28 > Getting local pressure drop for connection with ID 8087...
09.03.28 > Getting valve properties for valve with ID 8087...
09.03.28 > Valve properties:
09.03.28 > {'dim': (0.025, 0.025), 'dir': {'incoming_unit_vector': (0.0, 0.0, 1.0), 'outgoing_unit_vector': (0.0, 0.0, 1.0), 'direction_change_angle': 0.0}, 'type': 'ISOLATING'}
09.03.28 > Local pressure drop: 0.007 m
09.03.28 ==> Pressure after component ID 8087: 1.684 m
09.03.28 > Getting pipe properties for pipe with ID 8107...
09.03.28 > Pipe properties:
09.03.28 > {'len': 1.664, 'dim': 0.0278}
09.03.28 > Getting linear pressure drop for pipe with ID 8107...
09.03.28 > Linear pressure drop: 0.059 m
09.03.28 ==> Pressure after component ID 8107: 1.625 m
09.03.28 > Getting local pressure drop for connection with ID 5357...
09.03.28 > Getting fitting properties for fitting with ID 5357...
09.03.28 > ERROR: Failed to extract center points for fitting ID 5357. IFC geometry structure may be invalid. Details: 'entity_instance' object is not callable
09.03.28 > WARNING: Failed to calculate pressure loss for fitting component ID 5357: > ERROR: Failed to extract center points for fitting ID 5357. IFC geometry structure may be invalid. Details: 'entity_instance' object is not callable
09.03.28 > Getting pipe properties for pipe with ID 8398...
09.03.28 > Pipe properties:
09.03.28 > {'len': 0.549, 'dim': 0.0278}
09.03.28 > Getting linear pressure drop for pipe with ID 8398...
09.03.28 > Linear pressure drop: 0.019 m
09.03.28 ==> Pressure after component ID 8398: 1.606 m
09.03.28 ====================================================================================================
09.03.28 > Available pressure at the sanitary terminal 5423 - Type: SHOWER:
09.03.28 > 1.61 m
09.03.28 ====================================================================================================
09.03.29 > Getting available pressure at sanitary terminal with ID 6986...
09.03.29 > Tank height: 4.32 m
09.03.29 > Terminal height: 1.313 m
09.03.29 > Initial pressure from gravity potential: 3.007 m
09.03.29 ----------------------------------------------------------------------------------------------------
09.03.29 > Getting local pressure drop for connection with ID 17772...
09.03.29 > Getting fitting properties for fitting with ID 17772...
09.03.29 > ERROR: Failed to extract center points for fitting ID 17772. IFC geometry structure may be invalid. Details: 'entity_instance' object is not callable
09.03.29 > WARNING: Failed to calculate pressure loss for fitting component ID 17772: > ERROR: Failed to extract center points for fitting ID 17772. IFC geometry structure may be invalid. Details: 'entity_instance' object is not callable
09.03.29 > Getting pipe properties for pipe with ID 7037...
09.03.29 > Pipe properties:
09.03.29 > {'len': 0.419, 'dim': 0.0278}
09.03.29 > Getting linear pressure drop for pipe with ID 7037...
09.03.29 > Linear pressure drop: 0.002 m
09.03.29 ==> Pressure after component ID 7037: 3.005 m
09.03.29 > Getting local pressure drop for connection with ID 7020...
09.03.29 > Getting fitting properties for fitting with ID 7020...
09.03.29 > ERROR: Failed to extract center points for fitting ID 7020. IFC geometry structure may be invalid. Details: 'entity_instance' object is not callable
09.03.29 > WARNING: Failed to calculate pressure loss for fitting component ID 7020: > ERROR: Failed to extract center points for fitting ID 7020. IFC geometry structure may be invalid. Details: 'entity_instance' object is not callable
09.03.29 > Getting pipe properties for pipe with ID 6962...
09.03.29 > Pipe properties:
09.03.29 > {'len': 0.118, 'dim': 0.0278}
09.03.29 > Getting linear pressure drop for pipe with ID 6962...
09.03.29 > Linear pressure drop: 0.002 m
09.03.29 ==> Pressure after component ID 6962: 3.003 m
09.03.29 > Getting local pressure drop for connection with ID 6943...
09.03.29 > Getting fitting properties for fitting with ID 6943...
09.03.29 > ERROR: Failed to extract center points for fitting ID 6943. IFC geometry structure may be invalid. Details: 'entity_instance' object is not callable
09.03.29 > WARNING: Failed to calculate pressure loss for fitting component ID 6943: > ERROR: Failed to extract center points for fitting ID 6943. IFC geometry structure may be invalid. Details: 'entity_instance' object is not callable
09.03.29 > Getting pipe properties for pipe with ID 4574...
09.03.29 > Pipe properties:
09.03.29 > {'len': 0.87, 'dim': 0.0278}
09.03.29 > Getting linear pressure drop for pipe with ID 4574...
09.03.29 > Linear pressure drop: 0.031 m
09.03.29 ==> Pressure after component ID 4574: 2.973 m
09.03.29 > Getting local pressure drop for connection with ID 8087...
09.03.29 > Getting valve properties for valve with ID 8087...
09.03.29 > Valve properties:
09.03.29 > {'dim': (0.025, 0.025), 'dir': {'incoming_unit_vector': (0.0, 0.0, 1.0), 'outgoing_unit_vector': (0.0, 0.0, 1.0), 'direction_change_angle': 0.0}, 'type': 'ISOLATING'}
09.03.29 > Local pressure drop: 0.007 m
09.03.29 ==> Pressure after component ID 8087: 2.966 m
09.03.29 > Getting pipe properties for pipe with ID 8107...
09.03.29 > Pipe properties:
09.03.29 > {'len': 1.664, 'dim': 0.0278}
09.03.29 > Getting linear pressure drop for pipe with ID 8107...
09.03.29 > Linear pressure drop: 0.059 m
09.03.29 ==> Pressure after component ID 8107: 2.907 m
09.03.29 > Getting local pressure drop for connection with ID 5357...
09.03.29 > Getting fitting properties for fitting with ID 5357...
09.03.29 > ERROR: Failed to extract center points for fitting ID 5357. IFC geometry structure may be invalid. Details: 'entity_instance' object is not callable
09.03.29 > WARNING: Failed to calculate pressure loss for fitting component ID 5357: > ERROR: Failed to extract center points for fitting ID 5357. IFC geometry structure may be invalid. Details: 'entity_instance' object is not callable
09.03.29 > Getting pipe properties for pipe with ID 8398...
09.03.29 > Pipe properties:
09.03.29 > {'len': 0.549, 'dim': 0.0278}
09.03.29 > Getting linear pressure drop for pipe with ID 8398...
09.03.29 > Linear pressure drop: 0.019 m
09.03.29 ==> Pressure after component ID 8398: 2.888 m
09.03.29 ====================================================================================================
09.03.29 > Available pressure at the sanitary terminal 6986 - Type: WASHHANDBASIN:
09.03.29 > 2.89 m
09.03.29 ====================================================================================================
09.03.29 > Getting available pressure at sanitary terminal with ID 7061...
09.03.29 > Tank height: 4.32 m
09.03.29 > Terminal height: 0.613 m
09.03.29 > Initial pressure from gravity potential: 3.707 m
09.03.29 ----------------------------------------------------------------------------------------------------
09.03.29 > Getting local pressure drop for connection with ID 7848...
09.03.29 > Getting fitting properties for fitting with ID 7848...
09.03.29 > ERROR: Failed to extract center points for fitting ID 7848. IFC geometry structure may be invalid. Details: 'entity_instance' object is not callable
09.03.29 > WARNING: Failed to calculate pressure loss for fitting component ID 7848: > ERROR: Failed to extract center points for fitting ID 7848. IFC geometry structure may be invalid. Details: 'entity_instance' object is not callable
09.03.29 > Getting pipe properties for pipe with ID 7003...
09.03.29 > Pipe properties:
09.03.29 > {'len': 0.67, 'dim': 0.0278}
09.03.29 > Getting linear pressure drop for pipe with ID 7003...
09.03.29 > Linear pressure drop: 0.003 m
09.03.29 ==> Pressure after component ID 7003: 3.704 m
09.03.29 > Getting local pressure drop for connection with ID 7020...
09.03.29 > Getting fitting properties for fitting with ID 7020...
09.03.29 > ERROR: Failed to extract center points for fitting ID 7020. IFC geometry structure may be invalid. Details: 'entity_instance' object is not callable
09.03.29 > WARNING: Failed to calculate pressure loss for fitting component ID 7020: > ERROR: Failed to extract center points for fitting ID 7020. IFC geometry structure may be invalid. Details: 'entity_instance' object is not callable
09.03.29 > Getting pipe properties for pipe with ID 6962...
09.03.29 > Pipe properties:
09.03.29 > {'len': 0.118, 'dim': 0.0278}
09.03.29 > Getting linear pressure drop for pipe with ID 6962...
09.03.29 > Linear pressure drop: 0.002 m
09.03.29 ==> Pressure after component ID 6962: 3.702 m
09.03.29 > Getting local pressure drop for connection with ID 6943...
09.03.29 > Getting fitting properties for fitting with ID 6943...
09.03.29 > ERROR: Failed to extract center points for fitting ID 6943. IFC geometry structure may be invalid. Details: 'entity_instance' object is not callable
09.03.29 > WARNING: Failed to calculate pressure loss for fitting component ID 6943: > ERROR: Failed to extract center points for fitting ID 6943. IFC geometry structure may be invalid. Details: 'entity_instance' object is not callable
09.03.29 > Getting pipe properties for pipe with ID 4574...
09.03.29 > Pipe properties:
09.03.29 > {'len': 0.87, 'dim': 0.0278}
09.03.29 > Getting linear pressure drop for pipe with ID 4574...
09.03.29 > Linear pressure drop: 0.031 m
09.03.29 ==> Pressure after component ID 4574: 3.672 m
09.03.29 > Getting local pressure drop for connection with ID 8087...
09.03.29 > Getting valve properties for valve with ID 8087...
09.03.29 > Valve properties:
09.03.29 > {'dim': (0.025, 0.025), 'dir': {'incoming_unit_vector': (0.0, 0.0, 1.0), 'outgoing_unit_vector': (0.0, 0.0, 1.0), 'direction_change_angle': 0.0}, 'type': 'ISOLATING'}
09.03.29 > Local pressure drop: 0.007 m
09.03.29 ==> Pressure after component ID 8087: 3.665 m
09.03.29 > Getting pipe properties for pipe with ID 8107...
09.03.29 > Pipe properties:
09.03.29 > {'len': 1.664, 'dim': 0.0278}
09.03.29 > Getting linear pressure drop for pipe with ID 8107...
09.03.29 > Linear pressure drop: 0.059 m
09.03.29 ==> Pressure after component ID 8107: 3.606 m
09.03.29 > Getting local pressure drop for connection with ID 5357...
09.03.29 > Getting fitting properties for fitting with ID 5357...
09.03.29 > ERROR: Failed to extract center points for fitting ID 5357. IFC geometry structure may be invalid. Details: 'entity_instance' object is not callable
09.03.29 > WARNING: Failed to calculate pressure loss for fitting component ID 5357: > ERROR: Failed to extract center points for fitting ID 5357. IFC geometry structure may be invalid. Details: 'entity_instance' object is not callable
09.03.29 > Getting pipe properties for pipe with ID 8398...
09.03.29 > Pipe properties:
09.03.29 > {'len': 0.549, 'dim': 0.0278}
09.03.29 > Getting linear pressure drop for pipe with ID 8398...
09.03.29 > Linear pressure drop: 0.019 m
09.03.29 ==> Pressure after component ID 8398: 3.586 m
09.03.29 ====================================================================================================
09.03.29 > Available pressure at the sanitary terminal 7061 - Type: WCSEAT:
09.03.29 > 3.59 m
09.03.29 ====================================================================================================
09.05.05 >>> Project ifc-hydro:
09.05.05 >>> New run started at 05/02/2026 09:05:05.
09.05.05 ----------------------------------------------------------------------------------------------------
09.05.05 > Successfully loaded IFC model from: .\ifc_hydro\examples\demo\demo-project.ifc
09.05.05 > Creating topology...
09.05.05 > Found 3 sanitary terminal(s) and 1 tank(s)...
09.05.05 > Topology created with 3 paths...
09.05.05 ----------------------------------------------------------------------------------------------------
09.05.07 > Getting available pressure at sanitary terminal with ID 5423...
09.05.07 > Tank height: 4.32 m
09.05.07 > Terminal height: 2.504 m
09.05.07 > Initial pressure from gravity potential: 1.816 m
09.05.07 ----------------------------------------------------------------------------------------------------
09.05.07 > Getting local pressure drop for connection with ID 6141...
09.05.07 > Getting fitting properties for fitting with ID 6141...
09.05.07 > WARNING: Failed to calculate pressure loss for fitting component ID 6141: 'Triangulation' object has no attribute 'bbox'
09.05.07 > Getting pipe properties for pipe with ID 5399...
09.05.07 > Pipe properties:
09.05.07 > {'len': 0.959, 'dim': 0.0278}
09.05.07 > Getting linear pressure drop for pipe with ID 5399...
09.05.07 > Linear pressure drop: 0.007 m
09.05.07 ==> Pressure after component ID 5399: 1.809 m
09.05.07 > Getting local pressure drop for connection with ID 8356...
09.05.07 > Getting valve properties for valve with ID 8356...
09.05.07 > Valve properties:
09.05.07 > {'dim': (0.025, 0.025), 'dir': {'incoming_unit_vector': (0.0, 0.0, -1.0), 'outgoing_unit_vector': (0.0, 0.0, -1.0), 'direction_change_angle': 0.0}, 'type': 'REGULATING'}
09.05.07 > Local pressure drop: 0.081 m
09.05.07 ==> Pressure after component ID 8356: 1.728 m
09.05.07 > Getting pipe properties for pipe with ID 8375...
09.05.07 > Pipe properties:
09.05.07 > {'len': 0.168, 'dim': 0.0278}
09.05.07 > Getting linear pressure drop for pipe with ID 8375...
09.05.07 > Linear pressure drop: 0.001 m
09.05.07 ==> Pressure after component ID 8375: 1.727 m
09.05.07 > Getting local pressure drop for connection with ID 5434...
09.05.07 > Getting fitting properties for fitting with ID 5434...
09.05.07 > WARNING: Failed to calculate pressure loss for fitting component ID 5434: 'Triangulation' object has no attribute 'bbox'
09.05.07 > Getting pipe properties for pipe with ID 5376...
09.05.07 > Pipe properties:
09.05.07 > {'len': 0.696, 'dim': 0.0278}
09.05.07 > Getting linear pressure drop for pipe with ID 5376...
09.05.07 > Linear pressure drop: 0.005 m
09.05.07 ==> Pressure after component ID 5376: 1.722 m
09.05.07 > Getting local pressure drop for connection with ID 6943...
09.05.07 > Getting fitting properties for fitting with ID 6943...
09.05.07 > WARNING: Failed to calculate pressure loss for fitting component ID 6943: 'Triangulation' object has no attribute 'bbox'
09.05.07 > Getting pipe properties for pipe with ID 4574...
09.05.07 > Pipe properties:
09.05.07 > {'len': 0.87, 'dim': 0.0278}
09.05.07 > Getting linear pressure drop for pipe with ID 4574...
09.05.07 > Linear pressure drop: 0.031 m
09.05.07 ==> Pressure after component ID 4574: 1.691 m
09.05.07 > Getting local pressure drop for connection with ID 8087...
09.05.07 > Getting valve properties for valve with ID 8087...
09.05.07 > Valve properties:
09.05.07 > {'dim': (0.025, 0.025), 'dir': {'incoming_unit_vector': (0.0, 0.0, 1.0), 'outgoing_unit_vector': (0.0, 0.0, 1.0), 'direction_change_angle': 0.0}, 'type': 'ISOLATING'}
09.05.07 > Local pressure drop: 0.007 m
09.05.07 ==> Pressure after component ID 8087: 1.684 m
09.05.07 > Getting pipe properties for pipe with ID 8107...
09.05.07 > Pipe properties:
09.05.07 > {'len': 1.664, 'dim': 0.0278}
09.05.07 > Getting linear pressure drop for pipe with ID 8107...
09.05.07 > Linear pressure drop: 0.059 m
09.05.07 ==> Pressure after component ID 8107: 1.625 m
09.05.07 > Getting local pressure drop for connection with ID 5357...
09.05.07 > Getting fitting properties for fitting with ID 5357...
09.05.07 > WARNING: Failed to calculate pressure loss for fitting component ID 5357: 'Triangulation' object has no attribute 'bbox'
09.05.07 > Getting pipe properties for pipe with ID 8398...
09.05.07 > Pipe properties:
09.05.07 > {'len': 0.549, 'dim': 0.0278}
09.05.07 > Getting linear pressure drop for pipe with ID 8398...
09.05.07 > Linear pressure drop: 0.019 m
09.05.07 ==> Pressure after component ID 8398: 1.606 m
09.05.07 ====================================================================================================
09.05.07 > Available pressure at the sanitary terminal 5423 - Type: SHOWER:
09.05.07 > 1.61 m
09.05.07 ====================================================================================================
09.05.07 > Getting available pressure at sanitary terminal with ID 6986...
09.05.07 > Tank height: 4.32 m
09.05.07 > Terminal height: 1.313 m
09.05.07 > Initial pressure from gravity potential: 3.007 m
09.05.07 ----------------------------------------------------------------------------------------------------
09.05.07 > Getting local pressure drop for connection with ID 17772...
09.05.07 > Getting fitting properties for fitting with ID 17772...
09.05.07 > WARNING: Failed to calculate pressure loss for fitting component ID 17772: 'Triangulation' object has no attribute 'bbox'
09.05.07 > Getting pipe properties for pipe with ID 7037...
09.05.07 > Pipe properties:
09.05.07 > {'len': 0.419, 'dim': 0.0278}
09.05.07 > Getting linear pressure drop for pipe with ID 7037...
09.05.07 > Linear pressure drop: 0.002 m
09.05.07 ==> Pressure after component ID 7037: 3.005 m
09.05.07 > Getting local pressure drop for connection with ID 7020...
09.05.07 > Getting fitting properties for fitting with ID 7020...
09.05.07 > WARNING: Failed to calculate pressure loss for fitting component ID 7020: 'Triangulation' object has no attribute 'bbox'
09.05.07 > Getting pipe properties for pipe with ID 6962...
09.05.07 > Pipe properties:
09.05.07 > {'len': 0.118, 'dim': 0.0278}
09.05.07 > Getting linear pressure drop for pipe with ID 6962...
09.05.07 > Linear pressure drop: 0.002 m
09.05.07 ==> Pressure after component ID 6962: 3.003 m
09.05.07 > Getting local pressure drop for connection with ID 6943...
09.05.07 > Getting fitting properties for fitting with ID 6943...
09.05.07 > WARNING: Failed to calculate pressure loss for fitting component ID 6943: 'Triangulation' object has no attribute 'bbox'
09.05.07 > Getting pipe properties for pipe with ID 4574...
09.05.07 > Pipe properties:
09.05.07 > {'len': 0.87, 'dim': 0.0278}
09.05.07 > Getting linear pressure drop for pipe with ID 4574...
09.05.07 > Linear pressure drop: 0.031 m
09.05.07 ==> Pressure after component ID 4574: 2.973 m
09.05.07 > Getting local pressure drop for connection with ID 8087...
09.05.07 > Getting valve properties for valve with ID 8087...
09.05.07 > Valve properties:
09.05.07 > {'dim': (0.025, 0.025), 'dir': {'incoming_unit_vector': (0.0, 0.0, 1.0), 'outgoing_unit_vector': (0.0, 0.0, 1.0), 'direction_change_angle': 0.0}, 'type': 'ISOLATING'}
09.05.07 > Local pressure drop: 0.007 m
09.05.07 ==> Pressure after component ID 8087: 2.966 m
09.05.07 > Getting pipe properties for pipe with ID 8107...
09.05.07 > Pipe properties:
09.05.07 > {'len': 1.664, 'dim': 0.0278}
09.05.07 > Getting linear pressure drop for pipe with ID 8107...
09.05.07 > Linear pressure drop: 0.059 m
09.05.07 ==> Pressure after component ID 8107: 2.907 m
09.05.07 > Getting local pressure drop for connection with ID 5357...
09.05.07 > Getting fitting properties for fitting with ID 5357...
09.05.07 > WARNING: Failed to calculate pressure loss for fitting component ID 5357: 'Triangulation' object has no attribute 'bbox'
09.05.07 > Getting pipe properties for pipe with ID 8398...
09.05.07 > Pipe properties:
09.05.07 > {'len': 0.549, 'dim': 0.0278}
09.05.07 > Getting linear pressure drop for pipe with ID 8398...
09.05.07 > Linear pressure drop: 0.019 m
09.05.07 ==> Pressure after component ID 8398: 2.888 m
09.05.07 ====================================================================================================
09.05.07 > Available pressure at the sanitary terminal 6986 - Type: WASHHANDBASIN:
09.05.07 > 2.89 m
09.05.07 ====================================================================================================
09.05.08 > Getting available pressure at sanitary terminal with ID 7061...
09.05.08 > Tank height: 4.32 m
09.05.08 > Terminal height: 0.613 m
09.05.08 > Initial pressure from gravity potential: 3.707 m
09.05.08 ----------------------------------------------------------------------------------------------------
09.05.08 > Getting local pressure drop for connection with ID 7848...
09.05.08 > Getting fitting properties for fitting with ID 7848...
09.05.08 > WARNING: Failed to calculate pressure loss for fitting component ID 7848: 'Triangulation' object has no attribute 'bbox'
09.05.08 > Getting pipe properties for pipe with ID 7003...
09.05.08 > Pipe properties:
09.05.08 > {'len': 0.67, 'dim': 0.0278}
09.05.08 > Getting linear pressure drop for pipe with ID 7003...
09.05.08 > Linear pressure drop: 0.003 m
09.05.08 ==> Pressure after component ID 7003: 3.704 m
09.05.08 > Getting local pressure drop for connection with ID 7020...
09.05.08 > Getting fitting properties for fitting with ID 7020...
09.05.08 > WARNING: Failed to calculate pressure loss for fitting component ID 7020: 'Triangulation' object has no attribute 'bbox'
09.05.08 > Getting pipe properties for pipe with ID 6962...
09.05.08 > Pipe properties:
09.05.08 > {'len': 0.118, 'dim': 0.0278}
09.05.08 > Getting linear pressure drop for pipe with ID 6962...
09.05.08 > Linear pressure drop: 0.002 m
09.05.08 ==> Pressure after component ID 6962: 3.702 m
09.05.08 > Getting local pressure drop for connection with ID 6943...
09.05.08 > Getting fitting properties for fitting with ID 6943...
09.05.08 > WARNING: Failed to calculate pressure loss for fitting component ID 6943: 'Triangulation' object has no attribute 'bbox'
09.05.08 > Getting pipe properties for pipe with ID 4574...
09.05.08 > Pipe properties:
09.05.08 > {'len': 0.87, 'dim': 0.0278}
09.05.08 > Getting linear pressure drop for pipe with ID 4574...
09.05.08 > Linear pressure drop: 0.031 m
09.05.08 ==> Pressure after component ID 4574: 3.672 m
09.05.08 > Getting local pressure drop for connection with ID 8087...
09.05.08 > Getting valve properties for valve with ID 8087...
09.05.08 > Valve properties:
09.05.08 > {'dim': (0.025, 0.025), 'dir': {'incoming_unit_vector': (0.0, 0.0, 1.0), 'outgoing_unit_vector': (0.0, 0.0, 1.0), 'direction_change_angle': 0.0}, 'type': 'ISOLATING'}
09.05.08 > Local pressure drop: 0.007 m
09.05.08 ==> Pressure after component ID 8087: 3.665 m
09.05.08 > Getting pipe properties for pipe with ID 8107...
09.05.08 > Pipe properties:
09.05.08 > {'len': 1.664, 'dim': 0.0278}
09.05.08 > Getting linear pressure drop for pipe with ID 8107...
09.05.08 > Linear pressure drop: 0.059 m
09.05.08 ==> Pressure after component ID 8107: 3.606 m
09.05.08 > Getting local pressure drop for connection with ID 5357...
09.05.08 > Getting fitting properties for fitting with ID 5357...
09.05.08 > WARNING: Failed to calculate pressure loss for fitting component ID 5357: 'Triangulation' object has no attribute 'bbox'
09.05.08 > Getting pipe properties for pipe with ID 8398...
09.05.08 > Pipe properties:
09.05.08 > {'len': 0.549, 'dim': 0.0278}
09.05.08 > Getting linear pressure drop for pipe with ID 8398...
09.05.08 > Linear pressure drop: 0.019 m
09.05.08 ==> Pressure after component ID 8398: 3.586 m
09.05.08 ====================================================================================================
09.05.08 > Available pressure at the sanitary terminal 7061 - Type: WCSEAT:
09.05.08 > 3.59 m
09.05.08 ====================================================================================================
09.07.43 >>> Project ifc-hydro:
09.07.43 >>> New run started at 05/02/2026 09:07:43.
09.07.43 ----------------------------------------------------------------------------------------------------
09.07.44 > Successfully loaded IFC model from: .\ifc_hydro\examples\demo\demo-project.ifc
09.07.44 > Creating topology...
09.07.44 > Found 3 sanitary terminal(s) and 1 tank(s)...
09.07.44 > Topology created with 3 paths...
09.07.44 ----------------------------------------------------------------------------------------------------
09.07.46 > Getting available pressure at sanitary terminal with ID 5423...
09.07.46 > Tank height: 4.32 m
09.07.46 > Terminal height: 2.504 m
09.07.46 > Initial pressure from gravity potential: 1.816 m
09.07.46 ----------------------------------------------------------------------------------------------------
09.07.46 > Getting local pressure drop for connection with ID 6141...
09.07.46 > Getting fitting properties for fitting with ID 6141...
09.07.46 > ERROR: Failed to extract center points for fitting ID 6141. IFC geometry structure may be invalid. Details: 'Triangulation' object is not iterable
09.07.46 > WARNING: Failed to calculate pressure loss for fitting component ID 6141: > ERROR: Failed to extract center points for fitting ID 6141. IFC geometry structure may be invalid. Details: 'Triangulation' object is not iterable
09.07.46 > Getting pipe properties for pipe with ID 5399...
09.07.46 > Pipe properties:
09.07.46 > {'len': 0.959, 'dim': 0.0278}
09.07.46 > Getting linear pressure drop for pipe with ID 5399...
09.07.46 > Linear pressure drop: 0.007 m
09.07.46 ==> Pressure after component ID 5399: 1.809 m
09.07.46 > Getting local pressure drop for connection with ID 8356...
09.07.46 > Getting valve properties for valve with ID 8356...
09.07.46 > Valve properties:
09.07.46 > {'dim': (0.025, 0.025), 'dir': {'incoming_unit_vector': (0.0, 0.0, -1.0), 'outgoing_unit_vector': (0.0, 0.0, -1.0), 'direction_change_angle': 0.0}, 'type': 'REGULATING'}
09.07.46 > Local pressure drop: 0.081 m
09.07.46 ==> Pressure after component ID 8356: 1.728 m
09.07.46 > Getting pipe properties for pipe with ID 8375...
09.07.46 > Pipe properties:
09.07.46 > {'len': 0.168, 'dim': 0.0278}
09.07.46 > Getting linear pressure drop for pipe with ID 8375...
09.07.46 > Linear pressure drop: 0.001 m
09.07.46 ==> Pressure after component ID 8375: 1.727 m
09.07.46 > Getting local pressure drop for connection with ID 5434...
09.07.46 > Getting fitting properties for fitting with ID 5434...
09.07.46 > ERROR: Failed to extract center points for fitting ID 5434. IFC geometry structure may be invalid. Details: 'Triangulation' object is not iterable
09.07.46 > WARNING: Failed to calculate pressure loss for fitting component ID 5434: > ERROR: Failed to extract center points for fitting ID 5434. IFC geometry structure may be invalid. Details: 'Triangulation' object is not iterable
09.07.46 > Getting pipe properties for pipe with ID 5376...
09.07.46 > Pipe properties:
09.07.46 > {'len': 0.696, 'dim': 0.0278}
09.07.46 > Getting linear pressure drop for pipe with ID 5376...
09.07.46 > Linear pressure drop: 0.005 m
09.07.46 ==> Pressure after component ID 5376: 1.722 m
09.07.46 > Getting local pressure drop for connection with ID 6943...
09.07.46 > Getting fitting properties for fitting with ID 6943...
09.07.46 > ERROR: Failed to extract center points for fitting ID 6943. IFC geometry structure may be invalid. Details: 'Triangulation' object is not iterable
09.07.46 > WARNING: Failed to calculate pressure loss for fitting component ID 6943: > ERROR: Failed to extract center points for fitting ID 6943. IFC geometry structure may be invalid. Details: 'Triangulation' object is not iterable
09.07.46 > Getting pipe properties for pipe with ID 4574...
09.07.46 > Pipe properties:
09.07.46 > {'len': 0.87, 'dim': 0.0278}
09.07.46 > Getting linear pressure drop for pipe with ID 4574...
09.07.46 > Linear pressure drop: 0.031 m
09.07.46 ==> Pressure after component ID 4574: 1.691 m
09.07.46 > Getting local pressure drop for connection with ID 8087...
09.07.46 > Getting valve properties for valve with ID 8087...
09.07.46 > Valve properties:
09.07.46 > {'dim': (0.025, 0.025), 'dir': {'incoming_unit_vector': (0.0, 0.0, 1.0), 'outgoing_unit_vector': (0.0, 0.0, 1.0), 'direction_change_angle': 0.0}, 'type': 'ISOLATING'}
09.07.46 > Local pressure drop: 0.007 m
09.07.46 ==> Pressure after component ID 8087: 1.684 m
09.07.46 > Getting pipe properties for pipe with ID 8107...
09.07.46 > Pipe properties:
09.07.46 > {'len': 1.664, 'dim': 0.0278}
09.07.46 > Getting linear pressure drop for pipe with ID 8107...
09.07.46 > Linear pressure drop: 0.059 m
09.07.46 ==> Pressure after component ID 8107: 1.625 m
09.07.46 > Getting local pressure drop for connection with ID 5357...
09.07.46 > Getting fitting properties for fitting with ID 5357...
09.07.46 > ERROR: Failed to extract center points for fitting ID 5357. IFC geometry structure may be invalid. Details: 'Triangulation' object is not iterable
09.07.46 > WARNING: Failed to calculate pressure loss for fitting component ID 5357: > ERROR: Failed to extract center points for fitting ID 5357. IFC geometry structure may be invalid. Details: 'Triangulation' object is not iterable
09.07.46 > Getting pipe properties for pipe with ID 8398...
09.07.46 > Pipe properties:
09.07.46 > {'len': 0.549, 'dim': 0.0278}
09.07.46 > Getting linear pressure drop for pipe with ID 8398...
09.07.46 > Linear pressure drop: 0.019 m
09.07.46 ==> Pressure after component ID 8398: 1.606 m
09.07.46 ====================================================================================================
09.07.46 > Available pressure at the sanitary terminal 5423 - Type: SHOWER:
09.07.46 > 1.61 m
09.07.46 ====================================================================================================
09.07.47 > Getting available pressure at sanitary terminal with ID 6986...
09.07.47 > Tank height: 4.32 m
09.07.47 > Terminal height: 1.313 m
09.07.47 > Initial pressure from gravity potential: 3.007 m
09.07.47 ----------------------------------------------------------------------------------------------------
09.07.47 > Getting local pressure drop for connection with ID 17772...
09.07.47 > Getting fitting properties for fitting with ID 17772...
09.07.47 > ERROR: Failed to extract center points for fitting ID 17772. IFC geometry structure may be invalid. Details: 'Triangulation' object is not iterable
09.07.47 > WARNING: Failed to calculate pressure loss for fitting component ID 17772: > ERROR: Failed to extract center points for fitting ID 17772. IFC geometry structure may be invalid. Details: 'Triangulation' object is not iterable
09.07.47 > Getting pipe properties for pipe with ID 7037...
09.07.47 > Pipe properties:
09.07.47 > {'len': 0.419, 'dim': 0.0278}
09.07.47 > Getting linear pressure drop for pipe with ID 7037...
09.07.47 > Linear pressure drop: 0.002 m
09.07.47 ==> Pressure after component ID 7037: 3.005 m
09.07.47 > Getting local pressure drop for connection with ID 7020...
09.07.47 > Getting fitting properties for fitting with ID 7020...
09.07.47 > ERROR: Failed to extract center points for fitting ID 7020. IFC geometry structure may be invalid. Details: 'Triangulation' object is not iterable
09.07.47 > WARNING: Failed to calculate pressure loss for fitting component ID 7020: > ERROR: Failed to extract center points for fitting ID 7020. IFC geometry structure may be invalid. Details: 'Triangulation' object is not iterable
09.07.47 > Getting pipe properties for pipe with ID 6962...
09.07.47 > Pipe properties:
09.07.47 > {'len': 0.118, 'dim': 0.0278}
09.07.47 > Getting linear pressure drop for pipe with ID 6962...
09.07.47 > Linear pressure drop: 0.002 m
09.07.47 ==> Pressure after component ID 6962: 3.003 m
09.07.47 > Getting local pressure drop for connection with ID 6943...
09.07.47 > Getting fitting properties for fitting with ID 6943...
09.07.47 > ERROR: Failed to extract center points for fitting ID 6943. IFC geometry structure may be invalid. Details: 'Triangulation' object is not iterable
09.07.47 > WARNING: Failed to calculate pressure loss for fitting component ID 6943: > ERROR: Failed to extract center points for fitting ID 6943. IFC geometry structure may be invalid. Details: 'Triangulation' object is not iterable
09.07.47 > Getting pipe properties for pipe with ID 4574...
09.07.47 > Pipe properties:
09.07.47 > {'len': 0.87, 'dim': 0.0278}
09.07.47 > Getting linear pressure drop for pipe with ID 4574...
09.07.47 > Linear pressure drop: 0.031 m
09.07.47 ==> Pressure after component ID 4574: 2.973 m
09.07.47 > Getting local pressure drop for connection with ID 8087...
09.07.47 > Getting valve properties for valve with ID 8087...
09.07.47 > Valve properties:
09.07.47 > {'dim': (0.025, 0.025), 'dir': {'incoming_unit_vector': (0.0, 0.0, 1.0), 'outgoing_unit_vector': (0.0, 0.0, 1.0), 'direction_change_angle': 0.0}, 'type': 'ISOLATING'}
09.07.47 > Local pressure drop: 0.007 m
09.07.47 ==> Pressure after component ID 8087: 2.966 m
09.07.47 > Getting pipe properties for pipe with ID 8107...
09.07.47 > Pipe properties:
09.07.47 > {'len': 1.664, 'dim': 0.0278}
09.07.47 > Getting linear pressure drop for pipe with ID 8107...
09.07.47 > Linear pressure drop: 0.059 m
09.07.47 ==> Pressure after component ID 8107: 2.907 m
09.07.47 > Getting local pressure drop for connection with ID 5357...
09.07.47 > Getting fitting properties for fitting with ID 5357...
09.07.47 > ERROR: Failed to extract center points for fitting ID 5357. IFC geometry structure may be invalid. Details: 'Triangulation' object is not iterable
09.07.47 > WARNING: Failed to calculate pressure loss for fitting component ID 5357: > ERROR: Failed to extract center points for fitting ID 5357. IFC geometry structure may be invalid. Details: 'Triangulation' object is not iterable
09.07.47 > Getting pipe properties for pipe with ID 8398...
09.07.47 > Pipe properties:
09.07.47 > {'len': 0.549, 'dim': 0.0278}
09.07.47 > Getting linear pressure drop for pipe with ID 8398...
09.07.47 > Linear pressure drop: 0.019 m
09.07.47 ==> Pressure after component ID 8398: 2.888 m
09.07.47 ====================================================================================================
09.07.47 > Available pressure at the sanitary terminal 6986 - Type: WASHHANDBASIN:
09.07.47 > 2.89 m
09.07.47 ====================================================================================================
09.07.47 > Getting available pressure at sanitary terminal with ID 7061...
09.07.47 > Tank height: 4.32 m
09.07.47 > Terminal height: 0.613 m
09.07.47 > Initial pressure from gravity potential: 3.707 m
09.07.47 ----------------------------------------------------------------------------------------------------
09.07.47 > Getting local pressure drop for connection with ID 7848...
09.07.47 > Getting fitting properties for fitting with ID 7848...
09.07.48 > ERROR: Failed to extract center points for fitting ID 7848. IFC geometry structure may be invalid. Details: 'Triangulation' object is not iterable
09.07.48 > WARNING: Failed to calculate pressure loss for fitting component ID 7848: > ERROR: Failed to extract center points for fitting ID 7848. IFC geometry structure may be invalid. Details: 'Triangulation' object is not iterable
09.07.48 > Getting pipe properties for pipe with ID 7003...
09.07.48 > Pipe properties:
09.07.48 > {'len': 0.67, 'dim': 0.0278}
09.07.48 > Getting linear pressure drop for pipe with ID 7003...
09.07.48 > Linear pressure drop: 0.003 m
09.07.48 ==> Pressure after component ID 7003: 3.704 m
09.07.48 > Getting local pressure drop for connection with ID 7020...
09.07.48 > Getting fitting properties for fitting with ID 7020...
09.07.48 > ERROR: Failed to extract center points for fitting ID 7020. IFC geometry structure may be invalid. Details: 'Triangulation' object is not iterable
09.07.48 > WARNING: Failed to calculate pressure loss for fitting component ID 7020: > ERROR: Failed to extract center points for fitting ID 7020. IFC geometry structure may be invalid. Details: 'Triangulation' object is not iterable
09.07.48 > Getting pipe properties for pipe with ID 6962...
09.07.48 > Pipe properties:
09.07.48 > {'len': 0.118, 'dim': 0.0278}
09.07.48 > Getting linear pressure drop for pipe with ID 6962...
09.07.48 > Linear pressure drop: 0.002 m
09.07.48 ==> Pressure after component ID 6962: 3.702 m
09.07.48 > Getting local pressure drop for connection with ID 6943...
09.07.48 > Getting fitting properties for fitting with ID 6943...
09.07.48 > ERROR: Failed to extract center points for fitting ID 6943. IFC geometry structure may be invalid. Details: 'Triangulation' object is not iterable
09.07.48 > WARNING: Failed to calculate pressure loss for fitting component ID 6943: > ERROR: Failed to extract center points for fitting ID 6943. IFC geometry structure may be invalid. Details: 'Triangulation' object is not iterable
09.07.48 > Getting pipe properties for pipe with ID 4574...
09.07.48 > Pipe properties:
09.07.48 > {'len': 0.87, 'dim': 0.0278}
09.07.48 > Getting linear pressure drop for pipe with ID 4574...
09.07.48 > Linear pressure drop: 0.031 m
09.07.48 ==> Pressure after component ID 4574: 3.672 m
09.07.48 > Getting local pressure drop for connection with ID 8087...
09.07.48 > Getting valve properties for valve with ID 8087...
09.07.48 > Valve properties:
09.07.48 > {'dim': (0.025, 0.025), 'dir': {'incoming_unit_vector': (0.0, 0.0, 1.0), 'outgoing_unit_vector': (0.0, 0.0, 1.0), 'direction_change_angle': 0.0}, 'type': 'ISOLATING'}
09.07.48 > Local pressure drop: 0.007 m
09.07.48 ==> Pressure after component ID 8087: 3.665 m
09.07.48 > Getting pipe properties for pipe with ID 8107...
09.07.48 > Pipe properties:
09.07.48 > {'len': 1.664, 'dim': 0.0278}
09.07.48 > Getting linear pressure drop for pipe with ID 8107...
09.07.48 > Linear pressure drop: 0.059 m
09.07.48 ==> Pressure after component ID 8107: 3.606 m
09.07.48 > Getting local pressure drop for connection with ID 5357...
09.07.48 > Getting fitting properties for fitting with ID 5357...
09.07.48 > ERROR: Failed to extract center points for fitting ID 5357. IFC geometry structure may be invalid. Details: 'Triangulation' object is not iterable
09.07.48 > WARNING: Failed to calculate pressure loss for fitting component ID 5357: > ERROR: Failed to extract center points for fitting ID 5357. IFC geometry structure may be invalid. Details: 'Triangulation' object is not iterable
09.07.48 > Getting pipe properties for pipe with ID 8398...
09.07.48 > Pipe properties:
09.07.48 > {'len': 0.549, 'dim': 0.0278}
09.07.48 > Getting linear pressure drop for pipe with ID 8398...
09.07.48 > Linear pressure drop: 0.019 m
09.07.48 ==> Pressure after component ID 8398: 3.586 m
09.07.48 ====================================================================================================
09.07.48 > Available pressure at the sanitary terminal 7061 - Type: WCSEAT:
09.07.48 > 3.59 m
09.07.48 ====================================================================================================
