13.58.49 >>> Project demo:
13.58.49 >>> New run started at 14/01/2026 13:58:49.
13.58.49 ----------------------------------------------------------------------------------------------------
13.58.50 > Creating topology...
13.58.50 > Topology created with 3 paths...
13.58.50 ----------------------------------------------------------------------------------------------------
13.58.51 > Getting available pressure at sanitary terminal with ID 5423...
13.58.51 > Tank height: 3.895 m
13.58.51 > Terminal height: 2.092 m
13.58.51 > Initial pressure from gravity potential: 1.803 m
13.58.51 ----------------------------------------------------------------------------------------------------
13.58.51 > Getting local pressure drop for connection with ID 6141...
13.58.51 > Getting fitting properties for fitting with ID 6141...
13.58.51 > Fitting properties:
13.58.51 > {'dim': (0.025, 0.025), 'dir': {'incoming_unit_vector': (0.0, 1.0, 0.0), 'outgoing_unit_vector': (0.0, 0.0, -1.0), 'direction_change_angle': 90.0}, 'type': 'EXIT'}
13.58.51 > Local pressure drop: 0.009 m
13.58.51 ==> Pressure after component ID 6141: 1.795 m
13.58.51 > Getting pipe properties for pipe with ID 5399...
13.58.51 > Pipe properties:
13.58.51 > {'len': 0.959, 'dim': 0.0278}
13.58.51 > Getting linear pressure drop for pipe with ID 5399...
13.58.51 > Linear pressure drop: 0.007 m
13.58.51 ==> Pressure after component ID 5399: 1.788 m
13.58.51 > Getting local pressure drop for connection with ID 8356...
13.58.51 > Getting valve properties for valve with ID 8356...
13.58.51 > Valve properties:
13.58.51 > {'dim': (0.025, 0.025), 'dir': {'incoming_unit_vector': (0.0, 0.0, -1.0), 'outgoing_unit_vector': (0.0, 0.0, -1.0), 'direction_change_angle': 0.0}, 'type': 'REGULATING'}
13.58.51 > Local pressure drop: 0.081 m
13.58.51 ==> Pressure after component ID 8356: 1.707 m
13.58.51 > Getting pipe properties for pipe with ID 8375...
13.58.51 > Pipe properties:
13.58.51 > {'len': 0.168, 'dim': 0.0278}
13.58.51 > Getting linear pressure drop for pipe with ID 8375...
13.58.51 > Linear pressure drop: 0.001 m
13.58.51 ==> Pressure after component ID 8375: 1.706 m
13.58.51 > Getting local pressure drop for connection with ID 5434...
13.58.51 > Getting fitting properties for fitting with ID 5434...
13.58.51 > Fitting properties:
13.58.51 > {'dim': (0.025, 0.025), 'dir': {'incoming_unit_vector': (0.0, 0.0, -1.0), 'outgoing_unit_vector': (-1.0, 0.0, 0.0), 'direction_change_angle': 90.0}, 'type': 'BEND'}
13.58.51 > Local pressure drop: 0.009 m
13.58.51 ==> Pressure after component ID 5434: 1.697 m
13.58.51 > Getting pipe properties for pipe with ID 5376...
13.58.51 > Pipe properties:
13.58.51 > {'len': 0.696, 'dim': 0.0278}
13.58.51 > Getting linear pressure drop for pipe with ID 5376...
13.58.51 > Linear pressure drop: 0.005 m
13.58.51 ==> Pressure after component ID 5376: 1.692 m
13.58.51 > Getting local pressure drop for connection with ID 6943...
13.58.51 > Getting fitting properties for fitting with ID 6943...
13.58.51 > Fitting properties:
13.58.51 > {'dim': (0.025, 0.025), 'dir': {'incoming_unit_vector': (-1.0, 0.0, 0.0), 'outgoing_unit_vector': (0.0, 0.0, 1.0), 'direction_change_angle': 90.0}, 'type': 'JUNCTION'}
13.58.51 > JUNCTION with 90.0° angle: using coefficient 2.4
13.58.51 > Local pressure drop: 0.085 m
13.58.51 ==> Pressure after component ID 6943: 1.608 m
13.58.51 > Getting pipe properties for pipe with ID 4574...
13.58.51 > Pipe properties:
13.58.51 > {'len': 0.87, 'dim': 0.0278}
13.58.51 > Getting linear pressure drop for pipe with ID 4574...
13.58.51 > Linear pressure drop: 0.031 m
13.58.51 ==> Pressure after component ID 4574: 1.577 m
13.58.51 > Getting local pressure drop for connection with ID 8087...
13.58.51 > Getting valve properties for valve with ID 8087...
13.58.51 > Valve properties:
13.58.51 > {'dim': (0.025, 0.025), 'dir': {'incoming_unit_vector': (0.0, 0.0, 1.0), 'outgoing_unit_vector': (0.0, 0.0, 1.0), 'direction_change_angle': 0.0}, 'type': 'ISOLATING'}
13.58.51 > Local pressure drop: 0.007 m
13.58.51 ==> Pressure after component ID 8087: 1.57 m
13.58.51 > Getting pipe properties for pipe with ID 8107...
13.58.51 > Pipe properties:
13.58.51 > {'len': 1.664, 'dim': 0.0278}
13.58.51 > Getting linear pressure drop for pipe with ID 8107...
13.58.51 > Linear pressure drop: 0.059 m
13.58.51 ==> Pressure after component ID 8107: 1.511 m
13.58.51 > Getting local pressure drop for connection with ID 5357...
13.58.51 > Getting fitting properties for fitting with ID 5357...
13.58.51 > Fitting properties:
13.58.51 > {'dim': (0.025, 0.025), 'dir': {'incoming_unit_vector': (0.0, 0.0, 1.0), 'outgoing_unit_vector': (0.0, -1.0, 0.0), 'direction_change_angle': 90.0}, 'type': 'BEND'}
13.58.51 > Local pressure drop: 0.042 m
13.58.51 ==> Pressure after component ID 5357: 1.469 m
13.58.51 > Getting pipe properties for pipe with ID 8398...
13.58.51 > Pipe properties:
13.58.51 > {'len': 0.549, 'dim': 0.0278}
13.58.51 > Getting linear pressure drop for pipe with ID 8398...
13.58.51 > Linear pressure drop: 0.019 m
13.58.51 ==> Pressure after component ID 8398: 1.449 m
13.58.51 ====================================================================================================
13.58.51 > Available pressure at the sanitary terminal 5423 - Type: SHOWER:
13.58.51 > 1.449 m
13.58.51 ====================================================================================================
13.58.51 > Getting available pressure at sanitary terminal with ID 6986...
13.58.51 > Tank height: 3.895 m
13.58.51 > Terminal height: 0.9 m
13.58.51 > Initial pressure from gravity potential: 2.995 m
13.58.51 ----------------------------------------------------------------------------------------------------
13.58.51 > Getting local pressure drop for connection with ID 17772...
13.58.51 > Getting fitting properties for fitting with ID 17772...
13.58.51 > Fitting properties:
13.58.51 > {'dim': (0.025, 0.025), 'dir': {'incoming_unit_vector': (0.0, 1.0, 0.0), 'outgoing_unit_vector': (0.0, 0.0, -1.0), 'direction_change_angle': 90.0}, 'type': 'EXIT'}
13.58.51 > Local pressure drop: 0.005 m
13.58.51 ==> Pressure after component ID 17772: 2.99 m
13.58.51 > Getting pipe properties for pipe with ID 7037...
13.58.51 > Pipe properties:
13.58.51 > {'len': 0.419, 'dim': 0.0278}
13.58.51 > Getting linear pressure drop for pipe with ID 7037...
13.58.51 > Linear pressure drop: 0.002 m
13.58.51 ==> Pressure after component ID 7037: 2.988 m
13.58.51 > Getting local pressure drop for connection with ID 7020...
13.58.51 > Getting fitting properties for fitting with ID 7020...
13.58.51 > Fitting properties:
13.58.51 > {'dim': (0.025, 0.025), 'dir': {'incoming_unit_vector': (1.0, 0.0, 0.0), 'outgoing_unit_vector': (1.0, 0.0, 0.0), 'direction_change_angle': 0.0}, 'type': 'JUNCTION'}
13.58.51 > JUNCTION with 0.0° angle: using coefficient 0.9
13.58.51 > Local pressure drop: 0.013 m
13.58.51 ==> Pressure after component ID 7020: 2.975 m
13.58.51 > Getting pipe properties for pipe with ID 6962...
13.58.51 > Pipe properties:
13.58.51 > {'len': 0.118, 'dim': 0.0278}
13.58.51 > Getting linear pressure drop for pipe with ID 6962...
13.58.51 > Linear pressure drop: 0.002 m
13.58.51 ==> Pressure after component ID 6962: 2.973 m
13.58.51 > Getting local pressure drop for connection with ID 6943...
13.58.51 > Getting fitting properties for fitting with ID 6943...
13.58.51 > Fitting properties:
13.58.51 > {'dim': (0.025, 0.025), 'dir': {'incoming_unit_vector': (1.0, 0.0, 0.0), 'outgoing_unit_vector': (0.0, 0.0, 1.0), 'direction_change_angle': 90.0}, 'type': 'JUNCTION'}
13.58.51 > JUNCTION with 90.0° angle: using coefficient 2.4
13.58.51 > Local pressure drop: 0.085 m
13.58.51 ==> Pressure after component ID 6943: 2.889 m
13.58.51 > Getting pipe properties for pipe with ID 4574...
13.58.51 > Pipe properties:
13.58.51 > {'len': 0.87, 'dim': 0.0278}
13.58.51 > Getting linear pressure drop for pipe with ID 4574...
13.58.51 > Linear pressure drop: 0.031 m
13.58.51 ==> Pressure after component ID 4574: 2.858 m
13.58.51 > Getting local pressure drop for connection with ID 8087...
13.58.51 > Getting valve properties for valve with ID 8087...
13.58.51 > Valve properties:
13.58.51 > {'dim': (0.025, 0.025), 'dir': {'incoming_unit_vector': (0.0, 0.0, 1.0), 'outgoing_unit_vector': (0.0, 0.0, 1.0), 'direction_change_angle': 0.0}, 'type': 'ISOLATING'}
13.58.51 > Local pressure drop: 0.007 m
13.58.51 ==> Pressure after component ID 8087: 2.851 m
13.58.51 > Getting pipe properties for pipe with ID 8107...
13.58.51 > Pipe properties:
13.58.51 > {'len': 1.664, 'dim': 0.0278}
13.58.51 > Getting linear pressure drop for pipe with ID 8107...
13.58.51 > Linear pressure drop: 0.059 m
13.58.51 ==> Pressure after component ID 8107: 2.792 m
13.58.51 > Getting local pressure drop for connection with ID 5357...
13.58.51 > Getting fitting properties for fitting with ID 5357...
13.58.51 > Fitting properties:
13.58.51 > {'dim': (0.025, 0.025), 'dir': {'incoming_unit_vector': (0.0, 0.0, 1.0), 'outgoing_unit_vector': (0.0, -1.0, 0.0), 'direction_change_angle': 90.0}, 'type': 'BEND'}
13.58.51 > Local pressure drop: 0.042 m
13.58.51 ==> Pressure after component ID 5357: 2.75 m
13.58.51 > Getting pipe properties for pipe with ID 8398...
13.58.51 > Pipe properties:
13.58.51 > {'len': 0.549, 'dim': 0.0278}
13.58.51 > Getting linear pressure drop for pipe with ID 8398...
13.58.51 > Linear pressure drop: 0.019 m
13.58.51 ==> Pressure after component ID 8398: 2.73 m
13.58.51 ====================================================================================================
13.58.51 > Available pressure at the sanitary terminal 6986 - Type: WASHHANDBASIN:
13.58.51 > 2.73 m
13.58.51 ====================================================================================================
13.58.51 > Getting available pressure at sanitary terminal with ID 7061...
13.58.51 > Tank height: 3.895 m
13.58.51 > Terminal height: 0.2 m
13.58.51 > Initial pressure from gravity potential: 3.695 m
13.58.51 ----------------------------------------------------------------------------------------------------
13.58.51 > Getting local pressure drop for connection with ID 7848...
13.58.51 > Getting fitting properties for fitting with ID 7848...
13.58.51 > Fitting properties:
13.58.51 > {'dim': (0.025, 0.025), 'dir': {'incoming_unit_vector': (0.0, 1.0, 0.0), 'outgoing_unit_vector': (0.0, 0.0, -1.0), 'direction_change_angle': 90.0}, 'type': 'EXIT'}
13.58.51 > Local pressure drop: 0.005 m
13.58.51 ==> Pressure after component ID 7848: 3.69 m
13.58.51 > Getting pipe properties for pipe with ID 7003...
13.58.51 > Pipe properties:
13.58.51 > {'len': 0.67, 'dim': 0.0278}
13.58.51 > Getting linear pressure drop for pipe with ID 7003...
13.58.51 > Linear pressure drop: 0.003 m
13.58.51 ==> Pressure after component ID 7003: 3.687 m
13.58.51 > Getting local pressure drop for connection with ID 7020...
13.58.51 > Getting fitting properties for fitting with ID 7020...
13.58.51 > Fitting properties:
13.58.51 > {'dim': (0.025, 0.025), 'dir': {'incoming_unit_vector': (0.0, 0.0, 1.0), 'outgoing_unit_vector': (1.0, 0.0, 0.0), 'direction_change_angle': 90.0}, 'type': 'JUNCTION'}
13.58.51 > JUNCTION with 90.0° angle: using coefficient 2.4
13.58.51 > Local pressure drop: 0.035 m
13.58.51 ==> Pressure after component ID 7020: 3.652 m
13.58.51 > Getting pipe properties for pipe with ID 6962...
13.58.51 > Pipe properties:
13.58.51 > {'len': 0.118, 'dim': 0.0278}
13.58.51 > Getting linear pressure drop for pipe with ID 6962...
13.58.51 > Linear pressure drop: 0.002 m
13.58.51 ==> Pressure after component ID 6962: 3.651 m
13.58.51 > Getting local pressure drop for connection with ID 6943...
13.58.51 > Getting fitting properties for fitting with ID 6943...
13.58.51 > Fitting properties:
13.58.51 > {'dim': (0.025, 0.025), 'dir': {'incoming_unit_vector': (1.0, 0.0, 0.0), 'outgoing_unit_vector': (0.0, 0.0, 1.0), 'direction_change_angle': 90.0}, 'type': 'JUNCTION'}
13.58.51 > JUNCTION with 90.0° angle: using coefficient 2.4
13.58.51 > Local pressure drop: 0.085 m
13.58.51 ==> Pressure after component ID 6943: 3.566 m
13.58.51 > Getting pipe properties for pipe with ID 4574...
13.58.51 > Pipe properties:
13.58.51 > {'len': 0.87, 'dim': 0.0278}
13.58.51 > Getting linear pressure drop for pipe with ID 4574...
13.58.51 > Linear pressure drop: 0.031 m
13.58.51 ==> Pressure after component ID 4574: 3.535 m
13.58.51 > Getting local pressure drop for connection with ID 8087...
13.58.51 > Getting valve properties for valve with ID 8087...
13.58.51 > Valve properties:
13.58.51 > {'dim': (0.025, 0.025), 'dir': {'incoming_unit_vector': (0.0, 0.0, 1.0), 'outgoing_unit_vector': (0.0, 0.0, 1.0), 'direction_change_angle': 0.0}, 'type': 'ISOLATING'}
13.58.51 > Local pressure drop: 0.007 m
13.58.51 ==> Pressure after component ID 8087: 3.528 m
13.58.51 > Getting pipe properties for pipe with ID 8107...
13.58.51 > Pipe properties:
13.58.51 > {'len': 1.664, 'dim': 0.0278}
13.58.51 > Getting linear pressure drop for pipe with ID 8107...
13.58.51 > Linear pressure drop: 0.059 m
13.58.51 ==> Pressure after component ID 8107: 3.469 m
13.58.51 > Getting local pressure drop for connection with ID 5357...
13.58.51 > Getting fitting properties for fitting with ID 5357...
13.58.51 > Fitting properties:
13.58.51 > {'dim': (0.025, 0.025), 'dir': {'incoming_unit_vector': (0.0, 0.0, 1.0), 'outgoing_unit_vector': (0.0, -1.0, 0.0), 'direction_change_angle': 90.0}, 'type': 'BEND'}
13.58.51 > Local pressure drop: 0.042 m
13.58.51 ==> Pressure after component ID 5357: 3.427 m
13.58.51 > Getting pipe properties for pipe with ID 8398...
13.58.51 > Pipe properties:
13.58.51 > {'len': 0.549, 'dim': 0.0278}
13.58.51 > Getting linear pressure drop for pipe with ID 8398...
13.58.51 > Linear pressure drop: 0.019 m
13.58.51 ==> Pressure after component ID 8398: 3.408 m
13.58.51 ====================================================================================================
13.58.51 > Available pressure at the sanitary terminal 7061 - Type: WCSEAT:
13.58.51 > 3.408 m
13.58.51 ====================================================================================================
